Archive member included to satisfy reference by file (symbol)

..\USART\libusart.a(usart.c.obj)
                              CMakeFiles/run.dir/main.c.obj (UART_NOTE_LEN)
..\Control\libcontrol.a(control.c.obj)
                              CMakeFiles/run.dir/main.c.obj (HW_Port_Init)
..\Control\libcontrol.a(control_task.c.obj)
                              ..\Control\libcontrol.a(control.c.obj) (Task_Choose)
..\PWM\libpwm.a(pwm.c.obj)    CMakeFiles/run.dir/main.c.obj (PWM_Init)
..\IIC\OLED\liboled.a(OLED.c.obj)
                              CMakeFiles/run.dir/main.c.obj (OLED_Update)
..\IIC\OLED\liboled.a(OLED_Data.c.obj)
                              ..\IIC\OLED\liboled.a(OLED.c.obj) (OLED_CF16x16)
..\IIC\libi2c.a(i2clib.c.obj)
                              ..\IIC\OLED\liboled.a(OLED.c.obj) (IIC_GPIO_Init)
C:/PROGRA~2/ARMGNU~1/133167~1.3RE/bin/../lib/gcc/arm-none-eabi/13.3.1/thumb/v6-m/nofp\libgcc.a(_dvmd_tls.o)
                              CMakeFiles/run.dir/C_/Users/ktkuru/Documents/Pico_SDK_v1.5.1/pico-sdk/src/rp2_common/pico_divider/divider.S.obj (__aeabi_idiv0)
C:/PROGRA~2/ARMGNU~1/133167~1.3RE/bin/../lib/gcc/arm-none-eabi/13.3.1/thumb/v6-m/nofp\libg.a(libc_a-calloc.o)
                              CMakeFiles/run.dir/C_/Users/ktkuru/Documents/Pico_SDK_v1.5.1/pico-sdk/src/rp2_common/pico_malloc/pico_malloc.c.obj (calloc)
C:/PROGRA~2/ARMGNU~1/133167~1.3RE/bin/../lib/gcc/arm-none-eabi/13.3.1/thumb/v6-m/nofp\libg.a(libc_a-callocr.o)
                              C:/PROGRA~2/ARMGNU~1/133167~1.3RE/bin/../lib/gcc/arm-none-eabi/13.3.1/thumb/v6-m/nofp\libg.a(libc_a-calloc.o) (_calloc_r)
C:/PROGRA~2/ARMGNU~1/133167~1.3RE/bin/../lib/gcc/arm-none-eabi/13.3.1/thumb/v6-m/nofp\libg.a(libc_a-malloc.o)
                              CMakeFiles/run.dir/C_/Users/ktkuru/Documents/Pico_SDK_v1.5.1/pico-sdk/src/rp2_common/pico_malloc/pico_malloc.c.obj (malloc)
C:/PROGRA~2/ARMGNU~1/133167~1.3RE/bin/../lib/gcc/arm-none-eabi/13.3.1/thumb/v6-m/nofp\libg.a(libc_a-mallocr.o)
                              C:/PROGRA~2/ARMGNU~1/133167~1.3RE/bin/../lib/gcc/arm-none-eabi/13.3.1/thumb/v6-m/nofp\libg.a(libc_a-callocr.o) (_malloc_r)
C:/PROGRA~2/ARMGNU~1/133167~1.3RE/bin/../lib/gcc/arm-none-eabi/13.3.1/thumb/v6-m/nofp\libg.a(libc_a-mlock.o)
                              C:/PROGRA~2/ARMGNU~1/133167~1.3RE/bin/../lib/gcc/arm-none-eabi/13.3.1/thumb/v6-m/nofp\libg.a(libc_a-mallocr.o) (__malloc_lock)
C:/PROGRA~2/ARMGNU~1/133167~1.3RE/bin/../lib/gcc/arm-none-eabi/13.3.1/thumb/v6-m/nofp\libg.a(libc_a-realloc.o)
                              CMakeFiles/run.dir/C_/Users/ktkuru/Documents/Pico_SDK_v1.5.1/pico-sdk/src/rp2_common/pico_malloc/pico_malloc.c.obj (realloc)
C:/PROGRA~2/ARMGNU~1/133167~1.3RE/bin/../lib/gcc/arm-none-eabi/13.3.1/thumb/v6-m/nofp\libg.a(libc_a-reallocr.o)
                              C:/PROGRA~2/ARMGNU~1/133167~1.3RE/bin/../lib/gcc/arm-none-eabi/13.3.1/thumb/v6-m/nofp\libg.a(libc_a-realloc.o) (_realloc_r)
C:/PROGRA~2/ARMGNU~1/133167~1.3RE/bin/../lib/gcc/arm-none-eabi/13.3.1/thumb/v6-m/nofp\libg.a(libc_a-vsprintf.o)
                              ..\IIC\OLED\liboled.a(OLED.c.obj) (vsprintf)
C:/PROGRA~2/ARMGNU~1/133167~1.3RE/bin/../lib/gcc/arm-none-eabi/13.3.1/thumb/v6-m/nofp\libg.a(libc_a-memmove.o)
                              C:/PROGRA~2/ARMGNU~1/133167~1.3RE/bin/../lib/gcc/arm-none-eabi/13.3.1/thumb/v6-m/nofp\libg.a(libc_a-reallocr.o) (memmove)
C:/PROGRA~2/ARMGNU~1/133167~1.3RE/bin/../lib/gcc/arm-none-eabi/13.3.1/thumb/v6-m/nofp\libg.a(libc_a-impure.o)
                              C:/PROGRA~2/ARMGNU~1/133167~1.3RE/bin/../lib/gcc/arm-none-eabi/13.3.1/thumb/v6-m/nofp\libg.a(libc_a-calloc.o) (_impure_ptr)
C:/PROGRA~2/ARMGNU~1/133167~1.3RE/bin/../lib/gcc/arm-none-eabi/13.3.1/thumb/v6-m/nofp\libg.a(libc_a-sbrkr.o)
                              C:/PROGRA~2/ARMGNU~1/133167~1.3RE/bin/../lib/gcc/arm-none-eabi/13.3.1/thumb/v6-m/nofp\libg.a(libc_a-mallocr.o) (_sbrk_r)
C:/PROGRA~2/ARMGNU~1/133167~1.3RE/bin/../lib/gcc/arm-none-eabi/13.3.1/thumb/v6-m/nofp\libg.a(libc_a-errno.o)
                              C:/PROGRA~2/ARMGNU~1/133167~1.3RE/bin/../lib/gcc/arm-none-eabi/13.3.1/thumb/v6-m/nofp\libg.a(libc_a-callocr.o) (__errno)
C:/PROGRA~2/ARMGNU~1/133167~1.3RE/bin/../lib/gcc/arm-none-eabi/13.3.1/thumb/v6-m/nofp\libg.a(libc_a-init.o)
                              C:/PROGRA~2/ARMGNU~1/133167~1.3RE/bin/../lib/gcc/arm-none-eabi/13.3.1/thumb/v6-m/nofp/crt0.o (__libc_init_array)
C:/PROGRA~2/ARMGNU~1/133167~1.3RE/bin/../lib/gcc/arm-none-eabi/13.3.1/thumb/v6-m/nofp\libg.a(libc_a-lock.o)
                              C:/PROGRA~2/ARMGNU~1/133167~1.3RE/bin/../lib/gcc/arm-none-eabi/13.3.1/thumb/v6-m/nofp\libg.a(libc_a-mlock.o) (__retarget_lock_acquire_recursive)
C:/PROGRA~2/ARMGNU~1/133167~1.3RE/bin/../lib/gcc/arm-none-eabi/13.3.1/thumb/v6-m/nofp\libg.a(libc_a-sysconf.o)
                              C:/PROGRA~2/ARMGNU~1/133167~1.3RE/bin/../lib/gcc/arm-none-eabi/13.3.1/thumb/v6-m/nofp\libg.a(libc_a-mallocr.o) (sysconf)
[...]
Memory Configuration

Name             Origin             Length             Attributes
FLASH            0x10000000         0x00200000         xr
RAM              0x20000000         0x00040000         xrw
SCRATCH_X        0x20040000         0x00001000         xrw
SCRATCH_Y        0x20041000         0x00001000         xrw
*default*        0x00000000         0xffffffff

Linker script and memory map

LOAD C:/PROGRA~2/ARMGNU~1/133167~1.3RE/bin/../lib/gcc/arm-none-eabi/13.3.1/thumb/v6-m/nofp/crti.o
LOAD C:/PROGRA~2/ARMGNU~1/133167~1.3RE/bin/../lib/gcc/arm-none-eabi/13.3.1/thumb/v6-m/nofp/crtbegin.o
LOAD C:/PROGRA~2/ARMGNU~1/133167~1.3RE/bin/../lib/gcc/arm-none-eabi/13.3.1/thumb/v6-m/nofp/crt0.o

.flash_begin    0x10000000        0x0
                0x10000000                        __flash_binary_start = .

.boot2          0x10000000      0x100
                0x10000000                        __boot2_start__ = .
 *(.boot2)
 .boot2         0x10000000      0x100 C:\Users\ktkuru\AppData\Local\Temp\ccYn98Ln.o
                0x10000100                        __boot2_end__ = .
                0x00000001                        ASSERT (((__boot2_end__ - __boot2_start__) == 0x100), ERROR: Pico second stage bootloader must be 256 bytes in size)

.text           0x10000100     0xc240
                0x10000100                        __logical_binary_start = .
 *(.vectors)
 .vectors       0x10000100       0xd4 CMakeFiles/run.dir/C_/Users/ktkuru/Documents/Pico_SDK_v1.5.1/pico-sdk/src/rp2_common/pico_standard_link/crt0.S.obj
                0x10000100                __VECTOR_TABLE
                0x10000100                __vectors
                0x100001c0                isr_invalid
                0x100001c0                __default_isrs_start
                0x100001c2                isr_nmi
                0x100001c4                isr_hardfault
                0x100001c6                isr_svcall
                0x100001c8                isr_pendsv
                0x100001ca                isr_systick
                0x100001cc                isr_irq23
                0x100001cc                isr_irq18
                0x100001cc                isr_irq11
                0x100001cc                isr_irq28
                0x100001cc                isr_irq19
                0x100001cc                isr_irq0
                0x100001cc                isr_irq6
                0x100001cc                isr_irq5
                0x100001cc                isr_irq12
                0x100001cc                isr_irq22
                0x100001cc                isr_irq31
                0x100001cc                isr_irq17
                0x100001cc                isr_irq27
                0x100001cc                isr_irq30
                0x100001cc                isr_irq2
                0x100001cc                isr_irq10
                0x100001cc                isr_irq8
                0x100001cc                isr_irq24
                0x100001cc                isr_irq1
                0x100001cc                isr_irq7
                0x100001cc                isr_irq21
                0x100001cc                isr_irq20
                0x100001cc                isr_irq15
                0x100001cc                isr_irq25
                0x100001cc                isr_irq13
                0x100001cc                __unhandled_user_irq
                0x100001cc                isr_irq4
                0x100001cc                isr_irq16
                0x100001cc                isr_irq29
                0x100001cc                isr_irq26
                0x100001cc                __default_isrs_end
                0x100001cc                isr_irq3
                0x100001cc                isr_irq14
                0x100001cc                isr_irq9
                0x100001d2                unhandled_user_irq_num_in_r0
 *(.binary_info_header)
 .binary_info_header
                0x100001d4       0x14 CMakeFiles/run.dir/C_/Users/ktkuru/Documents/Pico_SDK_v1.5.1/pico-sdk/src/rp2_common/pico_standard_link/crt0.S.obj
                0x100001e8                        __binary_info_header_end = .
 *(.reset)
 .reset         0x100001e8       0xa0 CMakeFiles/run.dir/C_/Users/ktkuru/Documents/Pico_SDK_v1.5.1/pico-sdk/src/rp2_common/pico_standard_link/crt0.S.obj
                0x100001e8                _entry_point
 .reset         0x10000288       0x30 CMakeFiles/run.dir/C_/Users/ktkuru/Documents/Pico_SDK_v1.5.1/pico-sdk/src/rp2_common/pico_standard_link/binary_info.c.obj
 *(.init)
 .init          0x100002b8        0x4 C:/PROGRA~2/ARMGNU~1/133167~1.3RE/bin/../lib/gcc/arm-none-eabi/13.3.1/thumb/v6-m/nofp/crti.o
                0x100002b8                _init
 *(EXCLUDE_FILE(*libm.a: *libc.a:*lib_a-mem*.o *libgcc.a:) .text*)
 .text.register_tm_clones
                0x100002bc       0x28 C:/PROGRA~2/ARMGNU~1/133167~1.3RE/bin/../lib/gcc/arm-none-eabi/13.3.1/thumb/v6-m/nofp/crtbegin.o
 .text.frame_dummy
                0x100002e4       0x24 C:/PROGRA~2/ARMGNU~1/133167~1.3RE/bin/../lib/gcc/arm-none-eabi/13.3.1/thumb/v6-m/nofp/crtbegin.o
 .text.core1_main
                0x10000308       0x68 CMakeFiles/run.dir/main.c.obj
                0x10000308                core1_main
 .text.main     0x10000370       0x1c CMakeFiles/run.dir/main.c.obj
                0x10000370                main
 .text.gpio_set_function
                0x1000038c       0x30 CMakeFiles/run.dir/C_/Users/ktkuru/Documents/Pico_SDK_v1.5.1/pico-sdk/src/rp2_common/hardware_gpio/gpio.c.obj
                0x1000038c                gpio_set_function
 .text.gpio_set_pulls
                0x100003bc       0x34 CMakeFiles/run.dir/C_/Users/ktkuru/Documents/Pico_SDK_v1.5.1/pico-sdk/src/rp2_common/hardware_gpio/gpio.c.obj
                0x100003bc                gpio_set_pulls
 .text.gpio_set_irq_callback
                0x100003f0       0x48 CMakeFiles/run.dir/C_/Users/ktkuru/Documents/Pico_SDK_v1.5.1/pico-sdk/src/rp2_common/hardware_gpio/gpio.c.obj
                0x100003f0                gpio_set_irq_callback
 .text.gpio_acknowledge_irq
                0x10000438       0x18 CMakeFiles/run.dir/C_/Users/ktkuru/Documents/Pico_SDK_v1.5.1/pico-sdk/src/rp2_common/hardware_gpio/gpio.c.obj
                0x10000438                gpio_acknowledge_irq
 .text._gpio_set_irq_enabled
                0x10000450       0x34 CMakeFiles/run.dir/C_/Users/ktkuru/Documents/Pico_SDK_v1.5.1/pico-sdk/src/rp2_common/hardware_gpio/gpio.c.obj
 .text.gpio_set_irq_enabled
                0x10000484       0x20 CMakeFiles/run.dir/C_/Users/ktkuru/Documents/Pico_SDK_v1.5.1/pico-sdk/src/rp2_common/hardware_gpio/gpio.c.obj
                0x10000484                gpio_set_irq_enabled
 .text.gpio_set_irq_enabled_with_callback
                0x100004a4       0x20 CMakeFiles/run.dir/C_/Users/ktkuru/Documents/Pico_SDK_v1.5.1/pico-sdk/src/rp2_common/hardware_gpio/gpio.c.obj
                0x100004a4                gpio_set_irq_enabled_with_callback
 .text.gpio_default_irq_handler
                0x100004c4       0x98 CMakeFiles/run.dir/C_/Users/ktkuru/Documents/Pico_SDK_v1.5.1/pico-sdk/src/rp2_common/hardware_gpio/gpio.c.obj
 .text.gpio_init
                0x1000055c       0x16 CMakeFiles/run.dir/C_/Users/ktkuru/Documents/Pico_SDK_v1.5.1/pico-sdk/src/rp2_common/hardware_gpio/gpio.c.obj
                0x1000055c                gpio_init
 *fill*         0x10000572        0x2 
 .text.running_on_fpga
                0x10000574       0x14 CMakeFiles/run.dir/C_/Users/ktkuru/Documents/Pico_SDK_v1.5.1/pico-sdk/src/rp2_common/pico_platform/platform.c.obj
                0x10000574                running_on_fpga
 .text.hw_claim_lock
                0x10000588       0x18 CMakeFiles/run.dir/C_/Users/ktkuru/Documents/Pico_SDK_v1.5.1/pico-sdk/src/rp2_common/hardware_claim/claim.c.obj
                0x10000588                hw_claim_lock
 .text.hw_claim_unlock
                0x100005a0       0x14 CMakeFiles/run.dir/C_/Users/ktkuru/Documents/Pico_SDK_v1.5.1/pico-sdk/src/rp2_common/hardware_claim/claim.c.obj
                0x100005a0                hw_claim_unlock
 .text.hw_claim_or_assert
                0x100005b4       0x32 CMakeFiles/run.dir/C_/Users/ktkuru/Documents/Pico_SDK_v1.5.1/pico-sdk/src/rp2_common/hardware_claim/claim.c.obj
                0x100005b4                hw_claim_or_assert
 .text.hw_claim_unused_from_range
                0x100005e6       0x50 CMakeFiles/run.dir/C_/Users/ktkuru/Documents/Pico_SDK_v1.5.1/pico-sdk/src/rp2_common/hardware_claim/claim.c.obj
                0x100005e6                hw_claim_unused_from_range
 *fill*         0x10000636        0x2 
 .text.spin_locks_reset
                0x10000638       0x20 CMakeFiles/run.dir/C_/Users/ktkuru/Documents/Pico_SDK_v1.5.1/pico-sdk/src/rp2_common/hardware_sync/sync.c.obj
                0x10000638                spin_locks_reset
 .text.next_striped_spin_lock_num
                0x10000658       0x1c CMakeFiles/run.dir/C_/Users/ktkuru/Documents/Pico_SDK_v1.5.1/pico-sdk/src/rp2_common/hardware_sync/sync.c.obj
                0x10000658                next_striped_spin_lock_num
 .text.spin_lock_claim_unused
                0x10000674       0x24 CMakeFiles/run.dir/C_/Users/ktkuru/Documents/Pico_SDK_v1.5.1/pico-sdk/src/rp2_common/hardware_sync/sync.c.obj
                0x10000674                spin_lock_claim_unused
 .text.set_raw_irq_handler_and_unlock
                0x10000698       0x28 CMakeFiles/run.dir/C_/Users/ktkuru/Documents/Pico_SDK_v1.5.1/pico-sdk/src/rp2_common/hardware_irq/irq.c.obj
 .text.resolve_branch
                0x100006c0       0x30 CMakeFiles/run.dir/C_/Users/ktkuru/Documents/Pico_SDK_v1.5.1/pico-sdk/src/rp2_common/hardware_irq/irq.c.obj
 .text.make_branch
                0x100006f0       0x48 CMakeFiles/run.dir/C_/Users/ktkuru/Documents/Pico_SDK_v1.5.1/pico-sdk/src/rp2_common/hardware_irq/irq.c.obj
 .text.insert_branch_and_link
                0x10000738       0x40 CMakeFiles/run.dir/C_/Users/ktkuru/Documents/Pico_SDK_v1.5.1/pico-sdk/src/rp2_common/hardware_irq/irq.c.obj
 .text.irq_is_enabled
                0x10000778       0x18 CMakeFiles/run.dir/C_/Users/ktkuru/Documents/Pico_SDK_v1.5.1/pico-sdk/src/rp2_common/hardware_irq/irq.c.obj
                0x10000778                irq_is_enabled
 .text.irq_set_mask_enabled
                0x10000790       0x20 CMakeFiles/run.dir/C_/Users/ktkuru/Documents/Pico_SDK_v1.5.1/pico-sdk/src/rp2_common/hardware_irq/irq.c.obj
                0x10000790                irq_set_mask_enabled
 .text.irq_set_enabled
                0x100007b0        0xe CMakeFiles/run.dir/C_/Users/ktkuru/Documents/Pico_SDK_v1.5.1/pico-sdk/src/rp2_common/hardware_irq/irq.c.obj
                0x100007b0                irq_set_enabled
 *fill*         0x100007be        0x2 
 .text.irq_set_pending
                0x100007c0       0x10 CMakeFiles/run.dir/C_/Users/ktkuru/Documents/Pico_SDK_v1.5.1/pico-sdk/src/rp2_common/hardware_irq/irq.c.obj
                0x100007c0                irq_set_pending
 .text.irq_get_vtable_handler
                0x100007d0       0x10 CMakeFiles/run.dir/C_/Users/ktkuru/Documents/Pico_SDK_v1.5.1/pico-sdk/src/rp2_common/hardware_irq/irq.c.obj
                0x100007d0                irq_get_vtable_handler
 .text.irq_has_shared_handler
                0x100007e0       0x24 CMakeFiles/run.dir/C_/Users/ktkuru/Documents/Pico_SDK_v1.5.1/pico-sdk/src/rp2_common/hardware_irq/irq.c.obj
                0x100007e0                irq_has_shared_handler
 .text.irq_set_exclusive_handler
                0x10000804       0x54 CMakeFiles/run.dir/C_/Users/ktkuru/Documents/Pico_SDK_v1.5.1/pico-sdk/src/rp2_common/hardware_irq/irq.c.obj
                0x10000804                irq_set_exclusive_handler
 .text.irq_add_shared_handler
                0x10000858      0x210 CMakeFiles/run.dir/C_/Users/ktkuru/Documents/Pico_SDK_v1.5.1/pico-sdk/src/rp2_common/hardware_irq/irq.c.obj
                0x10000858                irq_add_shared_handler
 .text.irq_remove_handler
                0x10000a68      0x188 CMakeFiles/run.dir/C_/Users/ktkuru/Documents/Pico_SDK_v1.5.1/pico-sdk/src/rp2_common/hardware_irq/irq.c.obj
                0x10000a68                irq_remove_handler
 .text.irq_add_tail_to_free_list
                0x10000bf0       0xf0 CMakeFiles/run.dir/C_/Users/ktkuru/Documents/Pico_SDK_v1.5.1/pico-sdk/src/rp2_common/hardware_irq/irq.c.obj
                0x10000bf0                irq_add_tail_to_free_list
 .text.irq_init_priorities
                0x10000ce0       0x1c CMakeFiles/run.dir/C_/Users/ktkuru/Documents/Pico_SDK_v1.5.1/pico-sdk/src/rp2_common/hardware_irq/irq.c.obj
                0x10000ce0                irq_init_priorities
 .text.user_irq_claim_unused
                0x10000cfc       0x2c CMakeFiles/run.dir/C_/Users/ktkuru/Documents/Pico_SDK_v1.5.1/pico-sdk/src/rp2_common/hardware_irq/irq.c.obj
                0x10000cfc                user_irq_claim_unused
 .text.lock_init
                0x10000d28       0x10 CMakeFiles/run.dir/C_/Users/ktkuru/Documents/Pico_SDK_v1.5.1/pico-sdk/src/common/pico_sync/lock_core.c.obj
                0x10000d28                lock_init
 .text.update_us_since_boot
                0x10000d38       0x24 CMakeFiles/run.dir/C_/Users/ktkuru/Documents/Pico_SDK_v1.5.1/pico-sdk/src/common/pico_sync/mutex.c.obj
 .text.delayed_by_ms
                0x10000d5c       0x44 CMakeFiles/run.dir/C_/Users/ktkuru/Documents/Pico_SDK_v1.5.1/pico-sdk/src/common/pico_sync/mutex.c.obj
 .text.get_absolute_time
                0x10000da0       0x22 CMakeFiles/run.dir/C_/Users/ktkuru/Documents/Pico_SDK_v1.5.1/pico-sdk/src/common/pico_sync/mutex.c.obj
 .text.make_timeout_time_ms
                0x10000dc2       0x20 CMakeFiles/run.dir/C_/Users/ktkuru/Documents/Pico_SDK_v1.5.1/pico-sdk/src/common/pico_sync/mutex.c.obj
 .text.mutex_init
                0x10000de2       0x1a CMakeFiles/run.dir/C_/Users/ktkuru/Documents/Pico_SDK_v1.5.1/pico-sdk/src/common/pico_sync/mutex.c.obj
                0x10000de2                mutex_init
 .text.recursive_mutex_init
                0x10000dfc       0x1e CMakeFiles/run.dir/C_/Users/ktkuru/Documents/Pico_SDK_v1.5.1/pico-sdk/src/common/pico_sync/mutex.c.obj
                0x10000dfc                recursive_mutex_init
 *fill*         0x10000e1a        0x2 
 .text.critical_section_init_with_lock_num
                0x10000e1c       0x14 CMakeFiles/run.dir/C_/Users/ktkuru/Documents/Pico_SDK_v1.5.1/pico-sdk/src/common/pico_sync/critical_section.c.obj
                0x10000e1c                critical_section_init_with_lock_num
 .text.critical_section_init
                0x10000e30       0x14 CMakeFiles/run.dir/C_/Users/ktkuru/Documents/Pico_SDK_v1.5.1/pico-sdk/src/common/pico_sync/critical_section.c.obj
                0x10000e30                critical_section_init
 .text.time_reached
                0x10000e44       0x28 CMakeFiles/run.dir/C_/Users/ktkuru/Documents/Pico_SDK_v1.5.1/pico-sdk/src/common/pico_time/time.c.obj
 .text.get_entry
                0x10000e6c       0x38 CMakeFiles/run.dir/C_/Users/ktkuru/Documents/Pico_SDK_v1.5.1/pico-sdk/src/common/pico_time/time.c.obj
 .text.timer_pool_entry_comparator
                0x10000ea4       0x2e CMakeFiles/run.dir/C_/Users/ktkuru/Documents/Pico_SDK_v1.5.1/pico-sdk/src/common/pico_time/time.c.obj
                0x10000ea4                timer_pool_entry_comparator
 *fill*         0x10000ed2        0x2 
 .text.update_us_since_boot
                0x10000ed4       0x24 CMakeFiles/run.dir/C_/Users/ktkuru/Documents/Pico_SDK_v1.5.1/pico-sdk/src/common/pico_time/time.c.obj
 .text.delayed_by_us
                0x10000ef8       0x34 CMakeFiles/run.dir/C_/Users/ktkuru/Documents/Pico_SDK_v1.5.1/pico-sdk/src/common/pico_time/time.c.obj
 .text.ph_get_node
                0x10000f2c       0x30 CMakeFiles/run.dir/C_/Users/ktkuru/Documents/Pico_SDK_v1.5.1/pico-sdk/src/common/pico_time/time.c.obj
 .text.ph_contains_node
                0x10000f5c       0x1e CMakeFiles/run.dir/C_/Users/ktkuru/Documents/Pico_SDK_v1.5.1/pico-sdk/src/common/pico_time/time.c.obj
 .text.ph_new_node
                0x10000f7a       0x28 CMakeFiles/run.dir/C_/Users/ktkuru/Documents/Pico_SDK_v1.5.1/pico-sdk/src/common/pico_time/time.c.obj
 *fill*         0x10000fa2        0x2 
 .text.ph_add_child_node
                0x10000fa4       0x6c CMakeFiles/run.dir/C_/Users/ktkuru/Documents/Pico_SDK_v1.5.1/pico-sdk/src/common/pico_time/time.c.obj
 .text.ph_merge_nodes
                0x10001010       0x3e CMakeFiles/run.dir/C_/Users/ktkuru/Documents/Pico_SDK_v1.5.1/pico-sdk/src/common/pico_time/time.c.obj
 *fill*         0x1000104e        0x2 
 .text.ph_insert_node
                0x10001050       0x3c CMakeFiles/run.dir/C_/Users/ktkuru/Documents/Pico_SDK_v1.5.1/pico-sdk/src/common/pico_time/time.c.obj
 .text.ph_free_node
                0x1000108c       0x5c CMakeFiles/run.dir/C_/Users/ktkuru/Documents/Pico_SDK_v1.5.1/pico-sdk/src/common/pico_time/time.c.obj
 .text.get_entry_id_high
                0x100010e8       0x30 CMakeFiles/run.dir/C_/Users/ktkuru/Documents/Pico_SDK_v1.5.1/pico-sdk/src/common/pico_time/time.c.obj
 .text.alarm_pool_post_alloc_init
                0x10001118       0x40 CMakeFiles/run.dir/C_/Users/ktkuru/Documents/Pico_SDK_v1.5.1/pico-sdk/src/common/pico_time/time.c.obj
 .text.sleep_until_callback
                0x10001158       0x30 CMakeFiles/run.dir/C_/Users/ktkuru/Documents/Pico_SDK_v1.5.1/pico-sdk/src/common/pico_time/time.c.obj
 .text.get_absolute_time
                0x10001188       0x22 CMakeFiles/run.dir/C_/Users/ktkuru/Documents/Pico_SDK_v1.5.1/pico-sdk/src/common/pico_time/time.c.obj
 *fill*         0x100011aa        0x2 
 .text.add_alarm_under_lock
                0x100011ac       0x94 CMakeFiles/run.dir/C_/Users/ktkuru/Documents/Pico_SDK_v1.5.1/pico-sdk/src/common/pico_time/time.c.obj
 .text.alarm_pool_alarm_callback
                0x10001240      0x210 CMakeFiles/run.dir/C_/Users/ktkuru/Documents/Pico_SDK_v1.5.1/pico-sdk/src/common/pico_time/time.c.obj
 .text.alarm_pool_init_default
                0x10001450       0x40 CMakeFiles/run.dir/C_/Users/ktkuru/Documents/Pico_SDK_v1.5.1/pico-sdk/src/common/pico_time/time.c.obj
                0x10001450                alarm_pool_init_default
 .text.alarm_pool_get_default
                0x10001490       0x2c CMakeFiles/run.dir/C_/Users/ktkuru/Documents/Pico_SDK_v1.5.1/pico-sdk/src/common/pico_time/time.c.obj
                0x10001490                alarm_pool_get_default
 .text.alarm_pool_add_alarm_at
                0x100014bc      0x10e CMakeFiles/run.dir/C_/Users/ktkuru/Documents/Pico_SDK_v1.5.1/pico-sdk/src/common/pico_time/time.c.obj
                0x100014bc                alarm_pool_add_alarm_at
 .text.add_alarm_at
                0x100015ca       0x2e CMakeFiles/run.dir/C_/Users/ktkuru/Documents/Pico_SDK_v1.5.1/pico-sdk/src/common/pico_time/time.c.obj
 .text.alarm_pool_cancel_alarm
                0x100015f8       0xa8 CMakeFiles/run.dir/C_/Users/ktkuru/Documents/Pico_SDK_v1.5.1/pico-sdk/src/common/pico_time/time.c.obj
                0x100015f8                alarm_pool_cancel_alarm
 .text.cancel_alarm
                0x100016a0       0x10 CMakeFiles/run.dir/C_/Users/ktkuru/Documents/Pico_SDK_v1.5.1/pico-sdk/src/common/pico_time/time.c.obj
 .text.alarm_pool_core_num
                0x100016b0        0x4 CMakeFiles/run.dir/C_/Users/ktkuru/Documents/Pico_SDK_v1.5.1/pico-sdk/src/common/pico_time/time.c.obj
                0x100016b0                alarm_pool_core_num
 .text.best_effort_wfe_or_timeout
                0x100016b4       0x44 CMakeFiles/run.dir/C_/Users/ktkuru/Documents/Pico_SDK_v1.5.1/pico-sdk/src/common/pico_time/time.c.obj
                0x100016b4                best_effort_wfe_or_timeout
 .text.update_us_since_boot
                0x100016f8       0x24 CMakeFiles/run.dir/C_/Users/ktkuru/Documents/Pico_SDK_v1.5.1/pico-sdk/src/rp2_common/hardware_timer/timer.c.obj
 .text.hardware_alarm_irq_handler
                0x1000171c       0x8c CMakeFiles/run.dir/C_/Users/ktkuru/Documents/Pico_SDK_v1.5.1/pico-sdk/src/rp2_common/hardware_timer/timer.c.obj
 .text.hardware_alarm_claim
                0x100017a8       0x18 CMakeFiles/run.dir/C_/Users/ktkuru/Documents/Pico_SDK_v1.5.1/pico-sdk/src/rp2_common/hardware_timer/timer.c.obj
                0x100017a8                hardware_alarm_claim
 .text.time_us_64
                0x100017c0       0x18 CMakeFiles/run.dir/C_/Users/ktkuru/Documents/Pico_SDK_v1.5.1/pico-sdk/src/rp2_common/hardware_timer/timer.c.obj
                0x100017c0                time_us_64
 .text.busy_wait_until
                0x100017d8       0x28 CMakeFiles/run.dir/C_/Users/ktkuru/Documents/Pico_SDK_v1.5.1/pico-sdk/src/rp2_common/hardware_timer/timer.c.obj
                0x100017d8                busy_wait_until
 .text.busy_wait_us
                0x10001800       0x3a CMakeFiles/run.dir/C_/Users/ktkuru/Documents/Pico_SDK_v1.5.1/pico-sdk/src/rp2_common/hardware_timer/timer.c.obj
                0x10001800                busy_wait_us
 *fill*         0x1000183a        0x2 
 .text.hardware_alarm_set_callback
                0x1000183c       0x90 CMakeFiles/run.dir/C_/Users/ktkuru/Documents/Pico_SDK_v1.5.1/pico-sdk/src/rp2_common/hardware_timer/timer.c.obj
                0x1000183c                hardware_alarm_set_callback
 .text.hardware_alarm_set_target
                0x100018cc       0xe8 CMakeFiles/run.dir/C_/Users/ktkuru/Documents/Pico_SDK_v1.5.1/pico-sdk/src/rp2_common/hardware_timer/timer.c.obj
                0x100018cc                hardware_alarm_set_target
 .text.hardware_alarm_cancel
                0x100019b4       0x40 CMakeFiles/run.dir/C_/Users/ktkuru/Documents/Pico_SDK_v1.5.1/pico-sdk/src/rp2_common/hardware_timer/timer.c.obj
                0x100019b4                hardware_alarm_cancel
 .text.ph_get_node
                0x100019f4       0x30 CMakeFiles/run.dir/C_/Users/ktkuru/Documents/Pico_SDK_v1.5.1/pico-sdk/src/common/pico_util/pheap.c.obj
 .text.ph_add_child_node
                0x10001a24       0x6c CMakeFiles/run.dir/C_/Users/ktkuru/Documents/Pico_SDK_v1.5.1/pico-sdk/src/common/pico_util/pheap.c.obj
 .text.ph_merge_nodes
                0x10001a90       0x3e CMakeFiles/run.dir/C_/Users/ktkuru/Documents/Pico_SDK_v1.5.1/pico-sdk/src/common/pico_util/pheap.c.obj
 .text.ph_clear
                0x10001ace       0x34 CMakeFiles/run.dir/C_/Users/ktkuru/Documents/Pico_SDK_v1.5.1/pico-sdk/src/common/pico_util/pheap.c.obj
                0x10001ace                ph_clear
 .text.ph_post_alloc_init
                0x10001b02        0xe CMakeFiles/run.dir/C_/Users/ktkuru/Documents/Pico_SDK_v1.5.1/pico-sdk/src/common/pico_util/pheap.c.obj
                0x10001b02                ph_post_alloc_init
 .text.ph_merge_two_pass
                0x10001b10       0x5c CMakeFiles/run.dir/C_/Users/ktkuru/Documents/Pico_SDK_v1.5.1/pico-sdk/src/common/pico_util/pheap.c.obj
                0x10001b10                ph_merge_two_pass
 .text.ph_remove_any_head
                0x10001b6c       0xc0 CMakeFiles/run.dir/C_/Users/ktkuru/Documents/Pico_SDK_v1.5.1/pico-sdk/src/common/pico_util/pheap.c.obj
 .text.ph_remove_head
                0x10001c2c       0x14 CMakeFiles/run.dir/C_/Users/ktkuru/Documents/Pico_SDK_v1.5.1/pico-sdk/src/common/pico_util/pheap.c.obj
                0x10001c2c                ph_remove_head
 .text.ph_remove_and_free_node
                0x10001c40       0xa0 CMakeFiles/run.dir/C_/Users/ktkuru/Documents/Pico_SDK_v1.5.1/pico-sdk/src/common/pico_util/pheap.c.obj
                0x10001c40                ph_remove_and_free_node
 .text.uart_disable_before_lcr_write
                0x10001ce0       0x48 CMakeFiles/run.dir/C_/Users/ktkuru/Documents/Pico_SDK_v1.5.1/pico-sdk/src/rp2_common/hardware_uart/uart.c.obj
 .text.uart_write_lcr_bits_masked
                0x10001d28       0x22 CMakeFiles/run.dir/C_/Users/ktkuru/Documents/Pico_SDK_v1.5.1/pico-sdk/src/rp2_common/hardware_uart/uart.c.obj
 *fill*         0x10001d4a        0x2 
 .text.uart_set_baudrate
                0x10001d4c       0x5c CMakeFiles/run.dir/C_/Users/ktkuru/Documents/Pico_SDK_v1.5.1/pico-sdk/src/rp2_common/hardware_uart/uart.c.obj
                0x10001d4c                uart_set_baudrate
 .text.uart_set_format
                0x10001da8       0x2c CMakeFiles/run.dir/C_/Users/ktkuru/Documents/Pico_SDK_v1.5.1/pico-sdk/src/rp2_common/hardware_uart/uart.c.obj
                0x10001da8                uart_set_format
 .text.uart_set_translate_crlf
                0x10001dd4       0x28 CMakeFiles/run.dir/C_/Users/ktkuru/Documents/Pico_SDK_v1.5.1/pico-sdk/src/rp2_common/hardware_uart/uart.c.obj
                0x10001dd4                uart_set_translate_crlf
 .text.uart_init
                0x10001dfc       0x80 CMakeFiles/run.dir/C_/Users/ktkuru/Documents/Pico_SDK_v1.5.1/pico-sdk/src/rp2_common/hardware_uart/uart.c.obj
                0x10001dfc                uart_init
 .text.clock_configure
                0x10001e7c      0x108 CMakeFiles/run.dir/C_/Users/ktkuru/Documents/Pico_SDK_v1.5.1/pico-sdk/src/rp2_common/hardware_clocks/clocks.c.obj
                0x10001e7c                clock_configure
 .text.clocks_init
                0x10001f84      0x100 CMakeFiles/run.dir/C_/Users/ktkuru/Documents/Pico_SDK_v1.5.1/pico-sdk/src/rp2_common/hardware_clocks/clocks.c.obj
                0x10001f84                clocks_init
 .text.clock_get_hz
                0x10002084        0xc CMakeFiles/run.dir/C_/Users/ktkuru/Documents/Pico_SDK_v1.5.1/pico-sdk/src/rp2_common/hardware_clocks/clocks.c.obj
                0x10002084                clock_get_hz
 .text.pll_init
                0x10002090      0x120 CMakeFiles/run.dir/C_/Users/ktkuru/Documents/Pico_SDK_v1.5.1/pico-sdk/src/rp2_common/hardware_pll/pll.c.obj
                0x10002090                pll_init
 .text.watchdog_start_tick
                0x100021b0       0x10 CMakeFiles/run.dir/C_/Users/ktkuru/Documents/Pico_SDK_v1.5.1/pico-sdk/src/rp2_common/hardware_watchdog/watchdog.c.obj
                0x100021b0                watchdog_start_tick
 .text.watchdog_update
                0x100021c0       0x14 CMakeFiles/run.dir/C_/Users/ktkuru/Documents/Pico_SDK_v1.5.1/pico-sdk/src/rp2_common/hardware_watchdog/watchdog.c.obj
                0x100021c0                watchdog_update
 .text._watchdog_enable
                0x100021d4       0x78 CMakeFiles/run.dir/C_/Users/ktkuru/Documents/Pico_SDK_v1.5.1/pico-sdk/src/rp2_common/hardware_watchdog/watchdog.c.obj
                0x100021d4                _watchdog_enable
 .text.watchdog_reboot
                0x1000224c       0x48 CMakeFiles/run.dir/C_/Users/ktkuru/Documents/Pico_SDK_v1.5.1/pico-sdk/src/rp2_common/hardware_watchdog/watchdog.c.obj
                0x1000224c                watchdog_reboot
 .text.xosc_init
                0x10002294       0x28 CMakeFiles/run.dir/C_/Users/ktkuru/Documents/Pico_SDK_v1.5.1/pico-sdk/src/rp2_common/hardware_xosc/xosc.c.obj
                0x10002294                xosc_init
 .text._exit    0x100022bc        0x4 CMakeFiles/run.dir/C_/Users/ktkuru/Documents/Pico_SDK_v1.5.1/pico-sdk/src/rp2_common/pico_runtime/runtime.c.obj
                0x100022bc                _exit
 .text._sbrk    0x100022c0       0x38 CMakeFiles/run.dir/C_/Users/ktkuru/Documents/Pico_SDK_v1.5.1/pico-sdk/src/rp2_common/pico_runtime/runtime.c.obj
                0x100022c0                _sbrk
 .text.exit     0x100022f8        0x6 CMakeFiles/run.dir/C_/Users/ktkuru/Documents/Pico_SDK_v1.5.1/pico-sdk/src/rp2_common/pico_runtime/runtime.c.obj
                0x100022f8                exit
 *fill*         0x100022fe        0x2 
 .text.__assert_func
                0x10002300       0x38 CMakeFiles/run.dir/C_/Users/ktkuru/Documents/Pico_SDK_v1.5.1/pico-sdk/src/rp2_common/pico_runtime/runtime.c.obj
                0x10002300                __assert_func
 .text.runtime_init
                0x10002338       0xf8 CMakeFiles/run.dir/C_/Users/ktkuru/Documents/Pico_SDK_v1.5.1/pico-sdk/src/rp2_common/pico_runtime/runtime.c.obj
                0x10002338                runtime_init
 .text.panic    0x10002430       0x30 CMakeFiles/run.dir/C_/Users/ktkuru/Documents/Pico_SDK_v1.5.1/pico-sdk/src/rp2_common/pico_runtime/runtime.c.obj
                0x10002430                panic
 .text._out_null
                0x10002460        0x2 CMakeFiles/run.dir/C_/Users/ktkuru/Documents/Pico_SDK_v1.5.1/pico-sdk/src/rp2_common/pico_printf/printf.c.obj
 .text._out_fct
                0x10002462        0xe CMakeFiles/run.dir/C_/Users/ktkuru/Documents/Pico_SDK_v1.5.1/pico-sdk/src/rp2_common/pico_printf/printf.c.obj
 .text._atoi    0x10002470       0x24 CMakeFiles/run.dir/C_/Users/ktkuru/Documents/Pico_SDK_v1.5.1/pico-sdk/src/rp2_common/pico_printf/printf.c.obj
 .text._out_rev
                0x10002494       0xae CMakeFiles/run.dir/C_/Users/ktkuru/Documents/Pico_SDK_v1.5.1/pico-sdk/src/rp2_common/pico_printf/printf.c.obj
 .text._ntoa_format
                0x10002542      0x110 CMakeFiles/run.dir/C_/Users/ktkuru/Documents/Pico_SDK_v1.5.1/pico-sdk/src/rp2_common/pico_printf/printf.c.obj
 .text._ntoa_long
                0x10002652       0xbc CMakeFiles/run.dir/C_/Users/ktkuru/Documents/Pico_SDK_v1.5.1/pico-sdk/src/rp2_common/pico_printf/printf.c.obj
 .text._ntoa_long_long
                0x1000270e      0x10e CMakeFiles/run.dir/C_/Users/ktkuru/Documents/Pico_SDK_v1.5.1/pico-sdk/src/rp2_common/pico_printf/printf.c.obj
 .text._etoa    0x1000281c      0x420 CMakeFiles/run.dir/C_/Users/ktkuru/Documents/Pico_SDK_v1.5.1/pico-sdk/src/rp2_common/pico_printf/printf.c.obj
 .text._ftoa    0x10002c3c      0x354 CMakeFiles/run.dir/C_/Users/ktkuru/Documents/Pico_SDK_v1.5.1/pico-sdk/src/rp2_common/pico_printf/printf.c.obj
 .text._vsnprintf
                0x10002f90      0x668 CMakeFiles/run.dir/C_/Users/ktkuru/Documents/Pico_SDK_v1.5.1/pico-sdk/src/rp2_common/pico_printf/printf.c.obj
 .text.vfctprintf
                0x100035f8       0x20 CMakeFiles/run.dir/C_/Users/ktkuru/Documents/Pico_SDK_v1.5.1/pico-sdk/src/rp2_common/pico_printf/printf.c.obj
                0x100035f8                vfctprintf
 .text          0x10003618       0x10 CMakeFiles/run.dir/C_/Users/ktkuru/Documents/Pico_SDK_v1.5.1/pico-sdk/src/rp2_common/pico_bit_ops/bit_ops_aeabi.S.obj
 .text.rom_func_lookup
                0x10003628       0x10 CMakeFiles/run.dir/C_/Users/ktkuru/Documents/Pico_SDK_v1.5.1/pico-sdk/src/rp2_common/pico_bootrom/bootrom.c.obj
                0x10003628                rom_func_lookup
 .text.rom_data_lookup
                0x10003638       0x10 CMakeFiles/run.dir/C_/Users/ktkuru/Documents/Pico_SDK_v1.5.1/pico-sdk/src/rp2_common/pico_bootrom/bootrom.c.obj
                0x10003638                rom_data_lookup
 .text.rom_funcs_lookup
                0x10003648       0x36 CMakeFiles/run.dir/C_/Users/ktkuru/Documents/Pico_SDK_v1.5.1/pico-sdk/src/rp2_common/pico_bootrom/bootrom.c.obj
                0x10003648                rom_funcs_lookup
 *fill*         0x1000367e        0x2 
 .text.__wrap___aeabi_idiv
                0x10003680       0x50 CMakeFiles/run.dir/C_/Users/ktkuru/Documents/Pico_SDK_v1.5.1/pico-sdk/src/rp2_common/pico_divider/divider.S.obj
                0x10003680                __wrap___aeabi_idivmod
                0x10003680                divmod_s32s32
                0x10003680                div_s32s32
                0x10003680                __wrap___aeabi_idiv
                0x10003688                divmod_s32s32_unsafe
                0x100036b4                divmod_s32s32_savestate
 .text.__wrap___aeabi_uidiv
                0x100036d0       0x4c CMakeFiles/run.dir/C_/Users/ktkuru/Documents/Pico_SDK_v1.5.1/pico-sdk/src/rp2_common/pico_divider/divider.S.obj
                0x100036d0                __wrap___aeabi_uidiv
                0x100036d0                __wrap___aeabi_uidivmod
                0x100036d0                div_u32u32
                0x100036d0                divmod_u32u32
                0x100036d8                divmod_u32u32_unsafe
                0x10003700                divmod_u32u32_savestate
 .text.__wrap___aeabi_ldiv
                0x1000371c      0x424 CMakeFiles/run.dir/C_/Users/ktkuru/Documents/Pico_SDK_v1.5.1/pico-sdk/src/rp2_common/pico_divider/divider.S.obj
                0x1000371c                div_s64s64
                0x1000371c                divmod_s64s64
                0x1000371c                __wrap___aeabi_ldivmod
                0x1000374c                divmod_u64u64
                0x1000374c                div_u64u64
                0x1000374c                __wrap___aeabi_uldivmod
                0x1000375c                divmod_u64u64_savestate
                0x1000377c                divmod_s64s64_unsafe
                0x10003804                divmod_u64u64_unsafe
 .text.__wrap___aeabi_darithmetic
                0x10003b40       0x80 CMakeFiles/run.dir/C_/Users/ktkuru/Documents/Pico_SDK_v1.5.1/pico-sdk/src/rp2_common/pico_double/double_aeabi.S.obj
                0x10003b40                __wrap___aeabi_drsub
                0x10003b46                __wrap___aeabi_dsub
                0x10003b58                __wrap___aeabi_dadd
                0x10003b6a                __wrap___aeabi_ddiv
                0x10003ba6                __wrap___aeabi_dmul
 .text.__wrap___aeabi_cdcmple
                0x10003bc0       0x6c CMakeFiles/run.dir/C_/Users/ktkuru/Documents/Pico_SDK_v1.5.1/pico-sdk/src/rp2_common/pico_double/double_aeabi.S.obj
                0x10003bc0                __wrap___aeabi_cdrcmple
                0x10003bd0                __wrap___aeabi_cdcmpeq
                0x10003bd0                __wrap___aeabi_cdcmple
 .text.__wrap___aeabi_dcmpeq
                0x10003c2c       0x10 CMakeFiles/run.dir/C_/Users/ktkuru/Documents/Pico_SDK_v1.5.1/pico-sdk/src/rp2_common/pico_double/double_aeabi.S.obj
                0x10003c2c                __wrap___aeabi_dcmpeq
 .text.__wrap___aeabi_dcmplt
                0x10003c3c        0xc CMakeFiles/run.dir/C_/Users/ktkuru/Documents/Pico_SDK_v1.5.1/pico-sdk/src/rp2_common/pico_double/double_aeabi.S.obj
                0x10003c3c                __wrap___aeabi_dcmplt
 .text.__wrap___aeabi_dcmple
                0x10003c48       0x10 CMakeFiles/run.dir/C_/Users/ktkuru/Documents/Pico_SDK_v1.5.1/pico-sdk/src/rp2_common/pico_double/double_aeabi.S.obj
                0x10003c48                __wrap___aeabi_dcmple
 .text.__wrap___aeabi_dcmpge
                0x10003c58       0x10 CMakeFiles/run.dir/C_/Users/ktkuru/Documents/Pico_SDK_v1.5.1/pico-sdk/src/rp2_common/pico_double/double_aeabi.S.obj
                0x10003c58                __wrap___aeabi_dcmpge
 .text.__wrap___aeabi_dcmpgt
                0x10003c68        0xa CMakeFiles/run.dir/C_/Users/ktkuru/Documents/Pico_SDK_v1.5.1/pico-sdk/src/rp2_common/pico_double/double_aeabi.S.obj
                0x10003c68                __wrap___aeabi_dcmpgt
 .text.__wrap___aeabi_dcmpun
                0x10003c72       0x1c CMakeFiles/run.dir/C_/Users/ktkuru/Documents/Pico_SDK_v1.5.1/pico-sdk/src/rp2_common/pico_double/double_aeabi.S.obj
                0x10003c72                __wrap___aeabi_dcmpun
 *fill*         0x10003c8e        0x2 
 .text.__wrap___aeabi_i2d
                0x10003c90       0x38 CMakeFiles/run.dir/C_/Users/ktkuru/Documents/Pico_SDK_v1.5.1/pico-sdk/src/rp2_common/pico_double/double_aeabi.S.obj
                0x10003c90                __wrap___aeabi_ui2d
                0x10003c98                __wrap___aeabi_i2d
 .text.__wrap___aeabi_d2iz
                0x10003cc8       0x48 CMakeFiles/run.dir/C_/Users/ktkuru/Documents/Pico_SDK_v1.5.1/pico-sdk/src/rp2_common/pico_double/double_aeabi.S.obj
                0x10003cc8                double2int_z
                0x10003cc8                __wrap___aeabi_d2iz
 .text.__wrap___aeabi_d2uiz
                0x10003d10       0x18 CMakeFiles/run.dir/C_/Users/ktkuru/Documents/Pico_SDK_v1.5.1/pico-sdk/src/rp2_common/pico_double/double_aeabi.S.obj
                0x10003d10                __wrap___aeabi_d2uiz
                0x10003d10                double2uint
 .text.__aeabi_double_init
                0x10003d28       0xcc CMakeFiles/run.dir/C_/Users/ktkuru/Documents/Pico_SDK_v1.5.1/pico-sdk/src/rp2_common/pico_double/double_init_rom.c.obj
                0x10003d28                __aeabi_double_init
 .text.double_table_shim_on_use_helper
                0x10003df4       0x34 CMakeFiles/run.dir/C_/Users/ktkuru/Documents/Pico_SDK_v1.5.1/pico-sdk/src/rp2_common/pico_double/double_v1_rom_shim.S.obj
                0x10003df4                double_table_shim_on_use_helper
 .text.__wrap___aeabi_dsub
                0x10003e28       0x10 CMakeFiles/run.dir/C_/Users/ktkuru/Documents/Pico_SDK_v1.5.1/pico-sdk/src/rp2_common/pico_double/double_v1_rom_shim.S.obj
                0x10003e28                drsub_shim
                0x10003e2e                dsub_shim
 .text.dadd_shim
                0x10003e38      0x15c CMakeFiles/run.dir/C_/Users/ktkuru/Documents/Pico_SDK_v1.5.1/pico-sdk/src/rp2_common/pico_double/double_v1_rom_shim.S.obj
                0x10003e38                dadd_shim
 .text.dmul_shim
                0x10003f94      0x15c CMakeFiles/run.dir/C_/Users/ktkuru/Documents/Pico_SDK_v1.5.1/pico-sdk/src/rp2_common/pico_double/double_v1_rom_shim.S.obj
                0x10003f94                dmul_shim
 .text.ddiv_shim
                0x100040f0      0x1b0 CMakeFiles/run.dir/C_/Users/ktkuru/Documents/Pico_SDK_v1.5.1/pico-sdk/src/rp2_common/pico_double/double_v1_rom_shim.S.obj
                0x100040f0                ddiv_shim
 .text.double2uint_shim
                0x100042a0        0xe CMakeFiles/run.dir/C_/Users/ktkuru/Documents/Pico_SDK_v1.5.1/pico-sdk/src/rp2_common/pico_double/double_v1_rom_shim.S.obj
                0x100042a0                double2uint_shim
                0x100042a2                double2ufix_shim
 *fill*         0x100042ae        0x2 
 .text.double2uint64_shim
                0x100042b0       0x70 CMakeFiles/run.dir/C_/Users/ktkuru/Documents/Pico_SDK_v1.5.1/pico-sdk/src/rp2_common/pico_double/double_v1_rom_shim.S.obj
                0x100042b0                double2uint64_shim
                0x100042b2                double2ufix64_shim
                0x100042d2                d2fix_a
 .text.dunpacks
                0x10004320       0x3c CMakeFiles/run.dir/C_/Users/ktkuru/Documents/Pico_SDK_v1.5.1/pico-sdk/src/rp2_common/pico_double/double_v1_rom_shim.S.obj
                0x10004320                dunpacks
 .text.__aeabi_lmul
                0x1000435c       0x32 CMakeFiles/run.dir/C_/Users/ktkuru/Documents/Pico_SDK_v1.5.1/pico-sdk/src/rp2_common/pico_int64_ops/pico_int64_ops_aeabi.S.obj
                0x1000435c                __wrap___aeabi_lmul
 *fill*         0x1000438e        0x2 
 .text.__aeabi_float_init
                0x10004390       0xfc CMakeFiles/run.dir/C_/Users/ktkuru/Documents/Pico_SDK_v1.5.1/pico-sdk/src/rp2_common/pico_float/float_init_rom.c.obj
                0x10004390                __aeabi_float_init
 .text.float_table_shim_on_use_helper
                0x1000448c       0x34 CMakeFiles/run.dir/C_/Users/ktkuru/Documents/Pico_SDK_v1.5.1/pico-sdk/src/rp2_common/pico_float/float_v1_rom_shim.S.obj
                0x1000448c                float_table_shim_on_use_helper
 .text          0x100044c0       0x10 CMakeFiles/run.dir/C_/Users/ktkuru/Documents/Pico_SDK_v1.5.1/pico-sdk/src/rp2_common/pico_mem_ops/mem_ops_aeabi.S.obj
                0x100044c0                __aeabi_mem_init
 .text.memset   0x100044d0        0xc CMakeFiles/run.dir/C_/Users/ktkuru/Documents/Pico_SDK_v1.5.1/pico-sdk/src/rp2_common/pico_mem_ops/mem_ops_aeabi.S.obj
                0x100044d0                __wrap_memset
 .text.memcpy   0x100044dc        0xc CMakeFiles/run.dir/C_/Users/ktkuru/Documents/Pico_SDK_v1.5.1/pico-sdk/src/rp2_common/pico_mem_ops/mem_ops_aeabi.S.obj
                0x100044dc                __wrap_memcpy
                0x100044dc                __wrap___aeabi_memcpy
 .text.stdio_out_chars_no_crlf
                0x100044e8        0xe CMakeFiles/run.dir/C_/Users/ktkuru/Documents/Pico_SDK_v1.5.1/pico-sdk/src/rp2_common/pico_stdio/stdio.c.obj
 *fill*         0x100044f6        0x2 
 .text.stdio_out_chars_crlf
                0x100044f8       0x80 CMakeFiles/run.dir/C_/Users/ktkuru/Documents/Pico_SDK_v1.5.1/pico-sdk/src/rp2_common/pico_stdio/stdio.c.obj
 .text.stdio_stack_buffer_flush
                0x10004578       0x44 CMakeFiles/run.dir/C_/Users/ktkuru/Documents/Pico_SDK_v1.5.1/pico-sdk/src/rp2_common/pico_stdio/stdio.c.obj
 .text.stdio_buffered_printer
                0x100045bc       0x20 CMakeFiles/run.dir/C_/Users/ktkuru/Documents/Pico_SDK_v1.5.1/pico-sdk/src/rp2_common/pico_stdio/stdio.c.obj
 .text.update_us_since_boot
                0x100045dc       0x24 CMakeFiles/run.dir/C_/Users/ktkuru/Documents/Pico_SDK_v1.5.1/pico-sdk/src/rp2_common/pico_stdio/stdio.c.obj
 .text.get_absolute_time
                0x10004600       0x22 CMakeFiles/run.dir/C_/Users/ktkuru/Documents/Pico_SDK_v1.5.1/pico-sdk/src/rp2_common/pico_stdio/stdio.c.obj
 *fill*         0x10004622        0x2 
 .text.delayed_by_ms
                0x10004624       0x44 CMakeFiles/run.dir/C_/Users/ktkuru/Documents/Pico_SDK_v1.5.1/pico-sdk/src/rp2_common/pico_stdio/stdio.c.obj
 .text.make_timeout_time_ms
                0x10004668       0x20 CMakeFiles/run.dir/C_/Users/ktkuru/Documents/Pico_SDK_v1.5.1/pico-sdk/src/rp2_common/pico_stdio/stdio.c.obj
 .text.stdout_serialize_begin
                0x10004688       0x20 CMakeFiles/run.dir/C_/Users/ktkuru/Documents/Pico_SDK_v1.5.1/pico-sdk/src/rp2_common/pico_stdio/stdio.c.obj
                0x10004688                stdout_serialize_begin
 .text.stdout_serialize_end
                0x100046a8       0x10 CMakeFiles/run.dir/C_/Users/ktkuru/Documents/Pico_SDK_v1.5.1/pico-sdk/src/rp2_common/pico_stdio/stdio.c.obj
                0x100046a8                stdout_serialize_end
 .text.stdio_put_string
                0x100046b8       0x98 CMakeFiles/run.dir/C_/Users/ktkuru/Documents/Pico_SDK_v1.5.1/pico-sdk/src/rp2_common/pico_stdio/stdio.c.obj
 .text.stdio_set_driver_enabled
                0x10004750       0x2c CMakeFiles/run.dir/C_/Users/ktkuru/Documents/Pico_SDK_v1.5.1/pico-sdk/src/rp2_common/pico_stdio/stdio.c.obj
                0x10004750                stdio_set_driver_enabled
 .text.stdio_flush
                0x1000477c       0x20 CMakeFiles/run.dir/C_/Users/ktkuru/Documents/Pico_SDK_v1.5.1/pico-sdk/src/rp2_common/pico_stdio/stdio.c.obj
                0x1000477c                stdio_flush
 .text.__wrap_puts
                0x1000479c       0x1e CMakeFiles/run.dir/C_/Users/ktkuru/Documents/Pico_SDK_v1.5.1/pico-sdk/src/rp2_common/pico_stdio/stdio.c.obj
                0x1000479c                __wrap_puts
 *fill*         0x100047ba        0x2 
 .text.__wrap_vprintf
                0x100047bc       0x40 CMakeFiles/run.dir/C_/Users/ktkuru/Documents/Pico_SDK_v1.5.1/pico-sdk/src/rp2_common/pico_stdio/stdio.c.obj
                0x100047bc                __wrap_vprintf
 .text.__wrap_printf
                0x100047fc       0x18 CMakeFiles/run.dir/C_/Users/ktkuru/Documents/Pico_SDK_v1.5.1/pico-sdk/src/rp2_common/pico_stdio/stdio.c.obj
                0x100047fc                __wrap_printf
 .text.resetd_init
                0x10004814        0x2 CMakeFiles/run.dir/C_/Users/ktkuru/Documents/Pico_SDK_v1.5.1/pico-sdk/src/rp2_common/pico_stdio_usb/reset_interface.c.obj
 *fill*         0x10004816        0x2 
 .text.resetd_reset
                0x10004818        0xc CMakeFiles/run.dir/C_/Users/ktkuru/Documents/Pico_SDK_v1.5.1/pico-sdk/src/rp2_common/pico_stdio_usb/reset_interface.c.obj
 .text.resetd_open
                0x10004824       0x34 CMakeFiles/run.dir/C_/Users/ktkuru/Documents/Pico_SDK_v1.5.1/pico-sdk/src/rp2_common/pico_stdio_usb/reset_interface.c.obj
 .text.resetd_xfer_cb
                0x10004858        0x4 CMakeFiles/run.dir/C_/Users/ktkuru/Documents/Pico_SDK_v1.5.1/pico-sdk/src/rp2_common/pico_stdio_usb/reset_interface.c.obj
 .text.reset_usb_boot
                0x1000485c       0x18 CMakeFiles/run.dir/C_/Users/ktkuru/Documents/Pico_SDK_v1.5.1/pico-sdk/src/rp2_common/pico_stdio_usb/reset_interface.c.obj
 .text.resetd_control_xfer_cb
                0x10004874       0x5c CMakeFiles/run.dir/C_/Users/ktkuru/Documents/Pico_SDK_v1.5.1/pico-sdk/src/rp2_common/pico_stdio_usb/reset_interface.c.obj
 .text.usbd_app_driver_get_cb
                0x100048d0        0xc CMakeFiles/run.dir/C_/Users/ktkuru/Documents/Pico_SDK_v1.5.1/pico-sdk/src/rp2_common/pico_stdio_usb/reset_interface.c.obj
                0x100048d0                usbd_app_driver_get_cb
 .text.tud_cdc_line_coding_cb
                0x100048dc       0x28 CMakeFiles/run.dir/C_/Users/ktkuru/Documents/Pico_SDK_v1.5.1/pico-sdk/src/rp2_common/pico_stdio_usb/reset_interface.c.obj
                0x100048dc                tud_cdc_line_coding_cb
 .text.stdio_usb_set_chars_available_callback
                0x10004904       0x14 CMakeFiles/run.dir/C_/Users/ktkuru/Documents/Pico_SDK_v1.5.1/pico-sdk/src/rp2_common/pico_stdio_usb/stdio_usb.c.obj
                0x10004904                stdio_usb_set_chars_available_callback
 .text.update_us_since_boot
                0x10004918       0x24 CMakeFiles/run.dir/C_/Users/ktkuru/Documents/Pico_SDK_v1.5.1/pico-sdk/src/rp2_common/pico_stdio_usb/stdio_usb.c.obj
 .text.get_absolute_time
                0x1000493c       0x22 CMakeFiles/run.dir/C_/Users/ktkuru/Documents/Pico_SDK_v1.5.1/pico-sdk/src/rp2_common/pico_stdio_usb/stdio_usb.c.obj
 *fill*         0x1000495e        0x2 
 .text.delayed_by_ms
                0x10004960       0x44 CMakeFiles/run.dir/C_/Users/ktkuru/Documents/Pico_SDK_v1.5.1/pico-sdk/src/rp2_common/pico_stdio_usb/stdio_usb.c.obj
 .text.make_timeout_time_ms
                0x100049a4       0x20 CMakeFiles/run.dir/C_/Users/ktkuru/Documents/Pico_SDK_v1.5.1/pico-sdk/src/rp2_common/pico_stdio_usb/stdio_usb.c.obj
 .text.delayed_by_us
                0x100049c4       0x34 CMakeFiles/run.dir/C_/Users/ktkuru/Documents/Pico_SDK_v1.5.1/pico-sdk/src/rp2_common/pico_stdio_usb/stdio_usb.c.obj
 .text.usb_irq  0x100049f8       0x10 CMakeFiles/run.dir/C_/Users/ktkuru/Documents/Pico_SDK_v1.5.1/pico-sdk/src/rp2_common/pico_stdio_usb/stdio_usb.c.obj
 .text.critical_section_enter_blocking
                0x10004a08       0x16 CMakeFiles/run.dir/C_/Users/ktkuru/Documents/Pico_SDK_v1.5.1/pico-sdk/src/rp2_common/pico_stdio_usb/stdio_usb.c.obj
 *fill*         0x10004a1e        0x2 
 .text.timer_task
                0x10004a20       0x4c CMakeFiles/run.dir/C_/Users/ktkuru/Documents/Pico_SDK_v1.5.1/pico-sdk/src/rp2_common/pico_stdio_usb/stdio_usb.c.obj
 .text.alarm_pool_add_alarm_in_us
                0x10004a6c       0x3a CMakeFiles/run.dir/C_/Users/ktkuru/Documents/Pico_SDK_v1.5.1/pico-sdk/src/rp2_common/pico_stdio_usb/stdio_usb.c.obj
 .text.add_alarm_in_us
                0x10004aa6       0x2e CMakeFiles/run.dir/C_/Users/ktkuru/Documents/Pico_SDK_v1.5.1/pico-sdk/src/rp2_common/pico_stdio_usb/stdio_usb.c.obj
 .text.low_priority_worker_irq
                0x10004ad4       0x7c CMakeFiles/run.dir/C_/Users/ktkuru/Documents/Pico_SDK_v1.5.1/pico-sdk/src/rp2_common/pico_stdio_usb/stdio_usb.c.obj
 .text.tud_cdc_rx_cb
                0x10004b50       0x20 CMakeFiles/run.dir/C_/Users/ktkuru/Documents/Pico_SDK_v1.5.1/pico-sdk/src/rp2_common/pico_stdio_usb/stdio_usb.c.obj
                0x10004b50                tud_cdc_rx_cb
 .text.stdio_usb_init
                0x10004b70       0xd0 CMakeFiles/run.dir/C_/Users/ktkuru/Documents/Pico_SDK_v1.5.1/pico-sdk/src/rp2_common/pico_stdio_usb/stdio_usb.c.obj
                0x10004b70                stdio_usb_init
 .text.stdio_usb_connected
                0x10004c40        0xa CMakeFiles/run.dir/C_/Users/ktkuru/Documents/Pico_SDK_v1.5.1/pico-sdk/src/rp2_common/pico_stdio_usb/stdio_usb.c.obj
                0x10004c40                stdio_usb_connected
 *fill*         0x10004c4a        0x2 
 .text.stdio_usb_in_chars
                0x10004c4c       0x88 CMakeFiles/run.dir/C_/Users/ktkuru/Documents/Pico_SDK_v1.5.1/pico-sdk/src/rp2_common/pico_stdio_usb/stdio_usb.c.obj
                0x10004c4c                stdio_usb_in_chars
 .text.stdio_usb_out_chars
                0x10004cd4       0xd8 CMakeFiles/run.dir/C_/Users/ktkuru/Documents/Pico_SDK_v1.5.1/pico-sdk/src/rp2_common/pico_stdio_usb/stdio_usb.c.obj
 .text.tud_descriptor_device_cb
                0x10004dac        0x8 CMakeFiles/run.dir/C_/Users/ktkuru/Documents/Pico_SDK_v1.5.1/pico-sdk/src/rp2_common/pico_stdio_usb/stdio_usb_descriptors.c.obj
                0x10004dac                tud_descriptor_device_cb
 .text.tud_descriptor_configuration_cb
                0x10004db4        0x8 CMakeFiles/run.dir/C_/Users/ktkuru/Documents/Pico_SDK_v1.5.1/pico-sdk/src/rp2_common/pico_stdio_usb/stdio_usb_descriptors.c.obj
                0x10004db4                tud_descriptor_configuration_cb
 .text.tud_descriptor_string_cb
                0x10004dbc       0x6c CMakeFiles/run.dir/C_/Users/ktkuru/Documents/Pico_SDK_v1.5.1/pico-sdk/src/rp2_common/pico_stdio_usb/stdio_usb_descriptors.c.obj
                0x10004dbc                tud_descriptor_string_cb
 .text._retrieve_unique_id_on_boot
                0x10004e28       0x10 CMakeFiles/run.dir/C_/Users/ktkuru/Documents/Pico_SDK_v1.5.1/pico-sdk/src/rp2_common/pico_unique_id/unique_id.c.obj
 .text.pico_get_unique_board_id_string
                0x10004e38       0x5c CMakeFiles/run.dir/C_/Users/ktkuru/Documents/Pico_SDK_v1.5.1/pico-sdk/src/rp2_common/pico_unique_id/unique_id.c.obj
                0x10004e38                pico_get_unique_board_id_string
 .text.flash_get_unique_id
                0x10004e94       0x40 CMakeFiles/run.dir/C_/Users/ktkuru/Documents/Pico_SDK_v1.5.1/pico-sdk/src/rp2_common/hardware_flash/flash.c.obj
                0x10004e94                flash_get_unique_id
 .text.hw_endpoint_get_by_addr
                0x10004ed4       0x18 CMakeFiles/run.dir/C_/Users/ktkuru/Documents/Pico_SDK_v1.5.1/pico-sdk/lib/tinyusb/src/portable/raspberrypi/rp2040/dcd_rp2040.c.obj
 .text._hw_endpoint_alloc
                0x10004eec       0x70 CMakeFiles/run.dir/C_/Users/ktkuru/Documents/Pico_SDK_v1.5.1/pico-sdk/lib/tinyusb/src/portable/raspberrypi/rp2040/dcd_rp2040.c.obj
 .text.hw_endpoint_init
                0x10004f5c       0x88 CMakeFiles/run.dir/C_/Users/ktkuru/Documents/Pico_SDK_v1.5.1/pico-sdk/lib/tinyusb/src/portable/raspberrypi/rp2040/dcd_rp2040.c.obj
 .text.dcd_event_sof
                0x10004fe4       0x2c CMakeFiles/run.dir/C_/Users/ktkuru/Documents/Pico_SDK_v1.5.1/pico-sdk/lib/tinyusb/src/portable/raspberrypi/rp2040/dcd_rp2040.c.obj
 .text.hw_endpoint_xfer
                0x10005010       0x14 CMakeFiles/run.dir/C_/Users/ktkuru/Documents/Pico_SDK_v1.5.1/pico-sdk/lib/tinyusb/src/portable/raspberrypi/rp2040/dcd_rp2040.c.obj
 .text.dcd_int_enable
                0x10005024       0x2c CMakeFiles/run.dir/C_/Users/ktkuru/Documents/Pico_SDK_v1.5.1/pico-sdk/lib/tinyusb/src/portable/raspberrypi/rp2040/dcd_rp2040.c.obj
                0x10005024                dcd_int_enable
 .text.dcd_set_address
                0x10005050       0x2c CMakeFiles/run.dir/C_/Users/ktkuru/Documents/Pico_SDK_v1.5.1/pico-sdk/lib/tinyusb/src/portable/raspberrypi/rp2040/dcd_rp2040.c.obj
                0x10005050                dcd_set_address
 .text.dcd_connect
                0x1000507c       0x10 CMakeFiles/run.dir/C_/Users/ktkuru/Documents/Pico_SDK_v1.5.1/pico-sdk/lib/tinyusb/src/portable/raspberrypi/rp2040/dcd_rp2040.c.obj
                0x1000507c                dcd_connect
 .text.dcd_init
                0x1000508c       0x80 CMakeFiles/run.dir/C_/Users/ktkuru/Documents/Pico_SDK_v1.5.1/pico-sdk/lib/tinyusb/src/portable/raspberrypi/rp2040/dcd_rp2040.c.obj
                0x1000508c                dcd_init
 .text.dcd_edpt0_status_complete
                0x1000510c       0x1c CMakeFiles/run.dir/C_/Users/ktkuru/Documents/Pico_SDK_v1.5.1/pico-sdk/lib/tinyusb/src/portable/raspberrypi/rp2040/dcd_rp2040.c.obj
                0x1000510c                dcd_edpt0_status_complete
 .text.dcd_edpt_open
                0x10005128       0x40 CMakeFiles/run.dir/C_/Users/ktkuru/Documents/Pico_SDK_v1.5.1/pico-sdk/lib/tinyusb/src/portable/raspberrypi/rp2040/dcd_rp2040.c.obj
                0x10005128                dcd_edpt_open
 .text.dcd_edpt_close_all
                0x10005168        0x8 CMakeFiles/run.dir/C_/Users/ktkuru/Documents/Pico_SDK_v1.5.1/pico-sdk/lib/tinyusb/src/portable/raspberrypi/rp2040/dcd_rp2040.c.obj
                0x10005168                dcd_edpt_close_all
 .text.dcd_edpt_xfer
                0x10005170       0x34 CMakeFiles/run.dir/C_/Users/ktkuru/Documents/Pico_SDK_v1.5.1/pico-sdk/lib/tinyusb/src/portable/raspberrypi/rp2040/dcd_rp2040.c.obj
                0x10005170                dcd_edpt_xfer
 .text.dcd_edpt_stall
                0x100051a4       0x2c CMakeFiles/run.dir/C_/Users/ktkuru/Documents/Pico_SDK_v1.5.1/pico-sdk/lib/tinyusb/src/portable/raspberrypi/rp2040/dcd_rp2040.c.obj
                0x100051a4                dcd_edpt_stall
 .text.dcd_edpt_clear_stall
                0x100051d0       0x20 CMakeFiles/run.dir/C_/Users/ktkuru/Documents/Pico_SDK_v1.5.1/pico-sdk/lib/tinyusb/src/portable/raspberrypi/rp2040/dcd_rp2040.c.obj
                0x100051d0                dcd_edpt_clear_stall
 .text.rp2040_usb_init
                0x100051f0       0x4c CMakeFiles/run.dir/C_/Users/ktkuru/Documents/Pico_SDK_v1.5.1/pico-sdk/lib/tinyusb/src/portable/raspberrypi/rp2040/rp2040_usb.c.obj
                0x100051f0                rp2040_usb_init
 .text.hw_endpoint_xfer_start
                0x1000523c       0x50 CMakeFiles/run.dir/C_/Users/ktkuru/Documents/Pico_SDK_v1.5.1/pico-sdk/lib/tinyusb/src/portable/raspberrypi/rp2040/rp2040_usb.c.obj
                0x1000523c                hw_endpoint_xfer_start
 .text.configuration_reset
                0x1000528c       0x84 CMakeFiles/run.dir/C_/Users/ktkuru/Documents/Pico_SDK_v1.5.1/pico-sdk/lib/tinyusb/src/device/usbd.c.obj
 .text.critical_section_enter_blocking
                0x10005310       0x16 CMakeFiles/run.dir/C_/Users/ktkuru/Documents/Pico_SDK_v1.5.1/pico-sdk/lib/tinyusb/src/device/usbd.c.obj
 .text.usbd_reset
                0x10005326        0xc CMakeFiles/run.dir/C_/Users/ktkuru/Documents/Pico_SDK_v1.5.1/pico-sdk/lib/tinyusb/src/device/usbd.c.obj
 .text.invoke_class_control
                0x10005332       0x1a CMakeFiles/run.dir/C_/Users/ktkuru/Documents/Pico_SDK_v1.5.1/pico-sdk/lib/tinyusb/src/device/usbd.c.obj
 .text.process_set_config
                0x1000534c      0x178 CMakeFiles/run.dir/C_/Users/ktkuru/Documents/Pico_SDK_v1.5.1/pico-sdk/lib/tinyusb/src/device/usbd.c.obj
 .text.process_get_descriptor
                0x100054c4       0xdc CMakeFiles/run.dir/C_/Users/ktkuru/Documents/Pico_SDK_v1.5.1/pico-sdk/lib/tinyusb/src/device/usbd.c.obj
 .text.tud_mounted
                0x100055a0       0x10 CMakeFiles/run.dir/C_/Users/ktkuru/Documents/Pico_SDK_v1.5.1/pico-sdk/lib/tinyusb/src/device/usbd.c.obj
                0x100055a0                tud_mounted
 .text.tud_suspended
                0x100055b0       0x10 CMakeFiles/run.dir/C_/Users/ktkuru/Documents/Pico_SDK_v1.5.1/pico-sdk/lib/tinyusb/src/device/usbd.c.obj
                0x100055b0                tud_suspended
 .text.tud_inited
                0x100055c0       0x14 CMakeFiles/run.dir/C_/Users/ktkuru/Documents/Pico_SDK_v1.5.1/pico-sdk/lib/tinyusb/src/device/usbd.c.obj
                0x100055c0                tud_inited
 .text.tud_init
                0x100055d4       0xcc CMakeFiles/run.dir/C_/Users/ktkuru/Documents/Pico_SDK_v1.5.1/pico-sdk/lib/tinyusb/src/device/usbd.c.obj
                0x100055d4                tud_init
 .text.usbd_defer_func
                0x100056a0       0x2a CMakeFiles/run.dir/C_/Users/ktkuru/Documents/Pico_SDK_v1.5.1/pico-sdk/lib/tinyusb/src/device/usbd.c.obj
                0x100056a0                usbd_defer_func
 *fill*         0x100056ca        0x2 
 .text.usbd_edpt_open
                0x100056cc       0x34 CMakeFiles/run.dir/C_/Users/ktkuru/Documents/Pico_SDK_v1.5.1/pico-sdk/lib/tinyusb/src/device/usbd.c.obj
                0x100056cc                usbd_edpt_open
 .text.usbd_open_edpt_pair
                0x10005700       0x62 CMakeFiles/run.dir/C_/Users/ktkuru/Documents/Pico_SDK_v1.5.1/pico-sdk/lib/tinyusb/src/device/usbd.c.obj
                0x10005700                usbd_open_edpt_pair
 *fill*         0x10005762        0x2 
 .text.usbd_edpt_claim
                0x10005764       0x28 CMakeFiles/run.dir/C_/Users/ktkuru/Documents/Pico_SDK_v1.5.1/pico-sdk/lib/tinyusb/src/device/usbd.c.obj
                0x10005764                usbd_edpt_claim
 .text.usbd_edpt_release
                0x1000578c       0x28 CMakeFiles/run.dir/C_/Users/ktkuru/Documents/Pico_SDK_v1.5.1/pico-sdk/lib/tinyusb/src/device/usbd.c.obj
                0x1000578c                usbd_edpt_release
 .text.usbd_edpt_xfer
                0x100057b4       0x78 CMakeFiles/run.dir/C_/Users/ktkuru/Documents/Pico_SDK_v1.5.1/pico-sdk/lib/tinyusb/src/device/usbd.c.obj
                0x100057b4                usbd_edpt_xfer
 .text.usbd_edpt_stall
                0x1000582c       0x48 CMakeFiles/run.dir/C_/Users/ktkuru/Documents/Pico_SDK_v1.5.1/pico-sdk/lib/tinyusb/src/device/usbd.c.obj
                0x1000582c                usbd_edpt_stall
 .text.usbd_edpt_clear_stall
                0x10005874       0x48 CMakeFiles/run.dir/C_/Users/ktkuru/Documents/Pico_SDK_v1.5.1/pico-sdk/lib/tinyusb/src/device/usbd.c.obj
                0x10005874                usbd_edpt_clear_stall
 .text.usbd_edpt_stalled
                0x100058bc       0x1c CMakeFiles/run.dir/C_/Users/ktkuru/Documents/Pico_SDK_v1.5.1/pico-sdk/lib/tinyusb/src/device/usbd.c.obj
                0x100058bc                usbd_edpt_stalled
 .text.process_control_request
                0x100058d8      0x374 CMakeFiles/run.dir/C_/Users/ktkuru/Documents/Pico_SDK_v1.5.1/pico-sdk/lib/tinyusb/src/device/usbd.c.obj
 .text.tud_task_ext
                0x10005c4c      0x1a8 CMakeFiles/run.dir/C_/Users/ktkuru/Documents/Pico_SDK_v1.5.1/pico-sdk/lib/tinyusb/src/device/usbd.c.obj
                0x10005c4c                tud_task_ext
 .text._status_stage_xact
                0x10005df4       0x1a CMakeFiles/run.dir/C_/Users/ktkuru/Documents/Pico_SDK_v1.5.1/pico-sdk/lib/tinyusb/src/device/usbd_control.c.obj
 *fill*         0x10005e0e        0x2 
 .text._data_stage_xact
                0x10005e10       0x58 CMakeFiles/run.dir/C_/Users/ktkuru/Documents/Pico_SDK_v1.5.1/pico-sdk/lib/tinyusb/src/device/usbd_control.c.obj
 .text.tud_control_status
                0x10005e68       0x28 CMakeFiles/run.dir/C_/Users/ktkuru/Documents/Pico_SDK_v1.5.1/pico-sdk/lib/tinyusb/src/device/usbd_control.c.obj
                0x10005e68                tud_control_status
 .text.tud_control_xfer
                0x10005e90       0x68 CMakeFiles/run.dir/C_/Users/ktkuru/Documents/Pico_SDK_v1.5.1/pico-sdk/lib/tinyusb/src/device/usbd_control.c.obj
                0x10005e90                tud_control_xfer
 .text.usbd_control_reset
                0x10005ef8       0x14 CMakeFiles/run.dir/C_/Users/ktkuru/Documents/Pico_SDK_v1.5.1/pico-sdk/lib/tinyusb/src/device/usbd_control.c.obj
                0x10005ef8                usbd_control_reset
 .text.usbd_control_set_complete_callback
                0x10005f0c        0xc CMakeFiles/run.dir/C_/Users/ktkuru/Documents/Pico_SDK_v1.5.1/pico-sdk/lib/tinyusb/src/device/usbd_control.c.obj
                0x10005f0c                usbd_control_set_complete_callback
 .text.usbd_control_set_request
                0x10005f18       0x1c CMakeFiles/run.dir/C_/Users/ktkuru/Documents/Pico_SDK_v1.5.1/pico-sdk/lib/tinyusb/src/device/usbd_control.c.obj
                0x10005f18                usbd_control_set_request
 .text.usbd_control_xfer_cb
                0x10005f34       0xbc CMakeFiles/run.dir/C_/Users/ktkuru/Documents/Pico_SDK_v1.5.1/pico-sdk/lib/tinyusb/src/device/usbd_control.c.obj
                0x10005f34                usbd_control_xfer_cb
 .text._prep_out_transaction
                0x10005ff0       0x4a CMakeFiles/run.dir/C_/Users/ktkuru/Documents/Pico_SDK_v1.5.1/pico-sdk/lib/tinyusb/src/class/cdc/cdc_device.c.obj
 *fill*         0x1000603a        0x2 
 .text.tud_cdc_n_connected
                0x1000603c       0x38 CMakeFiles/run.dir/C_/Users/ktkuru/Documents/Pico_SDK_v1.5.1/pico-sdk/lib/tinyusb/src/class/cdc/cdc_device.c.obj
                0x1000603c                tud_cdc_n_connected
 .text.tud_cdc_n_available
                0x10006074       0x18 CMakeFiles/run.dir/C_/Users/ktkuru/Documents/Pico_SDK_v1.5.1/pico-sdk/lib/tinyusb/src/class/cdc/cdc_device.c.obj
                0x10006074                tud_cdc_n_available
 .text.tud_cdc_n_read
                0x1000608c       0x28 CMakeFiles/run.dir/C_/Users/ktkuru/Documents/Pico_SDK_v1.5.1/pico-sdk/lib/tinyusb/src/class/cdc/cdc_device.c.obj
                0x1000608c                tud_cdc_n_read
 .text.tud_cdc_n_write_flush
                0x100060b4       0xb8 CMakeFiles/run.dir/C_/Users/ktkuru/Documents/Pico_SDK_v1.5.1/pico-sdk/lib/tinyusb/src/class/cdc/cdc_device.c.obj
                0x100060b4                tud_cdc_n_write_flush
 .text.tud_cdc_n_write
                0x1000616c       0x38 CMakeFiles/run.dir/C_/Users/ktkuru/Documents/Pico_SDK_v1.5.1/pico-sdk/lib/tinyusb/src/class/cdc/cdc_device.c.obj
                0x1000616c                tud_cdc_n_write
 .text.tud_cdc_n_write_available
                0x100061a4       0x1c CMakeFiles/run.dir/C_/Users/ktkuru/Documents/Pico_SDK_v1.5.1/pico-sdk/lib/tinyusb/src/class/cdc/cdc_device.c.obj
                0x100061a4                tud_cdc_n_write_available
 .text.cdcd_init
                0x100061c0       0xbc CMakeFiles/run.dir/C_/Users/ktkuru/Documents/Pico_SDK_v1.5.1/pico-sdk/lib/tinyusb/src/class/cdc/cdc_device.c.obj
                0x100061c0                cdcd_init
 .text.cdcd_reset
                0x1000627c       0x44 CMakeFiles/run.dir/C_/Users/ktkuru/Documents/Pico_SDK_v1.5.1/pico-sdk/lib/tinyusb/src/class/cdc/cdc_device.c.obj
                0x1000627c                cdcd_reset
 .text.cdcd_open
                0x100062c0       0xc4 CMakeFiles/run.dir/C_/Users/ktkuru/Documents/Pico_SDK_v1.5.1/pico-sdk/lib/tinyusb/src/class/cdc/cdc_device.c.obj
                0x100062c0                cdcd_open
 .text.cdcd_control_xfer_cb
                0x10006384      0x134 CMakeFiles/run.dir/C_/Users/ktkuru/Documents/Pico_SDK_v1.5.1/pico-sdk/lib/tinyusb/src/class/cdc/cdc_device.c.obj
                0x10006384                cdcd_control_xfer_cb
 .text.cdcd_xfer_cb
                0x100064b8      0x130 CMakeFiles/run.dir/C_/Users/ktkuru/Documents/Pico_SDK_v1.5.1/pico-sdk/lib/tinyusb/src/class/cdc/cdc_device.c.obj
                0x100064b8                cdcd_xfer_cb
 .text.tusb_init
                0x100065e8        0xa CMakeFiles/run.dir/C_/Users/ktkuru/Documents/Pico_SDK_v1.5.1/pico-sdk/lib/tinyusb/src/tusb.c.obj
                0x100065e8                tusb_init
 .text.tusb_inited
                0x100065f2        0xe CMakeFiles/run.dir/C_/Users/ktkuru/Documents/Pico_SDK_v1.5.1/pico-sdk/lib/tinyusb/src/tusb.c.obj
                0x100065f2                tusb_inited
 .text.tu_edpt_claim
                0x10006600       0x50 CMakeFiles/run.dir/C_/Users/ktkuru/Documents/Pico_SDK_v1.5.1/pico-sdk/lib/tinyusb/src/tusb.c.obj
                0x10006600                tu_edpt_claim
 .text.tu_edpt_release
                0x10006650       0x38 CMakeFiles/run.dir/C_/Users/ktkuru/Documents/Pico_SDK_v1.5.1/pico-sdk/lib/tinyusb/src/tusb.c.obj
                0x10006650                tu_edpt_release
 .text.tu_edpt_validate
                0x10006688       0x78 CMakeFiles/run.dir/C_/Users/ktkuru/Documents/Pico_SDK_v1.5.1/pico-sdk/lib/tinyusb/src/tusb.c.obj
                0x10006688                tu_edpt_validate
 .text.tu_edpt_bind_driver
                0x10006700       0x26 CMakeFiles/run.dir/C_/Users/ktkuru/Documents/Pico_SDK_v1.5.1/pico-sdk/lib/tinyusb/src/tusb.c.obj
                0x10006700                tu_edpt_bind_driver
 .text.advance_index
                0x10006726       0x1a CMakeFiles/run.dir/C_/Users/ktkuru/Documents/Pico_SDK_v1.5.1/pico-sdk/lib/tinyusb/src/common/tusb_fifo.c.obj
 .text._tu_fifo_peek
                0x10006740       0x56 CMakeFiles/run.dir/C_/Users/ktkuru/Documents/Pico_SDK_v1.5.1/pico-sdk/lib/tinyusb/src/common/tusb_fifo.c.obj
 .text._ff_pull_const_addr
                0x10006796       0x4c CMakeFiles/run.dir/C_/Users/ktkuru/Documents/Pico_SDK_v1.5.1/pico-sdk/lib/tinyusb/src/common/tusb_fifo.c.obj
 .text._ff_pull_n
                0x100067e2      0x110 CMakeFiles/run.dir/C_/Users/ktkuru/Documents/Pico_SDK_v1.5.1/pico-sdk/lib/tinyusb/src/common/tusb_fifo.c.obj
 .text._tu_fifo_peek_n
                0x100068f2       0x6a CMakeFiles/run.dir/C_/Users/ktkuru/Documents/Pico_SDK_v1.5.1/pico-sdk/lib/tinyusb/src/common/tusb_fifo.c.obj
 .text._tu_fifo_read_n
                0x1000695c       0x4e CMakeFiles/run.dir/C_/Users/ktkuru/Documents/Pico_SDK_v1.5.1/pico-sdk/lib/tinyusb/src/common/tusb_fifo.c.obj
 .text._ff_push_const_addr
                0x100069aa       0x40 CMakeFiles/run.dir/C_/Users/ktkuru/Documents/Pico_SDK_v1.5.1/pico-sdk/lib/tinyusb/src/common/tusb_fifo.c.obj
 .text._ff_push_n
                0x100069ea      0x10c CMakeFiles/run.dir/C_/Users/ktkuru/Documents/Pico_SDK_v1.5.1/pico-sdk/lib/tinyusb/src/common/tusb_fifo.c.obj
 .text._tu_fifo_write_n
                0x10006af6       0xf0 CMakeFiles/run.dir/C_/Users/ktkuru/Documents/Pico_SDK_v1.5.1/pico-sdk/lib/tinyusb/src/common/tusb_fifo.c.obj
 .text.tu_fifo_config
                0x10006be6       0x7c CMakeFiles/run.dir/C_/Users/ktkuru/Documents/Pico_SDK_v1.5.1/pico-sdk/lib/tinyusb/src/common/tusb_fifo.c.obj
                0x10006be6                tu_fifo_config
 .text.tu_fifo_count
                0x10006c62       0x2a CMakeFiles/run.dir/C_/Users/ktkuru/Documents/Pico_SDK_v1.5.1/pico-sdk/lib/tinyusb/src/common/tusb_fifo.c.obj
                0x10006c62                tu_fifo_count
 .text.tu_fifo_empty
                0x10006c8c        0xe CMakeFiles/run.dir/C_/Users/ktkuru/Documents/Pico_SDK_v1.5.1/pico-sdk/lib/tinyusb/src/common/tusb_fifo.c.obj
                0x10006c8c                tu_fifo_empty
 .text.tu_fifo_full
                0x10006c9a       0x28 CMakeFiles/run.dir/C_/Users/ktkuru/Documents/Pico_SDK_v1.5.1/pico-sdk/lib/tinyusb/src/common/tusb_fifo.c.obj
                0x10006c9a                tu_fifo_full
 .text.tu_fifo_remaining
                0x10006cc2       0x2c CMakeFiles/run.dir/C_/Users/ktkuru/Documents/Pico_SDK_v1.5.1/pico-sdk/lib/tinyusb/src/common/tusb_fifo.c.obj
                0x10006cc2                tu_fifo_remaining
 .text.tu_fifo_read
                0x10006cee       0x42 CMakeFiles/run.dir/C_/Users/ktkuru/Documents/Pico_SDK_v1.5.1/pico-sdk/lib/tinyusb/src/common/tusb_fifo.c.obj
                0x10006cee                tu_fifo_read
 .text.tu_fifo_read_n
                0x10006d30        0xa CMakeFiles/run.dir/C_/Users/ktkuru/Documents/Pico_SDK_v1.5.1/pico-sdk/lib/tinyusb/src/common/tusb_fifo.c.obj
                0x10006d30                tu_fifo_read_n
 .text.tu_fifo_write
                0x10006d3a       0x64 CMakeFiles/run.dir/C_/Users/ktkuru/Documents/Pico_SDK_v1.5.1/pico-sdk/lib/tinyusb/src/common/tusb_fifo.c.obj
                0x10006d3a                tu_fifo_write
 .text.tu_fifo_write_n
                0x10006d9e        0xa CMakeFiles/run.dir/C_/Users/ktkuru/Documents/Pico_SDK_v1.5.1/pico-sdk/lib/tinyusb/src/common/tusb_fifo.c.obj
                0x10006d9e                tu_fifo_write_n
 .text.tu_fifo_clear
                0x10006da8       0x3e CMakeFiles/run.dir/C_/Users/ktkuru/Documents/Pico_SDK_v1.5.1/pico-sdk/lib/tinyusb/src/common/tusb_fifo.c.obj
                0x10006da8                tu_fifo_clear
 .text.tu_fifo_set_overwritable
                0x10006de6       0x46 CMakeFiles/run.dir/C_/Users/ktkuru/Documents/Pico_SDK_v1.5.1/pico-sdk/lib/tinyusb/src/common/tusb_fifo.c.obj
                0x10006de6                tu_fifo_set_overwritable
 .text.core1_trampoline
                0x10006e2c        0x2 CMakeFiles/run.dir/C_/Users/ktkuru/Documents/Pico_SDK_v1.5.1/pico-sdk/src/rp2_common/pico_multicore/multicore.c.obj
 .text.core1_wrapper
                0x10006e2e        0xc CMakeFiles/run.dir/C_/Users/ktkuru/Documents/Pico_SDK_v1.5.1/pico-sdk/src/rp2_common/pico_multicore/multicore.c.obj
                0x10006e2e                core1_wrapper
 .text.multicore_fifo_push_blocking
                0x10006e3a       0x14 CMakeFiles/run.dir/C_/Users/ktkuru/Documents/Pico_SDK_v1.5.1/pico-sdk/src/rp2_common/pico_multicore/multicore.c.obj
                0x10006e3a                multicore_fifo_push_blocking
 .text.multicore_fifo_pop_blocking
                0x10006e4e       0x16 CMakeFiles/run.dir/C_/Users/ktkuru/Documents/Pico_SDK_v1.5.1/pico-sdk/src/rp2_common/pico_multicore/multicore.c.obj
                0x10006e4e                multicore_fifo_pop_blocking
 .text.multicore_launch_core1_raw
                0x10006e64       0x70 CMakeFiles/run.dir/C_/Users/ktkuru/Documents/Pico_SDK_v1.5.1/pico-sdk/src/rp2_common/pico_multicore/multicore.c.obj
                0x10006e64                multicore_launch_core1_raw
 .text.multicore_launch_core1_with_stack
                0x10006ed4       0x50 CMakeFiles/run.dir/C_/Users/ktkuru/Documents/Pico_SDK_v1.5.1/pico-sdk/src/rp2_common/pico_multicore/multicore.c.obj
                0x10006ed4                multicore_launch_core1_with_stack
 .text.multicore_launch_core1
                0x10006f24       0x24 CMakeFiles/run.dir/C_/Users/ktkuru/Documents/Pico_SDK_v1.5.1/pico-sdk/src/rp2_common/pico_multicore/multicore.c.obj
                0x10006f24                multicore_launch_core1
 .text.i2c_write_blocking_internal
                0x10006f48      0x146 CMakeFiles/run.dir/C_/Users/ktkuru/Documents/Pico_SDK_v1.5.1/pico-sdk/src/rp2_common/hardware_i2c/i2c.c.obj
 *fill*         0x1000708e        0x2 
 .text.i2c_set_baudrate
                0x10007090       0xf0 CMakeFiles/run.dir/C_/Users/ktkuru/Documents/Pico_SDK_v1.5.1/pico-sdk/src/rp2_common/hardware_i2c/i2c.c.obj
                0x10007090                i2c_set_baudrate
 .text.i2c_init
                0x10007180       0x58 CMakeFiles/run.dir/C_/Users/ktkuru/Documents/Pico_SDK_v1.5.1/pico-sdk/src/rp2_common/hardware_i2c/i2c.c.obj
                0x10007180                i2c_init
 .text.i2c_write_blocking
                0x100071d8       0x18 CMakeFiles/run.dir/C_/Users/ktkuru/Documents/Pico_SDK_v1.5.1/pico-sdk/src/rp2_common/hardware_i2c/i2c.c.obj
                0x100071d8                i2c_write_blocking
 .text.uart_getc
                0x100071f0       0x24 ..\USART\libusart.a(usart.c.obj)
 .text.uart1_irq_handler
                0x10007214       0xd0 ..\USART\libusart.a(usart.c.obj)
                0x10007214                uart1_irq_handler
 .text.USART_Init
                0x100072e4       0x4c ..\USART\libusart.a(usart.c.obj)
                0x100072e4                USART_Init
 .text.USART_Deal
                0x10007330       0x38 ..\USART\libusart.a(usart.c.obj)
                0x10007330                USART_Deal
 .text.HW_Port_Init
                0x10007368       0x1c ..\Control\libcontrol.a(control.c.obj)
                0x10007368                HW_Port_Init
 .text.encoder_interput_callback
                0x10007384       0x4c ..\PWM\libpwm.a(pwm.c.obj)
                0x10007384                encoder_interput_callback
 .text.PWM_SetDuty
                0x100073d0       0x28 ..\PWM\libpwm.a(pwm.c.obj)
                0x100073d0                PWM_SetDuty
 .text.PWM_Init
                0x100073f8       0xe8 ..\PWM\libpwm.a(pwm.c.obj)
                0x100073f8                PWM_Init
 .text.Encoder_Port_Init
                0x100074e0       0x80 ..\PWM\libpwm.a(pwm.c.obj)
                0x100074e0                Encoder_Port_Init
 .text.OLED_SetCursor
                0x10007560       0x40 ..\IIC\OLED\liboled.a(OLED.c.obj)
                0x10007560                OLED_SetCursor
 .text.OLED_Update
                0x100075a0       0x38 ..\IIC\OLED\liboled.a(OLED.c.obj)
                0x100075a0                OLED_Update
 .text.OLED_Clear
                0x100075d8       0x2c ..\IIC\OLED\liboled.a(OLED.c.obj)
                0x100075d8                OLED_Clear
 .text.OLED_Init
                0x10007604      0x16c ..\IIC\OLED\liboled.a(OLED.c.obj)
                0x10007604                OLED_Init
 .text.OLED_ClearArea
                0x10007770       0x90 ..\IIC\OLED\liboled.a(OLED.c.obj)
                0x10007770                OLED_ClearArea
 .text.OLED_ShowImage
                0x10007800      0x110 ..\IIC\OLED\liboled.a(OLED.c.obj)
                0x10007800                OLED_ShowImage
 .text.OLED_ShowChar
                0x10007910       0x44 ..\IIC\OLED\liboled.a(OLED.c.obj)
                0x10007910                OLED_ShowChar
 .text.OLED_ShowString
                0x10007954       0x32 ..\IIC\OLED\liboled.a(OLED.c.obj)
                0x10007954                OLED_ShowString
 .text.OLED_Printf
                0x10007986       0x2e ..\IIC\OLED\liboled.a(OLED.c.obj)
                0x10007986                OLED_Printf
 .text.IIC_GPIO_Init
                0x100079b4       0x48 ..\IIC\libi2c.a(i2clib.c.obj)
                0x100079b4                IIC_GPIO_Init
 .text.IIC_WriteCommand
                0x100079fc       0x1c ..\IIC\libi2c.a(i2clib.c.obj)
                0x100079fc                IIC_WriteCommand
 .text.IIC_WriteData
                0x10007a18       0x4c ..\IIC\libi2c.a(i2clib.c.obj)
                0x10007a18                IIC_WriteData
 .text._calloc_r
                0x10007a64       0xa8 C:/PROGRA~2/ARMGNU~1/133167~1.3RE/bin/../lib/gcc/arm-none-eabi/13.3.1/thumb/v6-m/nofp\libg.a(libc_a-callocr.o)
                0x10007a64                _calloc_r
 .text._malloc_r
                0x10007b0c      0x5c4 C:/PROGRA~2/ARMGNU~1/133167~1.3RE/bin/../lib/gcc/arm-none-eabi/13.3.1/thumb/v6-m/nofp\libg.a(libc_a-mallocr.o)
                0x10007b0c                _malloc_r
 .text.__malloc_lock
                0x100080d0       0x10 C:/PROGRA~2/ARMGNU~1/133167~1.3RE/bin/../lib/gcc/arm-none-eabi/13.3.1/thumb/v6-m/nofp\libg.a(libc_a-mlock.o)
                0x100080d0                __malloc_lock
 .text.__malloc_unlock
                0x100080e0       0x10 C:/PROGRA~2/ARMGNU~1/133167~1.3RE/bin/../lib/gcc/arm-none-eabi/13.3.1/thumb/v6-m/nofp\libg.a(libc_a-mlock.o)
                0x100080e0                __malloc_unlock
 .text._realloc_r
                0x100080f0      0x350 C:/PROGRA~2/ARMGNU~1/133167~1.3RE/bin/../lib/gcc/arm-none-eabi/13.3.1/thumb/v6-m/nofp\libg.a(libc_a-reallocr.o)
                0x100080f0                _realloc_r
 .text.vsprintf
                0x10008440       0x3c C:/PROGRA~2/ARMGNU~1/133167~1.3RE/bin/../lib/gcc/arm-none-eabi/13.3.1/thumb/v6-m/nofp\libg.a(libc_a-vsprintf.o)
                0x10008440                vsprintf
 .text.memmove  0x1000847c       0xb0 C:/PROGRA~2/ARMGNU~1/133167~1.3RE/bin/../lib/gcc/arm-none-eabi/13.3.1/thumb/v6-m/nofp\libg.a(libc_a-memmove.o)
                0x1000847c                memmove
 .text._sbrk_r  0x1000852c       0x24 C:/PROGRA~2/ARMGNU~1/133167~1.3RE/bin/../lib/gcc/arm-none-eabi/13.3.1/thumb/v6-m/nofp\libg.a(libc_a-sbrkr.o)
                0x1000852c                _sbrk_r
 .text.__errno  0x10008550        0xc C:/PROGRA~2/ARMGNU~1/133167~1.3RE/bin/../lib/gcc/arm-none-eabi/13.3.1/thumb/v6-m/nofp\libg.a(libc_a-errno.o)
                0x10008550                __errno
 .text.__retarget_lock_acquire_recursive
                0x1000855c        0x4 C:/PROGRA~2/ARMGNU~1/133167~1.3RE/bin/../lib/gcc/arm-none-eabi/13.3.1/thumb/v6-m/nofp\libg.a(libc_a-lock.o)
                0x1000855c                __retarget_lock_acquire_recursive
 .text.__retarget_lock_release_recursive
                0x10008560        0x4 C:/PROGRA~2/ARMGNU~1/133167~1.3RE/bin/../lib/gcc/arm-none-eabi/13.3.1/thumb/v6-m/nofp\libg.a(libc_a-lock.o)
                0x10008560                __retarget_lock_release_recursive
 .text.sysconf  0x10008564       0x1c C:/PROGRA~2/ARMGNU~1/133167~1.3RE/bin/../lib/gcc/arm-none-eabi/13.3.1/thumb/v6-m/nofp\libg.a(libc_a-sysconf.o)
                0x10008564                sysconf
 .text.strlen   0x10008580       0x5c C:/PROGRA~2/ARMGNU~1/133167~1.3RE/bin/../lib/gcc/arm-none-eabi/13.3.1/thumb/v6-m/nofp\libg.a(libc_a-strlen-stub.o)
                0x10008580                strlen
 .text._malloc_trim_r
                0x100085dc       0xb4 C:/PROGRA~2/ARMGNU~1/133167~1.3RE/bin/../lib/gcc/arm-none-eabi/13.3.1/thumb/v6-m/nofp\libg.a(libc_a-freer.o)
                0x100085dc                _malloc_trim_r
 .text._free_r  0x10008690      0x1d4 C:/PROGRA~2/ARMGNU~1/133167~1.3RE/bin/../lib/gcc/arm-none-eabi/13.3.1/thumb/v6-m/nofp\libg.a(libc_a-freer.o)
                0x10008690                _free_r
 .text._svfprintf_r
                0x10008864     0x1c3c C:/PROGRA~2/ARMGNU~1/133167~1.3RE/bin/../lib/gcc/arm-none-eabi/13.3.1/thumb/v6-m/nofp\libg.a(libc_a-svfprintf.o)
                0x10008864                _svfprintf_r
 .text.__ssprint_r
                0x1000a4a0       0x58 C:/PROGRA~2/ARMGNU~1/133167~1.3RE/bin/../lib/gcc/arm-none-eabi/13.3.1/thumb/v6-m/nofp\libg.a(libc_a-ssprint_r.o)
                0x1000a4a0                __ssprint_r
 .text.strncpy  0x1000a4f8       0x60 C:/PROGRA~2/ARMGNU~1/133167~1.3RE/bin/../lib/gcc/arm-none-eabi/13.3.1/thumb/v6-m/nofp\libg.a(libc_a-strncpy.o)
                0x1000a4f8                strncpy
 .text.__locale_mb_cur_max
                0x1000a558       0x10 C:/PROGRA~2/ARMGNU~1/133167~1.3RE/bin/../lib/gcc/arm-none-eabi/13.3.1/thumb/v6-m/nofp\libg.a(libc_a-locale.o)
                0x1000a558                __locale_mb_cur_max
 .text._localeconv_r
                0x1000a568        0x8 C:/PROGRA~2/ARMGNU~1/133167~1.3RE/bin/../lib/gcc/arm-none-eabi/13.3.1/thumb/v6-m/nofp\libg.a(libc_a-localeconv.o)
                0x1000a568                _localeconv_r
 .text.memchr   0x1000a570       0x74 C:/PROGRA~2/ARMGNU~1/133167~1.3RE/bin/../lib/gcc/arm-none-eabi/13.3.1/thumb/v6-m/nofp\libg.a(libc_a-memchr-stub.o)
                0x1000a570                memchr
 .text.frexp    0x1000a5e4       0x68 C:/PROGRA~2/ARMGNU~1/133167~1.3RE/bin/../lib/gcc/arm-none-eabi/13.3.1/thumb/v6-m/nofp\libg.a(libm_a-s_frexp.o)
                0x1000a5e4                frexp
 .text.quorem   0x1000a64c      0x154 C:/PROGRA~2/ARMGNU~1/133167~1.3RE/bin/../lib/gcc/arm-none-eabi/13.3.1/thumb/v6-m/nofp\libg.a(libc_a-dtoa.o)
 .text._dtoa_r  0x1000a7a0      0xfb8 C:/PROGRA~2/ARMGNU~1/133167~1.3RE/bin/../lib/gcc/arm-none-eabi/13.3.1/thumb/v6-m/nofp\libg.a(libc_a-dtoa.o)
                0x1000a7a0                _dtoa_r
 .text.__ascii_mbtowc
                0x1000b758       0x2c C:/PROGRA~2/ARMGNU~1/133167~1.3RE/bin/../lib/gcc/arm-none-eabi/13.3.1/thumb/v6-m/nofp\libg.a(libc_a-mbtowc_r.o)
                0x1000b758                __ascii_mbtowc
 .text._Balloc  0x1000b784       0x50 C:/PROGRA~2/ARMGNU~1/133167~1.3RE/bin/../lib/gcc/arm-none-eabi/13.3.1/thumb/v6-m/nofp\libg.a(libc_a-mprec.o)
                0x1000b784                _Balloc
 .text._Bfree   0x1000b7d4       0x14 C:/PROGRA~2/ARMGNU~1/133167~1.3RE/bin/../lib/gcc/arm-none-eabi/13.3.1/thumb/v6-m/nofp\libg.a(libc_a-mprec.o)
                0x1000b7d4                _Bfree
 .text.__multadd
                0x1000b7e8       0xa8 C:/PROGRA~2/ARMGNU~1/133167~1.3RE/bin/../lib/gcc/arm-none-eabi/13.3.1/thumb/v6-m/nofp\libg.a(libc_a-mprec.o)
                0x1000b7e8                __multadd
 .text.__hi0bits
                0x1000b890       0x4c C:/PROGRA~2/ARMGNU~1/133167~1.3RE/bin/../lib/gcc/arm-none-eabi/13.3.1/thumb/v6-m/nofp\libg.a(libc_a-mprec.o)
                0x1000b890                __hi0bits
 .text.__lo0bits
                0x1000b8dc       0x5c C:/PROGRA~2/ARMGNU~1/133167~1.3RE/bin/../lib/gcc/arm-none-eabi/13.3.1/thumb/v6-m/nofp\libg.a(libc_a-mprec.o)
                0x1000b8dc                __lo0bits
 .text.__i2b    0x1000b938       0x60 C:/PROGRA~2/ARMGNU~1/133167~1.3RE/bin/../lib/gcc/arm-none-eabi/13.3.1/thumb/v6-m/nofp\libg.a(libc_a-mprec.o)
                0x1000b938                __i2b
 .text.__multiply
                0x1000b998      0x1ac C:/PROGRA~2/ARMGNU~1/133167~1.3RE/bin/../lib/gcc/arm-none-eabi/13.3.1/thumb/v6-m/nofp\libg.a(libc_a-mprec.o)
                0x1000b998                __multiply
 .text.__pow5mult
                0x1000bb44       0xd0 C:/PROGRA~2/ARMGNU~1/133167~1.3RE/bin/../lib/gcc/arm-none-eabi/13.3.1/thumb/v6-m/nofp\libg.a(libc_a-mprec.o)
                0x1000bb44                __pow5mult
 .text.__lshift
                0x1000bc14       0xfc C:/PROGRA~2/ARMGNU~1/133167~1.3RE/bin/../lib/gcc/arm-none-eabi/13.3.1/thumb/v6-m/nofp\libg.a(libc_a-mprec.o)
                0x1000bc14                __lshift
 .text.__mcmp   0x1000bd10       0x3c C:/PROGRA~2/ARMGNU~1/133167~1.3RE/bin/../lib/gcc/arm-none-eabi/13.3.1/thumb/v6-m/nofp\libg.a(libc_a-mprec.o)
                0x1000bd10                __mcmp
 .text.__mdiff  0x1000bd4c      0x1b4 C:/PROGRA~2/ARMGNU~1/133167~1.3RE/bin/../lib/gcc/arm-none-eabi/13.3.1/thumb/v6-m/nofp\libg.a(libc_a-mprec.o)
                0x1000bd4c                __mdiff
 .text.__d2b    0x1000bf00       0xcc C:/PROGRA~2/ARMGNU~1/133167~1.3RE/bin/../lib/gcc/arm-none-eabi/13.3.1/thumb/v6-m/nofp\libg.a(libc_a-mprec.o)
                0x1000bf00                __d2b
 .text.__ascii_wctomb
                0x1000bfcc       0x1c C:/PROGRA~2/ARMGNU~1/133167~1.3RE/bin/../lib/gcc/arm-none-eabi/13.3.1/thumb/v6-m/nofp\libg.a(libc_a-wctomb_r.o)
                0x1000bfcc                __ascii_wctomb
 .text._wcrtomb_r
                0x1000bfe8       0x50 C:/PROGRA~2/ARMGNU~1/133167~1.3RE/bin/../lib/gcc/arm-none-eabi/13.3.1/thumb/v6-m/nofp\libg.a(libc_a-wcrtomb.o)
                0x1000bfe8                _wcrtomb_r
 .text._wcsrtombs_r
                0x1000c038       0x18 C:/PROGRA~2/ARMGNU~1/133167~1.3RE/bin/../lib/gcc/arm-none-eabi/13.3.1/thumb/v6-m/nofp\libg.a(libc_a-wcsrtombs.o)
                0x1000c038                _wcsrtombs_r
 .text.__ssputs_r
                0x1000c050       0xd0 C:/PROGRA~2/ARMGNU~1/133167~1.3RE/bin/../lib/gcc/arm-none-eabi/13.3.1/thumb/v6-m/nofp\libg.a(libc_a-ssputs_r.o)
                0x1000c050                __ssputs_r
 .text._wcsnrtombs_l
                0x1000c120      0x114 C:/PROGRA~2/ARMGNU~1/133167~1.3RE/bin/../lib/gcc/arm-none-eabi/13.3.1/thumb/v6-m/nofp\libg.a(libc_a-wcsnrtombs.o)
                0x1000c120                _wcsnrtombs_l
 .text._wcsnrtombs_r
                0x1000c234       0x24 C:/PROGRA~2/ARMGNU~1/133167~1.3RE/bin/../lib/gcc/arm-none-eabi/13.3.1/thumb/v6-m/nofp\libg.a(libc_a-wcsnrtombs.o)
                0x1000c234                _wcsnrtombs_r
 *(.fini)
 .fini          0x1000c258        0x4 C:/PROGRA~2/ARMGNU~1/133167~1.3RE/bin/../lib/gcc/arm-none-eabi/13.3.1/thumb/v6-m/nofp/crti.o
                0x1000c258                _fini
 *fill*         0x1000c25c        0x4 
 .fini.__stub   0x1000c260       0xe0 linker stubs
 *crtbegin.o(.ctors)
 *crtbegin?.o(.ctors)
 *(EXCLUDE_FILE(*crtend.o *crtend?.o) .ctors)
 *(SORT_BY_NAME(.ctors.*))
 *(.ctors)
 *crtbegin.o(.dtors)
 *crtbegin?.o(.dtors)
 *(EXCLUDE_FILE(*crtend.o *crtend?.o) .dtors)
 *(SORT_BY_NAME(.dtors.*))
 *(.dtors)
 *(.eh_frame*)
 .eh_frame      0x1000c340        0x0 C:/PROGRA~2/ARMGNU~1/133167~1.3RE/bin/../lib/gcc/arm-none-eabi/13.3.1/thumb/v6-m/nofp/crtbegin.o
                0x1000c340                        . = ALIGN (0x4)

.glue_7         0x1000c340        0x0
 .glue_7        0x1000c340        0x0 linker stubs

.glue_7t        0x1000c340        0x0
 .glue_7t       0x1000c340        0x0 linker stubs

.vfp11_veneer   0x1000c340        0x0
 .vfp11_veneer  0x1000c340        0x0 linker stubs

.v4_bx          0x1000c340        0x0
 .v4_bx         0x1000c340        0x0 linker stubs

.iplt           0x1000c340        0x0
 .iplt          0x1000c340        0x0 C:/PROGRA~2/ARMGNU~1/133167~1.3RE/bin/../lib/gcc/arm-none-eabi/13.3.1/thumb/v6-m/nofp/crtbegin.o

.rodata         0x1000c340     0x2564
 *(EXCLUDE_FILE(*libm.a: *libc.a:*lib_a-mem*.o *libgcc.a:) .rodata*)
 .rodata.core1_main.str1.4
                0x1000c340     0x1212 CMakeFiles/run.dir/main.c.obj
                                 0x1f (size before relaxing)
 .rodata.spin_lock_claim_unused.str1.4
                0x1000d552       0x1b CMakeFiles/run.dir/C_/Users/ktkuru/Documents/Pico_SDK_v1.5.1/pico-sdk/src/rp2_common/hardware_sync/sync.c.obj
 .rodata.resolve_branch.str1.4
                0x1000d552       0x6d CMakeFiles/run.dir/C_/Users/ktkuru/Documents/Pico_SDK_v1.5.1/pico-sdk/src/rp2_common/hardware_irq/irq.c.obj
 .rodata.make_branch.str1.4
                0x1000d552       0x30 CMakeFiles/run.dir/C_/Users/ktkuru/Documents/Pico_SDK_v1.5.1/pico-sdk/src/rp2_common/hardware_irq/irq.c.obj
 .rodata.insert_branch_and_link.str1.4
                0x1000d552       0x10 CMakeFiles/run.dir/C_/Users/ktkuru/Documents/Pico_SDK_v1.5.1/pico-sdk/src/rp2_common/hardware_irq/irq.c.obj
 .rodata.irq_set_exclusive_handler.str1.4
                0x1000d552       0x36 CMakeFiles/run.dir/C_/Users/ktkuru/Documents/Pico_SDK_v1.5.1/pico-sdk/src/rp2_common/hardware_irq/irq.c.obj
 .rodata.irq_add_shared_handler.str1.4
                0x1000d552       0xc2 CMakeFiles/run.dir/C_/Users/ktkuru/Documents/Pico_SDK_v1.5.1/pico-sdk/src/rp2_common/hardware_irq/irq.c.obj
 .rodata.irq_remove_handler.str1.4
                0x1000d552       0x3a CMakeFiles/run.dir/C_/Users/ktkuru/Documents/Pico_SDK_v1.5.1/pico-sdk/src/rp2_common/hardware_irq/irq.c.obj
 .rodata.irq_add_tail_to_free_list.str1.4
                0x1000d552       0x3a CMakeFiles/run.dir/C_/Users/ktkuru/Documents/Pico_SDK_v1.5.1/pico-sdk/src/rp2_common/hardware_irq/irq.c.obj
 .rodata.user_irq_claim_unused.str1.4
                0x1000d552       0x1b CMakeFiles/run.dir/C_/Users/ktkuru/Documents/Pico_SDK_v1.5.1/pico-sdk/src/rp2_common/hardware_irq/irq.c.obj
 *fill*         0x1000d552        0x2 
 .rodata.__func__.0
                0x1000d554       0x1a CMakeFiles/run.dir/C_/Users/ktkuru/Documents/Pico_SDK_v1.5.1/pico-sdk/src/rp2_common/hardware_irq/irq.c.obj
 *fill*         0x1000d56e        0x2 
 .rodata.__func__.1
                0x1000d570       0x17 CMakeFiles/run.dir/C_/Users/ktkuru/Documents/Pico_SDK_v1.5.1/pico-sdk/src/rp2_common/hardware_irq/irq.c.obj
 *fill*         0x1000d587        0x1 
 .rodata.__func__.2
                0x1000d588       0x13 CMakeFiles/run.dir/C_/Users/ktkuru/Documents/Pico_SDK_v1.5.1/pico-sdk/src/rp2_common/hardware_irq/irq.c.obj
 *fill*         0x1000d59b        0x1 
 .rodata.__func__.3
                0x1000d59c        0xc CMakeFiles/run.dir/C_/Users/ktkuru/Documents/Pico_SDK_v1.5.1/pico-sdk/src/rp2_common/hardware_irq/irq.c.obj
 .rodata.__func__.4
                0x1000d5a8        0xf CMakeFiles/run.dir/C_/Users/ktkuru/Documents/Pico_SDK_v1.5.1/pico-sdk/src/rp2_common/hardware_irq/irq.c.obj
 *fill*         0x1000d5b7        0x1 
 .rodata.__func__.5
                0x1000d5b8       0x17 CMakeFiles/run.dir/C_/Users/ktkuru/Documents/Pico_SDK_v1.5.1/pico-sdk/src/rp2_common/hardware_irq/irq.c.obj
 *fill*         0x1000d5cf        0x1 
 .rodata.__func__.6
                0x1000d5d0       0x1a CMakeFiles/run.dir/C_/Users/ktkuru/Documents/Pico_SDK_v1.5.1/pico-sdk/src/rp2_common/hardware_irq/irq.c.obj
 .rodata.update_us_since_boot.str1.4
                0x1000d5ea       0x72 CMakeFiles/run.dir/C_/Users/ktkuru/Documents/Pico_SDK_v1.5.1/pico-sdk/src/common/pico_sync/mutex.c.obj
 .rodata.str1.4
                0x1000d5ea       0xa1 CMakeFiles/run.dir/C_/Users/ktkuru/Documents/Pico_SDK_v1.5.1/pico-sdk/src/common/pico_sync/mutex.c.obj
 *fill*         0x1000d5ea        0x2 
 .rodata.__func__.1
                0x1000d5ec        0xb CMakeFiles/run.dir/C_/Users/ktkuru/Documents/Pico_SDK_v1.5.1/pico-sdk/src/common/pico_sync/mutex.c.obj
 *fill*         0x1000d5f7        0x1 
 .rodata.__func__.3
                0x1000d5f8       0x18 CMakeFiles/run.dir/C_/Users/ktkuru/Documents/Pico_SDK_v1.5.1/pico-sdk/src/common/pico_sync/mutex.c.obj
 .rodata.__func__.4
                0x1000d610       0x15 CMakeFiles/run.dir/C_/Users/ktkuru/Documents/Pico_SDK_v1.5.1/pico-sdk/src/common/pico_sync/mutex.c.obj
 .rodata.get_entry.str1.4
                0x1000d625       0x73 CMakeFiles/run.dir/C_/Users/ktkuru/Documents/Pico_SDK_v1.5.1/pico-sdk/src/common/pico_time/time.c.obj
 .rodata.update_us_since_boot.str1.4
                0x1000d625       0x72 CMakeFiles/run.dir/C_/Users/ktkuru/Documents/Pico_SDK_v1.5.1/pico-sdk/src/common/pico_time/time.c.obj
 .rodata.ph_get_node.str1.4
                0x1000d625       0x77 CMakeFiles/run.dir/C_/Users/ktkuru/Documents/Pico_SDK_v1.5.1/pico-sdk/src/common/pico_time/time.c.obj
 .rodata.ph_add_child_node.str1.4
                0x1000d625       0x2e CMakeFiles/run.dir/C_/Users/ktkuru/Documents/Pico_SDK_v1.5.1/pico-sdk/src/common/pico_time/time.c.obj
 .rodata.ph_insert_node.str1.4
                0x1000d625        0x3 CMakeFiles/run.dir/C_/Users/ktkuru/Documents/Pico_SDK_v1.5.1/pico-sdk/src/common/pico_time/time.c.obj
 .rodata.ph_free_node.str1.4
                0x1000d625       0x38 CMakeFiles/run.dir/C_/Users/ktkuru/Documents/Pico_SDK_v1.5.1/pico-sdk/src/common/pico_time/time.c.obj
 .rodata.add_alarm_under_lock.str1.4
                0x1000d625       0x28 CMakeFiles/run.dir/C_/Users/ktkuru/Documents/Pico_SDK_v1.5.1/pico-sdk/src/common/pico_time/time.c.obj
 .rodata.alarm_pool_alarm_callback.str1.4
                0x1000d625       0x60 CMakeFiles/run.dir/C_/Users/ktkuru/Documents/Pico_SDK_v1.5.1/pico-sdk/src/common/pico_time/time.c.obj
 .rodata.alarm_pool_get_default.str1.4
                0x1000d625       0x21 CMakeFiles/run.dir/C_/Users/ktkuru/Documents/Pico_SDK_v1.5.1/pico-sdk/src/common/pico_time/time.c.obj
 .rodata.alarm_pool_cancel_alarm.str1.4
                0x1000d625       0x27 CMakeFiles/run.dir/C_/Users/ktkuru/Documents/Pico_SDK_v1.5.1/pico-sdk/src/common/pico_time/time.c.obj
 *fill*         0x1000d625        0x3 
 .rodata.__func__.1
                0x1000d628       0x18 CMakeFiles/run.dir/C_/Users/ktkuru/Documents/Pico_SDK_v1.5.1/pico-sdk/src/common/pico_time/time.c.obj
 .rodata.__func__.3
                0x1000d640       0x17 CMakeFiles/run.dir/C_/Users/ktkuru/Documents/Pico_SDK_v1.5.1/pico-sdk/src/common/pico_time/time.c.obj
 *fill*         0x1000d657        0x1 
 .rodata.__func__.4
                0x1000d658       0x12 CMakeFiles/run.dir/C_/Users/ktkuru/Documents/Pico_SDK_v1.5.1/pico-sdk/src/common/pico_time/time.c.obj
 *fill*         0x1000d66a        0x2 
 .rodata.__func__.5
                0x1000d66c        0xd CMakeFiles/run.dir/C_/Users/ktkuru/Documents/Pico_SDK_v1.5.1/pico-sdk/src/common/pico_time/time.c.obj
 *fill*         0x1000d679        0x3 
 .rodata.__func__.6
                0x1000d67c       0x12 CMakeFiles/run.dir/C_/Users/ktkuru/Documents/Pico_SDK_v1.5.1/pico-sdk/src/common/pico_time/time.c.obj
 *fill*         0x1000d68e        0x2 
 .rodata.__func__.7
                0x1000d690        0xf CMakeFiles/run.dir/C_/Users/ktkuru/Documents/Pico_SDK_v1.5.1/pico-sdk/src/common/pico_time/time.c.obj
 *fill*         0x1000d69f        0x1 
 .rodata.__func__.8
                0x1000d6a0        0xc CMakeFiles/run.dir/C_/Users/ktkuru/Documents/Pico_SDK_v1.5.1/pico-sdk/src/common/pico_time/time.c.obj
 .rodata.__func__.9
                0x1000d6ac       0x15 CMakeFiles/run.dir/C_/Users/ktkuru/Documents/Pico_SDK_v1.5.1/pico-sdk/src/common/pico_time/time.c.obj
 *fill*         0x1000d6c1        0x3 
 .rodata.__func__.10
                0x1000d6c4       0x15 CMakeFiles/run.dir/C_/Users/ktkuru/Documents/Pico_SDK_v1.5.1/pico-sdk/src/common/pico_time/time.c.obj
 *fill*         0x1000d6d9        0x3 
 .rodata.__func__.11
                0x1000d6dc       0x1a CMakeFiles/run.dir/C_/Users/ktkuru/Documents/Pico_SDK_v1.5.1/pico-sdk/src/common/pico_time/time.c.obj
 *fill*         0x1000d6f6        0x2 
 .rodata.__func__.12
                0x1000d6f8        0xa CMakeFiles/run.dir/C_/Users/ktkuru/Documents/Pico_SDK_v1.5.1/pico-sdk/src/common/pico_time/time.c.obj
 .rodata.update_us_since_boot.str1.4
                0x1000d702       0x72 CMakeFiles/run.dir/C_/Users/ktkuru/Documents/Pico_SDK_v1.5.1/pico-sdk/src/rp2_common/hardware_timer/timer.c.obj
 .rodata.hardware_alarm_claim.str1.4
                0x1000d702       0x22 CMakeFiles/run.dir/C_/Users/ktkuru/Documents/Pico_SDK_v1.5.1/pico-sdk/src/rp2_common/hardware_timer/timer.c.obj
 .rodata.hardware_alarm_set_target.str1.4
                0x1000d702       0x7d CMakeFiles/run.dir/C_/Users/ktkuru/Documents/Pico_SDK_v1.5.1/pico-sdk/src/rp2_common/hardware_timer/timer.c.obj
 *fill*         0x1000d702        0x2 
 .rodata.__func__.0
                0x1000d704       0x1a CMakeFiles/run.dir/C_/Users/ktkuru/Documents/Pico_SDK_v1.5.1/pico-sdk/src/rp2_common/hardware_timer/timer.c.obj
 *fill*         0x1000d71e        0x2 
 .rodata.__func__.1
                0x1000d720       0x15 CMakeFiles/run.dir/C_/Users/ktkuru/Documents/Pico_SDK_v1.5.1/pico-sdk/src/rp2_common/hardware_timer/timer.c.obj
 .rodata.ph_get_node.str1.4
                0x1000d735       0x77 CMakeFiles/run.dir/C_/Users/ktkuru/Documents/Pico_SDK_v1.5.1/pico-sdk/src/common/pico_util/pheap.c.obj
 .rodata.ph_add_child_node.str1.4
                0x1000d735       0x2e CMakeFiles/run.dir/C_/Users/ktkuru/Documents/Pico_SDK_v1.5.1/pico-sdk/src/common/pico_util/pheap.c.obj
 .rodata.ph_remove_any_head.str1.4
                0x1000d735       0xb8 CMakeFiles/run.dir/C_/Users/ktkuru/Documents/Pico_SDK_v1.5.1/pico-sdk/src/common/pico_util/pheap.c.obj
 .rodata.ph_remove_and_free_node.str1.4
                0x1000d735       0x26 CMakeFiles/run.dir/C_/Users/ktkuru/Documents/Pico_SDK_v1.5.1/pico-sdk/src/common/pico_util/pheap.c.obj
 *fill*         0x1000d735        0x3 
 .rodata.__func__.0
                0x1000d738       0x18 CMakeFiles/run.dir/C_/Users/ktkuru/Documents/Pico_SDK_v1.5.1/pico-sdk/src/common/pico_util/pheap.c.obj
 .rodata.__func__.1
                0x1000d750       0x13 CMakeFiles/run.dir/C_/Users/ktkuru/Documents/Pico_SDK_v1.5.1/pico-sdk/src/common/pico_util/pheap.c.obj
 *fill*         0x1000d763        0x1 
 .rodata.__func__.2
                0x1000d764       0x12 CMakeFiles/run.dir/C_/Users/ktkuru/Documents/Pico_SDK_v1.5.1/pico-sdk/src/common/pico_util/pheap.c.obj
 *fill*         0x1000d776        0x2 
 .rodata.__func__.3
                0x1000d778        0xc CMakeFiles/run.dir/C_/Users/ktkuru/Documents/Pico_SDK_v1.5.1/pico-sdk/src/common/pico_util/pheap.c.obj
 .rodata.clock_configure.str1.4