Archive member included to satisfy reference by file (symbol)

..\PWM\libpwm.a(pwm.c.obj)    CMakeFiles/run.dir/main.c.obj (PWM_Init)
..\IIC\OLED\liboled.a(OLED.c.obj)
                              CMakeFiles/run.dir/main.c.obj (OLED_Update)
..\IIC\OLED\liboled.a(OLED_Data.c.obj)
                              ..\IIC\OLED\liboled.a(OLED.c.obj) (OLED_CF16x16)
..\IIC\libi2c.a(i2clib.c.obj)
                              ..\IIC\OLED\liboled.a(OLED.c.obj) (IIC_GPIO_Init)
C:/PROGRA~2/ARMGNU~1/133167~1.3RE/bin/../lib/gcc/arm-none-eabi/13.3.1/thumb/v6-m/nofp\libgcc.a(_dvmd_tls.o)
                              CMakeFiles/run.dir/C_/Users/ktkuru/Documents/Pico_SDK_v1.5.1/pico-sdk/src/rp2_common/pico_divider/divider.S.obj (__aeabi_idiv0)
C:/PROGRA~2/ARMGNU~1/133167~1.3RE/bin/../lib/gcc/arm-none-eabi/13.3.1/thumb/v6-m/nofp\libg.a(libc_a-calloc.o)
                              CMakeFiles/run.dir/C_/Users/ktkuru/Documents/Pico_SDK_v1.5.1/pico-sdk/src/rp2_common/pico_malloc/pico_malloc.c.obj (calloc)
C:/PROGRA~2/ARMGNU~1/133167~1.3RE/bin/../lib/gcc/arm-none-eabi/13.3.1/thumb/v6-m/nofp\libg.a(libc_a-callocr.o)
                              C:/PROGRA~2/ARMGNU~1/133167~1.3RE/bin/../lib/gcc/arm-none-eabi/13.3.1/thumb/v6-m/nofp\libg.a(libc_a-calloc.o) (_calloc_r)
C:/PROGRA~2/ARMGNU~1/133167~1.3RE/bin/../lib/gcc/arm-none-eabi/13.3.1/thumb/v6-m/nofp\libg.a(libc_a-malloc.o)
                              CMakeFiles/run.dir/C_/Users/ktkuru/Documents/Pico_SDK_v1.5.1/pico-sdk/src/rp2_common/pico_malloc/pico_malloc.c.obj (malloc)
C:/PROGRA~2/ARMGNU~1/133167~1.3RE/bin/../lib/gcc/arm-none-eabi/13.3.1/thumb/v6-m/nofp\libg.a(libc_a-mallocr.o)
                              C:/PROGRA~2/ARMGNU~1/133167~1.3RE/bin/../lib/gcc/arm-none-eabi/13.3.1/thumb/v6-m/nofp\libg.a(libc_a-callocr.o) (_malloc_r)
C:/PROGRA~2/ARMGNU~1/133167~1.3RE/bin/../lib/gcc/arm-none-eabi/13.3.1/thumb/v6-m/nofp\libg.a(libc_a-mlock.o)
                              C:/PROGRA~2/ARMGNU~1/133167~1.3RE/bin/../lib/gcc/arm-none-eabi/13.3.1/thumb/v6-m/nofp\libg.a(libc_a-mallocr.o) (__malloc_lock)
C:/PROGRA~2/ARMGNU~1/133167~1.3RE/bin/../lib/gcc/arm-none-eabi/13.3.1/thumb/v6-m/nofp\libg.a(libc_a-realloc.o)
                              CMakeFiles/run.dir/C_/Users/ktkuru/Documents/Pico_SDK_v1.5.1/pico-sdk/src/rp2_common/pico_malloc/pico_malloc.c.obj (realloc)
C:/PROGRA~2/ARMGNU~1/133167~1.3RE/bin/../lib/gcc/arm-none-eabi/13.3.1/thumb/v6-m/nofp\libg.a(libc_a-reallocr.o)
                              C:/PROGRA~2/ARMGNU~1/133167~1.3RE/bin/../lib/gcc/arm-none-eabi/13.3.1/thumb/v6-m/nofp\libg.a(libc_a-realloc.o) (_realloc_r)
C:/PROGRA~2/ARMGNU~1/133167~1.3RE/bin/../lib/gcc/arm-none-eabi/13.3.1/thumb/v6-m/nofp\libg.a(libc_a-vsprintf.o)
                              ..\IIC\OLED\liboled.a(OLED.c.obj) (vsprintf)
C:/PROGRA~2/ARMGNU~1/133167~1.3RE/bin/../lib/gcc/arm-none-eabi/13.3.1/thumb/v6-m/nofp\libg.a(libc_a-memmove.o)
                              C:/PROGRA~2/ARMGNU~1/133167~1.3RE/bin/../lib/gcc/arm-none-eabi/13.3.1/thumb/v6-m/nofp\libg.a(libc_a-reallocr.o) (memmove)
C:/PROGRA~2/ARMGNU~1/133167~1.3RE/bin/../lib/gcc/arm-none-eabi/13.3.1/thumb/v6-m/nofp\libg.a(libc_a-impure.o)
                              C:/PROGRA~2/ARMGNU~1/133167~1.3RE/bin/../lib/gcc/arm-none-eabi/13.3.1/thumb/v6-m/nofp\libg.a(libc_a-calloc.o) (_impure_ptr)
C:/PROGRA~2/ARMGNU~1/133167~1.3RE/bin/../lib/gcc/arm-none-eabi/13.3.1/thumb/v6-m/nofp\libg.a(libc_a-sbrkr.o)
                              C:/PROGRA~2/ARMGNU~1/133167~1.3RE/bin/../lib/gcc/arm-none-eabi/13.3.1/thumb/v6-m/nofp\libg.a(libc_a-mallocr.o) (_sbrk_r)
C:/PROGRA~2/ARMGNU~1/133167~1.3RE/bin/../lib/gcc/arm-none-eabi/13.3.1/thumb/v6-m/nofp\libg.a(libc_a-errno.o)
                              C:/PROGRA~2/ARMGNU~1/133167~1.3RE/bin/../lib/gcc/arm-none-eabi/13.3.1/thumb/v6-m/nofp\libg.a(libc_a-callocr.o) (__errno)
C:/PROGRA~2/ARMGNU~1/133167~1.3RE/bin/../lib/gcc/arm-none-eabi/13.3.1/thumb/v6-m/nofp\libg.a(libc_a-init.o)
                              C:/PROGRA~2/ARMGNU~1/133167~1.3RE/bin/../lib/gcc/arm-none-eabi/13.3.1/thumb/v6-m/nofp/crt0.o (__libc_init_array)
C:/PROGRA~2/ARMGNU~1/133167~1.3RE/bin/../lib/gcc/arm-none-eabi/13.3.1/thumb/v6-m/nofp\libg.a(libc_a-lock.o)
                              C:/PROGRA~2/ARMGNU~1/133167~1.3RE/bin/../lib/gcc/arm-none-eabi/13.3.1/thumb/v6-m/nofp\libg.a(libc_a-mlock.o) (__retarget_lock_acquire_recursive)
C:/PROGRA~2/ARMGNU~1/133167~1.3RE/bin/../lib/gcc/arm-none-eabi/13.3.1/thumb/v6-m/nofp\libg.a(libc_a-sysconf.o)
                              C:/PROGRA~2/ARMGNU~1/133167~1.3RE/bin/../lib/gcc/arm-none-eabi/13.3.1/thumb/v6-m/nofp\libg.a(libc_a-mallocr.o) (sysconf)
C:/PROGRA~2/ARMGNU~1/133167~1.3RE/bin/../lib/gcc/arm-none-eabi/13.3.1/thumb/v6-m/nofp\libg.a(libc_a-strcmp.o)
                              ..\IIC\OLED\liboled.a(OLED.c.obj) (strcmp)
C:/PROGRA~2/ARMGNU~1/133167~1.3RE/bin/../lib/gcc/arm-none-eabi/13.3.1/thumb/v6-m/nofp\libg.a(libc_a-strlen-stub.o)
[...]
Memory Configuration

Name             Origin             Length             Attributes
FLASH            0x10000000         0x00200000         xr
RAM              0x20000000         0x00040000         xrw
SCRATCH_X        0x20040000         0x00001000         xrw
SCRATCH_Y        0x20041000         0x00001000         xrw
*default*        0x00000000         0xffffffff

Linker script and memory map

LOAD C:/PROGRA~2/ARMGNU~1/133167~1.3RE/bin/../lib/gcc/arm-none-eabi/13.3.1/thumb/v6-m/nofp/crti.o
LOAD C:/PROGRA~2/ARMGNU~1/133167~1.3RE/bin/../lib/gcc/arm-none-eabi/13.3.1/thumb/v6-m/nofp/crtbegin.o
LOAD C:/PROGRA~2/ARMGNU~1/133167~1.3RE/bin/../lib/gcc/arm-none-eabi/13.3.1/thumb/v6-m/nofp/crt0.o

.flash_begin    0x10000000        0x0
                0x10000000                        __flash_binary_start = .

.boot2          0x10000000      0x100
                0x10000000                        __boot2_start__ = .
 *(.boot2)
 .boot2         0x10000000      0x100 C:\Users\ktkuru\AppData\Local\Temp\ccCrE6Hk.o
                0x10000100                        __boot2_end__ = .
                0x00000001                        ASSERT (((__boot2_end__ - __boot2_start__) == 0x100), ERROR: Pico second stage bootloader must be 256 bytes in size)

.text           0x10000100     0xc018
                0x10000100                        __logical_binary_start = .
 *(.vectors)
 .vectors       0x10000100       0xd4 CMakeFiles/run.dir/C_/Users/ktkuru/Documents/Pico_SDK_v1.5.1/pico-sdk/src/rp2_common/pico_standard_link/crt0.S.obj
                0x10000100                __VECTOR_TABLE
                0x10000100                __vectors
                0x100001c0                isr_invalid
                0x100001c0                __default_isrs_start
                0x100001c2                isr_nmi
                0x100001c4                isr_hardfault
                0x100001c6                isr_svcall
                0x100001c8                isr_pendsv
                0x100001ca                isr_systick
                0x100001cc                isr_irq23
                0x100001cc                isr_irq18
                0x100001cc                isr_irq11
                0x100001cc                isr_irq28
                0x100001cc                isr_irq19
                0x100001cc                isr_irq0
                0x100001cc                isr_irq6
                0x100001cc                isr_irq5
                0x100001cc                isr_irq12
                0x100001cc                isr_irq22
                0x100001cc                isr_irq31
                0x100001cc                isr_irq17
                0x100001cc                isr_irq27
                0x100001cc                isr_irq30
                0x100001cc                isr_irq2
                0x100001cc                isr_irq10
                0x100001cc                isr_irq8
                0x100001cc                isr_irq24
                0x100001cc                isr_irq1
                0x100001cc                isr_irq7
                0x100001cc                isr_irq21
                0x100001cc                isr_irq20
                0x100001cc                isr_irq15
                0x100001cc                isr_irq25
                0x100001cc                isr_irq13
                0x100001cc                __unhandled_user_irq
                0x100001cc                isr_irq4
                0x100001cc                isr_irq16
                0x100001cc                isr_irq29
                0x100001cc                isr_irq26
                0x100001cc                __default_isrs_end
                0x100001cc                isr_irq3
                0x100001cc                isr_irq14
                0x100001cc                isr_irq9
                0x100001d2                unhandled_user_irq_num_in_r0
 *(.binary_info_header)
 .binary_info_header
                0x100001d4       0x14 CMakeFiles/run.dir/C_/Users/ktkuru/Documents/Pico_SDK_v1.5.1/pico-sdk/src/rp2_common/pico_standard_link/crt0.S.obj
                0x100001e8                        __binary_info_header_end = .
 *(.reset)
 .reset         0x100001e8       0xa0 CMakeFiles/run.dir/C_/Users/ktkuru/Documents/Pico_SDK_v1.5.1/pico-sdk/src/rp2_common/pico_standard_link/crt0.S.obj
                0x100001e8                _entry_point
 .reset         0x10000288       0x30 CMakeFiles/run.dir/C_/Users/ktkuru/Documents/Pico_SDK_v1.5.1/pico-sdk/src/rp2_common/pico_standard_link/binary_info.c.obj
 *(.init)
 .init          0x100002b8        0x4 C:/PROGRA~2/ARMGNU~1/133167~1.3RE/bin/../lib/gcc/arm-none-eabi/13.3.1/thumb/v6-m/nofp/crti.o
                0x100002b8                _init
 *(EXCLUDE_FILE(*libm.a: *libc.a:*lib_a-mem*.o *libgcc.a:) .text*)
 .text.register_tm_clones
                0x100002bc       0x28 C:/PROGRA~2/ARMGNU~1/133167~1.3RE/bin/../lib/gcc/arm-none-eabi/13.3.1/thumb/v6-m/nofp/crtbegin.o
 .text.frame_dummy
                0x100002e4       0x24 C:/PROGRA~2/ARMGNU~1/133167~1.3RE/bin/../lib/gcc/arm-none-eabi/13.3.1/thumb/v6-m/nofp/crtbegin.o
 .text.Medical_interput_callback
                0x10000308       0x10 CMakeFiles/run.dir/main.c.obj
                0x10000308                Medical_interput_callback
 .text.add_repeating_timer_ms
                0x10000318       0x3c CMakeFiles/run.dir/main.c.obj
 .text.core1_main
                0x10000354       0xb4 CMakeFiles/run.dir/main.c.obj
                0x10000354                core1_main
 .text.main     0x10000408       0x50 CMakeFiles/run.dir/main.c.obj
                0x10000408                main
 .text.gpio_set_function
                0x10000458       0x30 CMakeFiles/run.dir/C_/Users/ktkuru/Documents/Pico_SDK_v1.5.1/pico-sdk/src/rp2_common/hardware_gpio/gpio.c.obj
                0x10000458                gpio_set_function
 .text.gpio_set_pulls
                0x10000488       0x34 CMakeFiles/run.dir/C_/Users/ktkuru/Documents/Pico_SDK_v1.5.1/pico-sdk/src/rp2_common/hardware_gpio/gpio.c.obj
                0x10000488                gpio_set_pulls
 .text.gpio_set_irq_callback
                0x100004bc       0x48 CMakeFiles/run.dir/C_/Users/ktkuru/Documents/Pico_SDK_v1.5.1/pico-sdk/src/rp2_common/hardware_gpio/gpio.c.obj
                0x100004bc                gpio_set_irq_callback
 .text.gpio_acknowledge_irq
                0x10000504       0x18 CMakeFiles/run.dir/C_/Users/ktkuru/Documents/Pico_SDK_v1.5.1/pico-sdk/src/rp2_common/hardware_gpio/gpio.c.obj
                0x10000504                gpio_acknowledge_irq
 .text._gpio_set_irq_enabled
                0x1000051c       0x34 CMakeFiles/run.dir/C_/Users/ktkuru/Documents/Pico_SDK_v1.5.1/pico-sdk/src/rp2_common/hardware_gpio/gpio.c.obj
 .text.gpio_set_irq_enabled
                0x10000550       0x20 CMakeFiles/run.dir/C_/Users/ktkuru/Documents/Pico_SDK_v1.5.1/pico-sdk/src/rp2_common/hardware_gpio/gpio.c.obj
                0x10000550                gpio_set_irq_enabled
 .text.gpio_set_irq_enabled_with_callback
                0x10000570       0x20 CMakeFiles/run.dir/C_/Users/ktkuru/Documents/Pico_SDK_v1.5.1/pico-sdk/src/rp2_common/hardware_gpio/gpio.c.obj
                0x10000570                gpio_set_irq_enabled_with_callback
 .text.gpio_default_irq_handler
                0x10000590       0x98 CMakeFiles/run.dir/C_/Users/ktkuru/Documents/Pico_SDK_v1.5.1/pico-sdk/src/rp2_common/hardware_gpio/gpio.c.obj
 .text.gpio_init
                0x10000628       0x16 CMakeFiles/run.dir/C_/Users/ktkuru/Documents/Pico_SDK_v1.5.1/pico-sdk/src/rp2_common/hardware_gpio/gpio.c.obj
                0x10000628                gpio_init
 *fill*         0x1000063e        0x2 
 .text.running_on_fpga
                0x10000640       0x14 CMakeFiles/run.dir/C_/Users/ktkuru/Documents/Pico_SDK_v1.5.1/pico-sdk/src/rp2_common/pico_platform/platform.c.obj
                0x10000640                running_on_fpga
 .text.hw_claim_lock
                0x10000654       0x18 CMakeFiles/run.dir/C_/Users/ktkuru/Documents/Pico_SDK_v1.5.1/pico-sdk/src/rp2_common/hardware_claim/claim.c.obj
                0x10000654                hw_claim_lock
 .text.hw_claim_unlock
                0x1000066c       0x14 CMakeFiles/run.dir/C_/Users/ktkuru/Documents/Pico_SDK_v1.5.1/pico-sdk/src/rp2_common/hardware_claim/claim.c.obj
                0x1000066c                hw_claim_unlock
 .text.hw_claim_or_assert
                0x10000680       0x32 CMakeFiles/run.dir/C_/Users/ktkuru/Documents/Pico_SDK_v1.5.1/pico-sdk/src/rp2_common/hardware_claim/claim.c.obj
                0x10000680                hw_claim_or_assert
 .text.hw_claim_unused_from_range
                0x100006b2       0x50 CMakeFiles/run.dir/C_/Users/ktkuru/Documents/Pico_SDK_v1.5.1/pico-sdk/src/rp2_common/hardware_claim/claim.c.obj
                0x100006b2                hw_claim_unused_from_range
 *fill*         0x10000702        0x2 
 .text.spin_locks_reset
                0x10000704       0x20 CMakeFiles/run.dir/C_/Users/ktkuru/Documents/Pico_SDK_v1.5.1/pico-sdk/src/rp2_common/hardware_sync/sync.c.obj
                0x10000704                spin_locks_reset
 .text.next_striped_spin_lock_num
                0x10000724       0x1c CMakeFiles/run.dir/C_/Users/ktkuru/Documents/Pico_SDK_v1.5.1/pico-sdk/src/rp2_common/hardware_sync/sync.c.obj
                0x10000724                next_striped_spin_lock_num
 .text.spin_lock_claim_unused
                0x10000740       0x24 CMakeFiles/run.dir/C_/Users/ktkuru/Documents/Pico_SDK_v1.5.1/pico-sdk/src/rp2_common/hardware_sync/sync.c.obj
                0x10000740                spin_lock_claim_unused
 .text.set_raw_irq_handler_and_unlock
                0x10000764       0x28 CMakeFiles/run.dir/C_/Users/ktkuru/Documents/Pico_SDK_v1.5.1/pico-sdk/src/rp2_common/hardware_irq/irq.c.obj
 .text.resolve_branch
                0x1000078c       0x30 CMakeFiles/run.dir/C_/Users/ktkuru/Documents/Pico_SDK_v1.5.1/pico-sdk/src/rp2_common/hardware_irq/irq.c.obj
 .text.make_branch
                0x100007bc       0x48 CMakeFiles/run.dir/C_/Users/ktkuru/Documents/Pico_SDK_v1.5.1/pico-sdk/src/rp2_common/hardware_irq/irq.c.obj
 .text.insert_branch_and_link
                0x10000804       0x40 CMakeFiles/run.dir/C_/Users/ktkuru/Documents/Pico_SDK_v1.5.1/pico-sdk/src/rp2_common/hardware_irq/irq.c.obj
 .text.irq_is_enabled
                0x10000844       0x18 CMakeFiles/run.dir/C_/Users/ktkuru/Documents/Pico_SDK_v1.5.1/pico-sdk/src/rp2_common/hardware_irq/irq.c.obj
                0x10000844                irq_is_enabled
 .text.irq_set_mask_enabled
                0x1000085c       0x20 CMakeFiles/run.dir/C_/Users/ktkuru/Documents/Pico_SDK_v1.5.1/pico-sdk/src/rp2_common/hardware_irq/irq.c.obj
                0x1000085c                irq_set_mask_enabled
 .text.irq_set_enabled
                0x1000087c        0xe CMakeFiles/run.dir/C_/Users/ktkuru/Documents/Pico_SDK_v1.5.1/pico-sdk/src/rp2_common/hardware_irq/irq.c.obj
                0x1000087c                irq_set_enabled
 *fill*         0x1000088a        0x2 
 .text.irq_set_pending
                0x1000088c       0x10 CMakeFiles/run.dir/C_/Users/ktkuru/Documents/Pico_SDK_v1.5.1/pico-sdk/src/rp2_common/hardware_irq/irq.c.obj
                0x1000088c                irq_set_pending
 .text.irq_get_vtable_handler
                0x1000089c       0x10 CMakeFiles/run.dir/C_/Users/ktkuru/Documents/Pico_SDK_v1.5.1/pico-sdk/src/rp2_common/hardware_irq/irq.c.obj
                0x1000089c                irq_get_vtable_handler
 .text.irq_has_shared_handler
                0x100008ac       0x24 CMakeFiles/run.dir/C_/Users/ktkuru/Documents/Pico_SDK_v1.5.1/pico-sdk/src/rp2_common/hardware_irq/irq.c.obj
                0x100008ac                irq_has_shared_handler
 .text.irq_set_exclusive_handler
                0x100008d0       0x54 CMakeFiles/run.dir/C_/Users/ktkuru/Documents/Pico_SDK_v1.5.1/pico-sdk/src/rp2_common/hardware_irq/irq.c.obj
                0x100008d0                irq_set_exclusive_handler
 .text.irq_add_shared_handler
                0x10000924      0x210 CMakeFiles/run.dir/C_/Users/ktkuru/Documents/Pico_SDK_v1.5.1/pico-sdk/src/rp2_common/hardware_irq/irq.c.obj
                0x10000924                irq_add_shared_handler
 .text.irq_remove_handler
                0x10000b34      0x188 CMakeFiles/run.dir/C_/Users/ktkuru/Documents/Pico_SDK_v1.5.1/pico-sdk/src/rp2_common/hardware_irq/irq.c.obj
                0x10000b34                irq_remove_handler
 .text.irq_add_tail_to_free_list
                0x10000cbc       0xf0 CMakeFiles/run.dir/C_/Users/ktkuru/Documents/Pico_SDK_v1.5.1/pico-sdk/src/rp2_common/hardware_irq/irq.c.obj
                0x10000cbc                irq_add_tail_to_free_list
 .text.irq_init_priorities
                0x10000dac       0x1c CMakeFiles/run.dir/C_/Users/ktkuru/Documents/Pico_SDK_v1.5.1/pico-sdk/src/rp2_common/hardware_irq/irq.c.obj
                0x10000dac                irq_init_priorities
 .text.user_irq_claim_unused
                0x10000dc8       0x2c CMakeFiles/run.dir/C_/Users/ktkuru/Documents/Pico_SDK_v1.5.1/pico-sdk/src/rp2_common/hardware_irq/irq.c.obj
                0x10000dc8                user_irq_claim_unused
 .text.lock_init
                0x10000df4       0x10 CMakeFiles/run.dir/C_/Users/ktkuru/Documents/Pico_SDK_v1.5.1/pico-sdk/src/common/pico_sync/lock_core.c.obj
                0x10000df4                lock_init
 .text.update_us_since_boot
                0x10000e04       0x24 CMakeFiles/run.dir/C_/Users/ktkuru/Documents/Pico_SDK_v1.5.1/pico-sdk/src/common/pico_sync/mutex.c.obj
 .text.delayed_by_ms
                0x10000e28       0x44 CMakeFiles/run.dir/C_/Users/ktkuru/Documents/Pico_SDK_v1.5.1/pico-sdk/src/common/pico_sync/mutex.c.obj
 .text.get_absolute_time
                0x10000e6c       0x22 CMakeFiles/run.dir/C_/Users/ktkuru/Documents/Pico_SDK_v1.5.1/pico-sdk/src/common/pico_sync/mutex.c.obj
 .text.make_timeout_time_ms
                0x10000e8e       0x20 CMakeFiles/run.dir/C_/Users/ktkuru/Documents/Pico_SDK_v1.5.1/pico-sdk/src/common/pico_sync/mutex.c.obj
 .text.mutex_init
                0x10000eae       0x1a CMakeFiles/run.dir/C_/Users/ktkuru/Documents/Pico_SDK_v1.5.1/pico-sdk/src/common/pico_sync/mutex.c.obj
                0x10000eae                mutex_init
 .text.recursive_mutex_init
                0x10000ec8       0x1e CMakeFiles/run.dir/C_/Users/ktkuru/Documents/Pico_SDK_v1.5.1/pico-sdk/src/common/pico_sync/mutex.c.obj
                0x10000ec8                recursive_mutex_init
 *fill*         0x10000ee6        0x2 
 .text.critical_section_init_with_lock_num
                0x10000ee8       0x14 CMakeFiles/run.dir/C_/Users/ktkuru/Documents/Pico_SDK_v1.5.1/pico-sdk/src/common/pico_sync/critical_section.c.obj
                0x10000ee8                critical_section_init_with_lock_num
 .text.critical_section_init
                0x10000efc       0x14 CMakeFiles/run.dir/C_/Users/ktkuru/Documents/Pico_SDK_v1.5.1/pico-sdk/src/common/pico_sync/critical_section.c.obj
                0x10000efc                critical_section_init
 .text.time_reached
                0x10000f10       0x28 CMakeFiles/run.dir/C_/Users/ktkuru/Documents/Pico_SDK_v1.5.1/pico-sdk/src/common/pico_time/time.c.obj
 .text.get_entry
                0x10000f38       0x38 CMakeFiles/run.dir/C_/Users/ktkuru/Documents/Pico_SDK_v1.5.1/pico-sdk/src/common/pico_time/time.c.obj
 .text.timer_pool_entry_comparator
                0x10000f70       0x2e CMakeFiles/run.dir/C_/Users/ktkuru/Documents/Pico_SDK_v1.5.1/pico-sdk/src/common/pico_time/time.c.obj
                0x10000f70                timer_pool_entry_comparator
 *fill*         0x10000f9e        0x2 
 .text.update_us_since_boot
                0x10000fa0       0x24 CMakeFiles/run.dir/C_/Users/ktkuru/Documents/Pico_SDK_v1.5.1/pico-sdk/src/common/pico_time/time.c.obj
 .text.delayed_by_us
                0x10000fc4       0x34 CMakeFiles/run.dir/C_/Users/ktkuru/Documents/Pico_SDK_v1.5.1/pico-sdk/src/common/pico_time/time.c.obj
 .text.ph_get_node
                0x10000ff8       0x30 CMakeFiles/run.dir/C_/Users/ktkuru/Documents/Pico_SDK_v1.5.1/pico-sdk/src/common/pico_time/time.c.obj
 .text.ph_contains_node
                0x10001028       0x1e CMakeFiles/run.dir/C_/Users/ktkuru/Documents/Pico_SDK_v1.5.1/pico-sdk/src/common/pico_time/time.c.obj
 .text.ph_new_node
                0x10001046       0x28 CMakeFiles/run.dir/C_/Users/ktkuru/Documents/Pico_SDK_v1.5.1/pico-sdk/src/common/pico_time/time.c.obj
 *fill*         0x1000106e        0x2 
 .text.ph_add_child_node
                0x10001070       0x6c CMakeFiles/run.dir/C_/Users/ktkuru/Documents/Pico_SDK_v1.5.1/pico-sdk/src/common/pico_time/time.c.obj
 .text.ph_merge_nodes
                0x100010dc       0x3e CMakeFiles/run.dir/C_/Users/ktkuru/Documents/Pico_SDK_v1.5.1/pico-sdk/src/common/pico_time/time.c.obj
 *fill*         0x1000111a        0x2 
 .text.ph_insert_node
                0x1000111c       0x3c CMakeFiles/run.dir/C_/Users/ktkuru/Documents/Pico_SDK_v1.5.1/pico-sdk/src/common/pico_time/time.c.obj
 .text.ph_free_node
                0x10001158       0x5c CMakeFiles/run.dir/C_/Users/ktkuru/Documents/Pico_SDK_v1.5.1/pico-sdk/src/common/pico_time/time.c.obj
 .text.get_entry_id_high
                0x100011b4       0x30 CMakeFiles/run.dir/C_/Users/ktkuru/Documents/Pico_SDK_v1.5.1/pico-sdk/src/common/pico_time/time.c.obj
 .text.repeating_timer_callback
                0x100011e4       0x40 CMakeFiles/run.dir/C_/Users/ktkuru/Documents/Pico_SDK_v1.5.1/pico-sdk/src/common/pico_time/time.c.obj
 .text.alarm_pool_post_alloc_init
                0x10001224       0x40 CMakeFiles/run.dir/C_/Users/ktkuru/Documents/Pico_SDK_v1.5.1/pico-sdk/src/common/pico_time/time.c.obj
 .text.sleep_until_callback
                0x10001264       0x30 CMakeFiles/run.dir/C_/Users/ktkuru/Documents/Pico_SDK_v1.5.1/pico-sdk/src/common/pico_time/time.c.obj
 .text.get_absolute_time
                0x10001294       0x22 CMakeFiles/run.dir/C_/Users/ktkuru/Documents/Pico_SDK_v1.5.1/pico-sdk/src/common/pico_time/time.c.obj
 .text.make_timeout_time_us
                0x100012b6       0x24 CMakeFiles/run.dir/C_/Users/ktkuru/Documents/Pico_SDK_v1.5.1/pico-sdk/src/common/pico_time/time.c.obj
 *fill*         0x100012da        0x2 
 .text.add_alarm_under_lock
                0x100012dc       0x94 CMakeFiles/run.dir/C_/Users/ktkuru/Documents/Pico_SDK_v1.5.1/pico-sdk/src/common/pico_time/time.c.obj
 .text.alarm_pool_alarm_callback
                0x10001370      0x210 CMakeFiles/run.dir/C_/Users/ktkuru/Documents/Pico_SDK_v1.5.1/pico-sdk/src/common/pico_time/time.c.obj
 .text.alarm_pool_init_default
                0x10001580       0x40 CMakeFiles/run.dir/C_/Users/ktkuru/Documents/Pico_SDK_v1.5.1/pico-sdk/src/common/pico_time/time.c.obj
                0x10001580                alarm_pool_init_default
 .text.alarm_pool_get_default
                0x100015c0       0x2c CMakeFiles/run.dir/C_/Users/ktkuru/Documents/Pico_SDK_v1.5.1/pico-sdk/src/common/pico_time/time.c.obj
                0x100015c0                alarm_pool_get_default
 .text.alarm_pool_add_alarm_at
                0x100015ec      0x10e CMakeFiles/run.dir/C_/Users/ktkuru/Documents/Pico_SDK_v1.5.1/pico-sdk/src/common/pico_time/time.c.obj
                0x100015ec                alarm_pool_add_alarm_at
 .text.add_alarm_at
                0x100016fa       0x2e CMakeFiles/run.dir/C_/Users/ktkuru/Documents/Pico_SDK_v1.5.1/pico-sdk/src/common/pico_time/time.c.obj
 .text.alarm_pool_cancel_alarm
                0x10001728       0xa8 CMakeFiles/run.dir/C_/Users/ktkuru/Documents/Pico_SDK_v1.5.1/pico-sdk/src/common/pico_time/time.c.obj
                0x10001728                alarm_pool_cancel_alarm
 .text.cancel_alarm
                0x100017d0       0x10 CMakeFiles/run.dir/C_/Users/ktkuru/Documents/Pico_SDK_v1.5.1/pico-sdk/src/common/pico_time/time.c.obj
 .text.alarm_pool_core_num
                0x100017e0        0x4 CMakeFiles/run.dir/C_/Users/ktkuru/Documents/Pico_SDK_v1.5.1/pico-sdk/src/common/pico_time/time.c.obj
                0x100017e0                alarm_pool_core_num
 .text.alarm_pool_add_repeating_timer_us
                0x100017e4       0x5c CMakeFiles/run.dir/C_/Users/ktkuru/Documents/Pico_SDK_v1.5.1/pico-sdk/src/common/pico_time/time.c.obj
                0x100017e4                alarm_pool_add_repeating_timer_us
 .text.best_effort_wfe_or_timeout
                0x10001840       0x44 CMakeFiles/run.dir/C_/Users/ktkuru/Documents/Pico_SDK_v1.5.1/pico-sdk/src/common/pico_time/time.c.obj
                0x10001840                best_effort_wfe_or_timeout
 .text.hardware_alarm_irq_handler
                0x10001884       0x8c CMakeFiles/run.dir/C_/Users/ktkuru/Documents/Pico_SDK_v1.5.1/pico-sdk/src/rp2_common/hardware_timer/timer.c.obj
 .text.hardware_alarm_claim
                0x10001910       0x18 CMakeFiles/run.dir/C_/Users/ktkuru/Documents/Pico_SDK_v1.5.1/pico-sdk/src/rp2_common/hardware_timer/timer.c.obj
                0x10001910                hardware_alarm_claim
 .text.time_us_64
                0x10001928       0x18 CMakeFiles/run.dir/C_/Users/ktkuru/Documents/Pico_SDK_v1.5.1/pico-sdk/src/rp2_common/hardware_timer/timer.c.obj
                0x10001928                time_us_64
 .text.hardware_alarm_set_callback
                0x10001940       0x90 CMakeFiles/run.dir/C_/Users/ktkuru/Documents/Pico_SDK_v1.5.1/pico-sdk/src/rp2_common/hardware_timer/timer.c.obj
                0x10001940                hardware_alarm_set_callback
 .text.hardware_alarm_set_target
                0x100019d0       0xe8 CMakeFiles/run.dir/C_/Users/ktkuru/Documents/Pico_SDK_v1.5.1/pico-sdk/src/rp2_common/hardware_timer/timer.c.obj
                0x100019d0                hardware_alarm_set_target
 .text.hardware_alarm_cancel
                0x10001ab8       0x40 CMakeFiles/run.dir/C_/Users/ktkuru/Documents/Pico_SDK_v1.5.1/pico-sdk/src/rp2_common/hardware_timer/timer.c.obj
                0x10001ab8                hardware_alarm_cancel
 .text.ph_get_node
                0x10001af8       0x30 CMakeFiles/run.dir/C_/Users/ktkuru/Documents/Pico_SDK_v1.5.1/pico-sdk/src/common/pico_util/pheap.c.obj
 .text.ph_add_child_node
                0x10001b28       0x6c CMakeFiles/run.dir/C_/Users/ktkuru/Documents/Pico_SDK_v1.5.1/pico-sdk/src/common/pico_util/pheap.c.obj
 .text.ph_merge_nodes
                0x10001b94       0x3e CMakeFiles/run.dir/C_/Users/ktkuru/Documents/Pico_SDK_v1.5.1/pico-sdk/src/common/pico_util/pheap.c.obj
 .text.ph_clear
                0x10001bd2       0x34 CMakeFiles/run.dir/C_/Users/ktkuru/Documents/Pico_SDK_v1.5.1/pico-sdk/src/common/pico_util/pheap.c.obj
                0x10001bd2                ph_clear
 .text.ph_post_alloc_init
                0x10001c06        0xe CMakeFiles/run.dir/C_/Users/ktkuru/Documents/Pico_SDK_v1.5.1/pico-sdk/src/common/pico_util/pheap.c.obj
                0x10001c06                ph_post_alloc_init
 .text.ph_merge_two_pass
                0x10001c14       0x5c CMakeFiles/run.dir/C_/Users/ktkuru/Documents/Pico_SDK_v1.5.1/pico-sdk/src/common/pico_util/pheap.c.obj
                0x10001c14                ph_merge_two_pass
 .text.ph_remove_any_head
                0x10001c70       0xc0 CMakeFiles/run.dir/C_/Users/ktkuru/Documents/Pico_SDK_v1.5.1/pico-sdk/src/common/pico_util/pheap.c.obj
 .text.ph_remove_head
                0x10001d30       0x14 CMakeFiles/run.dir/C_/Users/ktkuru/Documents/Pico_SDK_v1.5.1/pico-sdk/src/common/pico_util/pheap.c.obj
                0x10001d30                ph_remove_head
 .text.ph_remove_and_free_node
                0x10001d44       0xa0 CMakeFiles/run.dir/C_/Users/ktkuru/Documents/Pico_SDK_v1.5.1/pico-sdk/src/common/pico_util/pheap.c.obj
                0x10001d44                ph_remove_and_free_node
 .text.clock_configure
                0x10001de4      0x108 CMakeFiles/run.dir/C_/Users/ktkuru/Documents/Pico_SDK_v1.5.1/pico-sdk/src/rp2_common/hardware_clocks/clocks.c.obj
                0x10001de4                clock_configure
 .text.clocks_init
                0x10001eec      0x100 CMakeFiles/run.dir/C_/Users/ktkuru/Documents/Pico_SDK_v1.5.1/pico-sdk/src/rp2_common/hardware_clocks/clocks.c.obj
                0x10001eec                clocks_init
 .text.clock_get_hz
                0x10001fec        0xc CMakeFiles/run.dir/C_/Users/ktkuru/Documents/Pico_SDK_v1.5.1/pico-sdk/src/rp2_common/hardware_clocks/clocks.c.obj
                0x10001fec                clock_get_hz
 .text.pll_init
                0x10001ff8      0x120 CMakeFiles/run.dir/C_/Users/ktkuru/Documents/Pico_SDK_v1.5.1/pico-sdk/src/rp2_common/hardware_pll/pll.c.obj
                0x10001ff8                pll_init
 .text.watchdog_start_tick
                0x10002118       0x10 CMakeFiles/run.dir/C_/Users/ktkuru/Documents/Pico_SDK_v1.5.1/pico-sdk/src/rp2_common/hardware_watchdog/watchdog.c.obj
                0x10002118                watchdog_start_tick
 .text.watchdog_update
                0x10002128       0x14 CMakeFiles/run.dir/C_/Users/ktkuru/Documents/Pico_SDK_v1.5.1/pico-sdk/src/rp2_common/hardware_watchdog/watchdog.c.obj
                0x10002128                watchdog_update
 .text._watchdog_enable
                0x1000213c       0x78 CMakeFiles/run.dir/C_/Users/ktkuru/Documents/Pico_SDK_v1.5.1/pico-sdk/src/rp2_common/hardware_watchdog/watchdog.c.obj
                0x1000213c                _watchdog_enable
 .text.watchdog_reboot
                0x100021b4       0x48 CMakeFiles/run.dir/C_/Users/ktkuru/Documents/Pico_SDK_v1.5.1/pico-sdk/src/rp2_common/hardware_watchdog/watchdog.c.obj
                0x100021b4                watchdog_reboot
 .text.xosc_init
                0x100021fc       0x28 CMakeFiles/run.dir/C_/Users/ktkuru/Documents/Pico_SDK_v1.5.1/pico-sdk/src/rp2_common/hardware_xosc/xosc.c.obj
                0x100021fc                xosc_init
 .text._exit    0x10002224        0x4 CMakeFiles/run.dir/C_/Users/ktkuru/Documents/Pico_SDK_v1.5.1/pico-sdk/src/rp2_common/pico_runtime/runtime.c.obj
                0x10002224                _exit
 .text._sbrk    0x10002228       0x38 CMakeFiles/run.dir/C_/Users/ktkuru/Documents/Pico_SDK_v1.5.1/pico-sdk/src/rp2_common/pico_runtime/runtime.c.obj
                0x10002228                _sbrk
 .text.exit     0x10002260        0x6 CMakeFiles/run.dir/C_/Users/ktkuru/Documents/Pico_SDK_v1.5.1/pico-sdk/src/rp2_common/pico_runtime/runtime.c.obj
                0x10002260                exit
 *fill*         0x10002266        0x2 
 .text.__assert_func
                0x10002268       0x38 CMakeFiles/run.dir/C_/Users/ktkuru/Documents/Pico_SDK_v1.5.1/pico-sdk/src/rp2_common/pico_runtime/runtime.c.obj
                0x10002268                __assert_func
 .text.runtime_init
                0x100022a0       0xf8 CMakeFiles/run.dir/C_/Users/ktkuru/Documents/Pico_SDK_v1.5.1/pico-sdk/src/rp2_common/pico_runtime/runtime.c.obj
                0x100022a0                runtime_init
 .text.panic    0x10002398       0x30 CMakeFiles/run.dir/C_/Users/ktkuru/Documents/Pico_SDK_v1.5.1/pico-sdk/src/rp2_common/pico_runtime/runtime.c.obj
                0x10002398                panic
 .text._out_null
                0x100023c8        0x2 CMakeFiles/run.dir/C_/Users/ktkuru/Documents/Pico_SDK_v1.5.1/pico-sdk/src/rp2_common/pico_printf/printf.c.obj
 .text._out_fct
                0x100023ca        0xe CMakeFiles/run.dir/C_/Users/ktkuru/Documents/Pico_SDK_v1.5.1/pico-sdk/src/rp2_common/pico_printf/printf.c.obj
 .text._atoi    0x100023d8       0x24 CMakeFiles/run.dir/C_/Users/ktkuru/Documents/Pico_SDK_v1.5.1/pico-sdk/src/rp2_common/pico_printf/printf.c.obj
 .text._out_rev
                0x100023fc       0xae CMakeFiles/run.dir/C_/Users/ktkuru/Documents/Pico_SDK_v1.5.1/pico-sdk/src/rp2_common/pico_printf/printf.c.obj
 .text._ntoa_format
                0x100024aa      0x110 CMakeFiles/run.dir/C_/Users/ktkuru/Documents/Pico_SDK_v1.5.1/pico-sdk/src/rp2_common/pico_printf/printf.c.obj
 .text._ntoa_long
                0x100025ba       0xbc CMakeFiles/run.dir/C_/Users/ktkuru/Documents/Pico_SDK_v1.5.1/pico-sdk/src/rp2_common/pico_printf/printf.c.obj
 .text._ntoa_long_long
                0x10002676      0x10e CMakeFiles/run.dir/C_/Users/ktkuru/Documents/Pico_SDK_v1.5.1/pico-sdk/src/rp2_common/pico_printf/printf.c.obj
 .text._etoa    0x10002784      0x420 CMakeFiles/run.dir/C_/Users/ktkuru/Documents/Pico_SDK_v1.5.1/pico-sdk/src/rp2_common/pico_printf/printf.c.obj
 .text._ftoa    0x10002ba4      0x354 CMakeFiles/run.dir/C_/Users/ktkuru/Documents/Pico_SDK_v1.5.1/pico-sdk/src/rp2_common/pico_printf/printf.c.obj
 .text._vsnprintf
                0x10002ef8      0x668 CMakeFiles/run.dir/C_/Users/ktkuru/Documents/Pico_SDK_v1.5.1/pico-sdk/src/rp2_common/pico_printf/printf.c.obj
 .text.vfctprintf
                0x10003560       0x20 CMakeFiles/run.dir/C_/Users/ktkuru/Documents/Pico_SDK_v1.5.1/pico-sdk/src/rp2_common/pico_printf/printf.c.obj
                0x10003560                vfctprintf
 .text          0x10003580       0x10 CMakeFiles/run.dir/C_/Users/ktkuru/Documents/Pico_SDK_v1.5.1/pico-sdk/src/rp2_common/pico_bit_ops/bit_ops_aeabi.S.obj
 .text.rom_func_lookup
                0x10003590       0x10 CMakeFiles/run.dir/C_/Users/ktkuru/Documents/Pico_SDK_v1.5.1/pico-sdk/src/rp2_common/pico_bootrom/bootrom.c.obj
                0x10003590                rom_func_lookup
 .text.rom_data_lookup
                0x100035a0       0x10 CMakeFiles/run.dir/C_/Users/ktkuru/Documents/Pico_SDK_v1.5.1/pico-sdk/src/rp2_common/pico_bootrom/bootrom.c.obj
                0x100035a0                rom_data_lookup
 .text.rom_funcs_lookup
                0x100035b0       0x36 CMakeFiles/run.dir/C_/Users/ktkuru/Documents/Pico_SDK_v1.5.1/pico-sdk/src/rp2_common/pico_bootrom/bootrom.c.obj
                0x100035b0                rom_funcs_lookup
 *fill*         0x100035e6        0x2 
 .text.__wrap___aeabi_idiv
                0x100035e8       0x50 CMakeFiles/run.dir/C_/Users/ktkuru/Documents/Pico_SDK_v1.5.1/pico-sdk/src/rp2_common/pico_divider/divider.S.obj
                0x100035e8                __wrap___aeabi_idivmod
                0x100035e8                divmod_s32s32
                0x100035e8                div_s32s32
                0x100035e8                __wrap___aeabi_idiv
                0x100035f0                divmod_s32s32_unsafe
                0x1000361c                divmod_s32s32_savestate
 .text.__wrap___aeabi_uidiv
                0x10003638       0x4c CMakeFiles/run.dir/C_/Users/ktkuru/Documents/Pico_SDK_v1.5.1/pico-sdk/src/rp2_common/pico_divider/divider.S.obj
                0x10003638                __wrap___aeabi_uidiv
                0x10003638                __wrap___aeabi_uidivmod
                0x10003638                div_u32u32
                0x10003638                divmod_u32u32
                0x10003640                divmod_u32u32_unsafe
                0x10003668                divmod_u32u32_savestate
 .text.__wrap___aeabi_ldiv
                0x10003684      0x424 CMakeFiles/run.dir/C_/Users/ktkuru/Documents/Pico_SDK_v1.5.1/pico-sdk/src/rp2_common/pico_divider/divider.S.obj
                0x10003684                div_s64s64
                0x10003684                divmod_s64s64
                0x10003684                __wrap___aeabi_ldivmod
                0x100036b4                divmod_u64u64
                0x100036b4                div_u64u64
                0x100036b4                __wrap___aeabi_uldivmod
                0x100036c4                divmod_u64u64_savestate
                0x100036e4                divmod_s64s64_unsafe
                0x1000376c                divmod_u64u64_unsafe
 .text.__wrap___aeabi_darithmetic
                0x10003aa8       0x80 CMakeFiles/run.dir/C_/Users/ktkuru/Documents/Pico_SDK_v1.5.1/pico-sdk/src/rp2_common/pico_double/double_aeabi.S.obj
                0x10003aa8                __wrap___aeabi_drsub
                0x10003aae                __wrap___aeabi_dsub
                0x10003ac0                __wrap___aeabi_dadd
                0x10003ad2                __wrap___aeabi_ddiv
                0x10003b0e                __wrap___aeabi_dmul
 .text.__wrap___aeabi_cdcmple
                0x10003b28       0x6c CMakeFiles/run.dir/C_/Users/ktkuru/Documents/Pico_SDK_v1.5.1/pico-sdk/src/rp2_common/pico_double/double_aeabi.S.obj
                0x10003b28                __wrap___aeabi_cdrcmple
                0x10003b38                __wrap___aeabi_cdcmpeq
                0x10003b38                __wrap___aeabi_cdcmple
 .text.__wrap___aeabi_dcmpeq
                0x10003b94       0x10 CMakeFiles/run.dir/C_/Users/ktkuru/Documents/Pico_SDK_v1.5.1/pico-sdk/src/rp2_common/pico_double/double_aeabi.S.obj
                0x10003b94                __wrap___aeabi_dcmpeq
 .text.__wrap___aeabi_dcmplt
                0x10003ba4        0xc CMakeFiles/run.dir/C_/Users/ktkuru/Documents/Pico_SDK_v1.5.1/pico-sdk/src/rp2_common/pico_double/double_aeabi.S.obj
                0x10003ba4                __wrap___aeabi_dcmplt
 .text.__wrap___aeabi_dcmple
                0x10003bb0       0x10 CMakeFiles/run.dir/C_/Users/ktkuru/Documents/Pico_SDK_v1.5.1/pico-sdk/src/rp2_common/pico_double/double_aeabi.S.obj
                0x10003bb0                __wrap___aeabi_dcmple
 .text.__wrap___aeabi_dcmpge
                0x10003bc0       0x10 CMakeFiles/run.dir/C_/Users/ktkuru/Documents/Pico_SDK_v1.5.1/pico-sdk/src/rp2_common/pico_double/double_aeabi.S.obj
                0x10003bc0                __wrap___aeabi_dcmpge
 .text.__wrap___aeabi_dcmpgt
                0x10003bd0        0xa CMakeFiles/run.dir/C_/Users/ktkuru/Documents/Pico_SDK_v1.5.1/pico-sdk/src/rp2_common/pico_double/double_aeabi.S.obj
                0x10003bd0                __wrap___aeabi_dcmpgt
 .text.__wrap___aeabi_dcmpun
                0x10003bda       0x1c CMakeFiles/run.dir/C_/Users/ktkuru/Documents/Pico_SDK_v1.5.1/pico-sdk/src/rp2_common/pico_double/double_aeabi.S.obj
                0x10003bda                __wrap___aeabi_dcmpun
 *fill*         0x10003bf6        0x2 
 .text.__wrap___aeabi_i2d
                0x10003bf8       0x38 CMakeFiles/run.dir/C_/Users/ktkuru/Documents/Pico_SDK_v1.5.1/pico-sdk/src/rp2_common/pico_double/double_aeabi.S.obj
                0x10003bf8                __wrap___aeabi_ui2d
                0x10003c00                __wrap___aeabi_i2d
 .text.__wrap___aeabi_d2iz
                0x10003c30       0x48 CMakeFiles/run.dir/C_/Users/ktkuru/Documents/Pico_SDK_v1.5.1/pico-sdk/src/rp2_common/pico_double/double_aeabi.S.obj
                0x10003c30                double2int_z
                0x10003c30                __wrap___aeabi_d2iz
 .text.__wrap___aeabi_d2uiz
                0x10003c78       0x18 CMakeFiles/run.dir/C_/Users/ktkuru/Documents/Pico_SDK_v1.5.1/pico-sdk/src/rp2_common/pico_double/double_aeabi.S.obj
                0x10003c78                __wrap___aeabi_d2uiz
                0x10003c78                double2uint
 .text.__aeabi_double_init
                0x10003c90       0xcc CMakeFiles/run.dir/C_/Users/ktkuru/Documents/Pico_SDK_v1.5.1/pico-sdk/src/rp2_common/pico_double/double_init_rom.c.obj
                0x10003c90                __aeabi_double_init
 .text.double_table_shim_on_use_helper
                0x10003d5c       0x34 CMakeFiles/run.dir/C_/Users/ktkuru/Documents/Pico_SDK_v1.5.1/pico-sdk/src/rp2_common/pico_double/double_v1_rom_shim.S.obj
                0x10003d5c                double_table_shim_on_use_helper
 .text.__wrap___aeabi_dsub
                0x10003d90       0x10 CMakeFiles/run.dir/C_/Users/ktkuru/Documents/Pico_SDK_v1.5.1/pico-sdk/src/rp2_common/pico_double/double_v1_rom_shim.S.obj
                0x10003d90                drsub_shim
                0x10003d96                dsub_shim
 .text.dadd_shim
                0x10003da0      0x15c CMakeFiles/run.dir/C_/Users/ktkuru/Documents/Pico_SDK_v1.5.1/pico-sdk/src/rp2_common/pico_double/double_v1_rom_shim.S.obj
                0x10003da0                dadd_shim
 .text.dmul_shim
                0x10003efc      0x15c CMakeFiles/run.dir/C_/Users/ktkuru/Documents/Pico_SDK_v1.5.1/pico-sdk/src/rp2_common/pico_double/double_v1_rom_shim.S.obj
                0x10003efc                dmul_shim
 .text.ddiv_shim
                0x10004058      0x1b0 CMakeFiles/run.dir/C_/Users/ktkuru/Documents/Pico_SDK_v1.5.1/pico-sdk/src/rp2_common/pico_double/double_v1_rom_shim.S.obj
                0x10004058                ddiv_shim
 .text.double2uint_shim
                0x10004208        0xe CMakeFiles/run.dir/C_/Users/ktkuru/Documents/Pico_SDK_v1.5.1/pico-sdk/src/rp2_common/pico_double/double_v1_rom_shim.S.obj
                0x10004208                double2uint_shim
                0x1000420a                double2ufix_shim
 *fill*         0x10004216        0x2 
 .text.double2uint64_shim
                0x10004218       0x70 CMakeFiles/run.dir/C_/Users/ktkuru/Documents/Pico_SDK_v1.5.1/pico-sdk/src/rp2_common/pico_double/double_v1_rom_shim.S.obj
                0x10004218                double2uint64_shim
                0x1000421a                double2ufix64_shim
                0x1000423a                d2fix_a
 .text.dunpacks
                0x10004288       0x3c CMakeFiles/run.dir/C_/Users/ktkuru/Documents/Pico_SDK_v1.5.1/pico-sdk/src/rp2_common/pico_double/double_v1_rom_shim.S.obj
                0x10004288                dunpacks
 .text.__aeabi_lmul
                0x100042c4       0x32 CMakeFiles/run.dir/C_/Users/ktkuru/Documents/Pico_SDK_v1.5.1/pico-sdk/src/rp2_common/pico_int64_ops/pico_int64_ops_aeabi.S.obj
                0x100042c4                __wrap___aeabi_lmul
 *fill*         0x100042f6        0x2 
 .text.__aeabi_float_init
                0x100042f8       0xfc CMakeFiles/run.dir/C_/Users/ktkuru/Documents/Pico_SDK_v1.5.1/pico-sdk/src/rp2_common/pico_float/float_init_rom.c.obj
                0x100042f8                __aeabi_float_init
 .text.float_table_shim_on_use_helper
                0x100043f4       0x34 CMakeFiles/run.dir/C_/Users/ktkuru/Documents/Pico_SDK_v1.5.1/pico-sdk/src/rp2_common/pico_float/float_v1_rom_shim.S.obj
                0x100043f4                float_table_shim_on_use_helper
 .text          0x10004428       0x10 CMakeFiles/run.dir/C_/Users/ktkuru/Documents/Pico_SDK_v1.5.1/pico-sdk/src/rp2_common/pico_mem_ops/mem_ops_aeabi.S.obj
                0x10004428                __aeabi_mem_init
 .text.memset   0x10004438        0xc CMakeFiles/run.dir/C_/Users/ktkuru/Documents/Pico_SDK_v1.5.1/pico-sdk/src/rp2_common/pico_mem_ops/mem_ops_aeabi.S.obj
                0x10004438                __wrap_memset
 .text.memcpy   0x10004444        0xc CMakeFiles/run.dir/C_/Users/ktkuru/Documents/Pico_SDK_v1.5.1/pico-sdk/src/rp2_common/pico_mem_ops/mem_ops_aeabi.S.obj
                0x10004444                __wrap_memcpy
                0x10004444                __wrap___aeabi_memcpy
 .text.stdio_out_chars_no_crlf
                0x10004450        0xe CMakeFiles/run.dir/C_/Users/ktkuru/Documents/Pico_SDK_v1.5.1/pico-sdk/src/rp2_common/pico_stdio/stdio.c.obj
 *fill*         0x1000445e        0x2 
 .text.stdio_out_chars_crlf
                0x10004460       0x80 CMakeFiles/run.dir/C_/Users/ktkuru/Documents/Pico_SDK_v1.5.1/pico-sdk/src/rp2_common/pico_stdio/stdio.c.obj
 .text.stdio_stack_buffer_flush
                0x100044e0       0x44 CMakeFiles/run.dir/C_/Users/ktkuru/Documents/Pico_SDK_v1.5.1/pico-sdk/src/rp2_common/pico_stdio/stdio.c.obj
 .text.stdio_buffered_printer
                0x10004524       0x20 CMakeFiles/run.dir/C_/Users/ktkuru/Documents/Pico_SDK_v1.5.1/pico-sdk/src/rp2_common/pico_stdio/stdio.c.obj
 .text.update_us_since_boot
                0x10004544       0x24 CMakeFiles/run.dir/C_/Users/ktkuru/Documents/Pico_SDK_v1.5.1/pico-sdk/src/rp2_common/pico_stdio/stdio.c.obj
 .text.get_absolute_time
                0x10004568       0x22 CMakeFiles/run.dir/C_/Users/ktkuru/Documents/Pico_SDK_v1.5.1/pico-sdk/src/rp2_common/pico_stdio/stdio.c.obj
 *fill*         0x1000458a        0x2 
 .text.delayed_by_ms
                0x1000458c       0x44 CMakeFiles/run.dir/C_/Users/ktkuru/Documents/Pico_SDK_v1.5.1/pico-sdk/src/rp2_common/pico_stdio/stdio.c.obj
 .text.make_timeout_time_ms
                0x100045d0       0x20 CMakeFiles/run.dir/C_/Users/ktkuru/Documents/Pico_SDK_v1.5.1/pico-sdk/src/rp2_common/pico_stdio/stdio.c.obj
 .text.stdout_serialize_begin
                0x100045f0       0x20 CMakeFiles/run.dir/C_/Users/ktkuru/Documents/Pico_SDK_v1.5.1/pico-sdk/src/rp2_common/pico_stdio/stdio.c.obj
                0x100045f0                stdout_serialize_begin
 .text.stdout_serialize_end
                0x10004610       0x10 CMakeFiles/run.dir/C_/Users/ktkuru/Documents/Pico_SDK_v1.5.1/pico-sdk/src/rp2_common/pico_stdio/stdio.c.obj
                0x10004610                stdout_serialize_end
 .text.stdio_put_string
                0x10004620       0x98 CMakeFiles/run.dir/C_/Users/ktkuru/Documents/Pico_SDK_v1.5.1/pico-sdk/src/rp2_common/pico_stdio/stdio.c.obj
 .text.stdio_set_driver_enabled
                0x100046b8       0x2c CMakeFiles/run.dir/C_/Users/ktkuru/Documents/Pico_SDK_v1.5.1/pico-sdk/src/rp2_common/pico_stdio/stdio.c.obj
                0x100046b8                stdio_set_driver_enabled
 .text.stdio_flush
                0x100046e4       0x20 CMakeFiles/run.dir/C_/Users/ktkuru/Documents/Pico_SDK_v1.5.1/pico-sdk/src/rp2_common/pico_stdio/stdio.c.obj
                0x100046e4                stdio_flush
 .text.__wrap_puts
                0x10004704       0x1e CMakeFiles/run.dir/C_/Users/ktkuru/Documents/Pico_SDK_v1.5.1/pico-sdk/src/rp2_common/pico_stdio/stdio.c.obj
                0x10004704                __wrap_puts
 *fill*         0x10004722        0x2 
 .text.__wrap_vprintf
                0x10004724       0x40 CMakeFiles/run.dir/C_/Users/ktkuru/Documents/Pico_SDK_v1.5.1/pico-sdk/src/rp2_common/pico_stdio/stdio.c.obj
                0x10004724                __wrap_vprintf
 .text.__wrap_printf
                0x10004764       0x18 CMakeFiles/run.dir/C_/Users/ktkuru/Documents/Pico_SDK_v1.5.1/pico-sdk/src/rp2_common/pico_stdio/stdio.c.obj
                0x10004764                __wrap_printf
 .text.stdio_init_all
                0x1000477c        0x8 CMakeFiles/run.dir/C_/Users/ktkuru/Documents/Pico_SDK_v1.5.1/pico-sdk/src/rp2_common/pico_stdio/stdio.c.obj
                0x1000477c                stdio_init_all
 .text.resetd_init
                0x10004784        0x2 CMakeFiles/run.dir/C_/Users/ktkuru/Documents/Pico_SDK_v1.5.1/pico-sdk/src/rp2_common/pico_stdio_usb/reset_interface.c.obj
 *fill*         0x10004786        0x2 
 .text.resetd_reset
                0x10004788        0xc CMakeFiles/run.dir/C_/Users/ktkuru/Documents/Pico_SDK_v1.5.1/pico-sdk/src/rp2_common/pico_stdio_usb/reset_interface.c.obj
 .text.resetd_open
                0x10004794       0x34 CMakeFiles/run.dir/C_/Users/ktkuru/Documents/Pico_SDK_v1.5.1/pico-sdk/src/rp2_common/pico_stdio_usb/reset_interface.c.obj
 .text.resetd_xfer_cb
                0x100047c8        0x4 CMakeFiles/run.dir/C_/Users/ktkuru/Documents/Pico_SDK_v1.5.1/pico-sdk/src/rp2_common/pico_stdio_usb/reset_interface.c.obj
 .text.reset_usb_boot
                0x100047cc       0x18 CMakeFiles/run.dir/C_/Users/ktkuru/Documents/Pico_SDK_v1.5.1/pico-sdk/src/rp2_common/pico_stdio_usb/reset_interface.c.obj
 .text.resetd_control_xfer_cb
                0x100047e4       0x5c CMakeFiles/run.dir/C_/Users/ktkuru/Documents/Pico_SDK_v1.5.1/pico-sdk/src/rp2_common/pico_stdio_usb/reset_interface.c.obj
 .text.usbd_app_driver_get_cb
                0x10004840        0xc CMakeFiles/run.dir/C_/Users/ktkuru/Documents/Pico_SDK_v1.5.1/pico-sdk/src/rp2_common/pico_stdio_usb/reset_interface.c.obj
                0x10004840                usbd_app_driver_get_cb
 .text.tud_cdc_line_coding_cb
                0x1000484c       0x28 CMakeFiles/run.dir/C_/Users/ktkuru/Documents/Pico_SDK_v1.5.1/pico-sdk/src/rp2_common/pico_stdio_usb/reset_interface.c.obj
                0x1000484c                tud_cdc_line_coding_cb
 .text.stdio_usb_set_chars_available_callback
                0x10004874       0x14 CMakeFiles/run.dir/C_/Users/ktkuru/Documents/Pico_SDK_v1.5.1/pico-sdk/src/rp2_common/pico_stdio_usb/stdio_usb.c.obj
                0x10004874                stdio_usb_set_chars_available_callback
 .text.update_us_since_boot
                0x10004888       0x24 CMakeFiles/run.dir/C_/Users/ktkuru/Documents/Pico_SDK_v1.5.1/pico-sdk/src/rp2_common/pico_stdio_usb/stdio_usb.c.obj
 .text.get_absolute_time
                0x100048ac       0x22 CMakeFiles/run.dir/C_/Users/ktkuru/Documents/Pico_SDK_v1.5.1/pico-sdk/src/rp2_common/pico_stdio_usb/stdio_usb.c.obj
 *fill*         0x100048ce        0x2 
 .text.delayed_by_ms
                0x100048d0       0x44 CMakeFiles/run.dir/C_/Users/ktkuru/Documents/Pico_SDK_v1.5.1/pico-sdk/src/rp2_common/pico_stdio_usb/stdio_usb.c.obj
 .text.make_timeout_time_ms
                0x10004914       0x20 CMakeFiles/run.dir/C_/Users/ktkuru/Documents/Pico_SDK_v1.5.1/pico-sdk/src/rp2_common/pico_stdio_usb/stdio_usb.c.obj
 .text.delayed_by_us
                0x10004934       0x34 CMakeFiles/run.dir/C_/Users/ktkuru/Documents/Pico_SDK_v1.5.1/pico-sdk/src/rp2_common/pico_stdio_usb/stdio_usb.c.obj
 .text.usb_irq  0x10004968       0x10 CMakeFiles/run.dir/C_/Users/ktkuru/Documents/Pico_SDK_v1.5.1/pico-sdk/src/rp2_common/pico_stdio_usb/stdio_usb.c.obj
 .text.critical_section_enter_blocking
                0x10004978       0x16 CMakeFiles/run.dir/C_/Users/ktkuru/Documents/Pico_SDK_v1.5.1/pico-sdk/src/rp2_common/pico_stdio_usb/stdio_usb.c.obj
 *fill*         0x1000498e        0x2 
 .text.timer_task
                0x10004990       0x4c CMakeFiles/run.dir/C_/Users/ktkuru/Documents/Pico_SDK_v1.5.1/pico-sdk/src/rp2_common/pico_stdio_usb/stdio_usb.c.obj
 .text.alarm_pool_add_alarm_in_us
                0x100049dc       0x3a CMakeFiles/run.dir/C_/Users/ktkuru/Documents/Pico_SDK_v1.5.1/pico-sdk/src/rp2_common/pico_stdio_usb/stdio_usb.c.obj
 .text.add_alarm_in_us
                0x10004a16       0x2e CMakeFiles/run.dir/C_/Users/ktkuru/Documents/Pico_SDK_v1.5.1/pico-sdk/src/rp2_common/pico_stdio_usb/stdio_usb.c.obj
 .text.low_priority_worker_irq
                0x10004a44       0x7c CMakeFiles/run.dir/C_/Users/ktkuru/Documents/Pico_SDK_v1.5.1/pico-sdk/src/rp2_common/pico_stdio_usb/stdio_usb.c.obj
 .text.tud_cdc_rx_cb
                0x10004ac0       0x20 CMakeFiles/run.dir/C_/Users/ktkuru/Documents/Pico_SDK_v1.5.1/pico-sdk/src/rp2_common/pico_stdio_usb/stdio_usb.c.obj
                0x10004ac0                tud_cdc_rx_cb
 .text.stdio_usb_init
                0x10004ae0       0xd0 CMakeFiles/run.dir/C_/Users/ktkuru/Documents/Pico_SDK_v1.5.1/pico-sdk/src/rp2_common/pico_stdio_usb/stdio_usb.c.obj
                0x10004ae0                stdio_usb_init
 .text.stdio_usb_connected
                0x10004bb0        0xa CMakeFiles/run.dir/C_/Users/ktkuru/Documents/Pico_SDK_v1.5.1/pico-sdk/src/rp2_common/pico_stdio_usb/stdio_usb.c.obj
                0x10004bb0                stdio_usb_connected
 *fill*         0x10004bba        0x2 
 .text.stdio_usb_in_chars
                0x10004bbc       0x88 CMakeFiles/run.dir/C_/Users/ktkuru/Documents/Pico_SDK_v1.5.1/pico-sdk/src/rp2_common/pico_stdio_usb/stdio_usb.c.obj
                0x10004bbc                stdio_usb_in_chars
 .text.stdio_usb_out_chars
                0x10004c44       0xd8 CMakeFiles/run.dir/C_/Users/ktkuru/Documents/Pico_SDK_v1.5.1/pico-sdk/src/rp2_common/pico_stdio_usb/stdio_usb.c.obj
 .text.tud_descriptor_device_cb
                0x10004d1c        0x8 CMakeFiles/run.dir/C_/Users/ktkuru/Documents/Pico_SDK_v1.5.1/pico-sdk/src/rp2_common/pico_stdio_usb/stdio_usb_descriptors.c.obj
                0x10004d1c                tud_descriptor_device_cb
 .text.tud_descriptor_configuration_cb
                0x10004d24        0x8 CMakeFiles/run.dir/C_/Users/ktkuru/Documents/Pico_SDK_v1.5.1/pico-sdk/src/rp2_common/pico_stdio_usb/stdio_usb_descriptors.c.obj
                0x10004d24                tud_descriptor_configuration_cb
 .text.tud_descriptor_string_cb
                0x10004d2c       0x6c CMakeFiles/run.dir/C_/Users/ktkuru/Documents/Pico_SDK_v1.5.1/pico-sdk/src/rp2_common/pico_stdio_usb/stdio_usb_descriptors.c.obj
                0x10004d2c                tud_descriptor_string_cb
 .text._retrieve_unique_id_on_boot
                0x10004d98       0x10 CMakeFiles/run.dir/C_/Users/ktkuru/Documents/Pico_SDK_v1.5.1/pico-sdk/src/rp2_common/pico_unique_id/unique_id.c.obj
 .text.pico_get_unique_board_id_string
                0x10004da8       0x5c CMakeFiles/run.dir/C_/Users/ktkuru/Documents/Pico_SDK_v1.5.1/pico-sdk/src/rp2_common/pico_unique_id/unique_id.c.obj
                0x10004da8                pico_get_unique_board_id_string
 .text.flash_get_unique_id
                0x10004e04       0x40 CMakeFiles/run.dir/C_/Users/ktkuru/Documents/Pico_SDK_v1.5.1/pico-sdk/src/rp2_common/hardware_flash/flash.c.obj
                0x10004e04                flash_get_unique_id
 .text.hw_endpoint_get_by_addr
                0x10004e44       0x18 CMakeFiles/run.dir/C_/Users/ktkuru/Documents/Pico_SDK_v1.5.1/pico-sdk/lib/tinyusb/src/portable/raspberrypi/rp2040/dcd_rp2040.c.obj
 .text._hw_endpoint_alloc
                0x10004e5c       0x70 CMakeFiles/run.dir/C_/Users/ktkuru/Documents/Pico_SDK_v1.5.1/pico-sdk/lib/tinyusb/src/portable/raspberrypi/rp2040/dcd_rp2040.c.obj
 .text.hw_endpoint_init
                0x10004ecc       0x88 CMakeFiles/run.dir/C_/Users/ktkuru/Documents/Pico_SDK_v1.5.1/pico-sdk/lib/tinyusb/src/portable/raspberrypi/rp2040/dcd_rp2040.c.obj
 .text.dcd_event_sof
                0x10004f54       0x2c CMakeFiles/run.dir/C_/Users/ktkuru/Documents/Pico_SDK_v1.5.1/pico-sdk/lib/tinyusb/src/portable/raspberrypi/rp2040/dcd_rp2040.c.obj
 .text.hw_endpoint_xfer
                0x10004f80       0x14 CMakeFiles/run.dir/C_/Users/ktkuru/Documents/Pico_SDK_v1.5.1/pico-sdk/lib/tinyusb/src/portable/raspberrypi/rp2040/dcd_rp2040.c.obj
 .text.dcd_int_enable
                0x10004f94       0x2c CMakeFiles/run.dir/C_/Users/ktkuru/Documents/Pico_SDK_v1.5.1/pico-sdk/lib/tinyusb/src/portable/raspberrypi/rp2040/dcd_rp2040.c.obj
                0x10004f94                dcd_int_enable
 .text.dcd_set_address
                0x10004fc0       0x2c CMakeFiles/run.dir/C_/Users/ktkuru/Documents/Pico_SDK_v1.5.1/pico-sdk/lib/tinyusb/src/portable/raspberrypi/rp2040/dcd_rp2040.c.obj
                0x10004fc0                dcd_set_address
 .text.dcd_connect
                0x10004fec       0x10 CMakeFiles/run.dir/C_/Users/ktkuru/Documents/Pico_SDK_v1.5.1/pico-sdk/lib/tinyusb/src/portable/raspberrypi/rp2040/dcd_rp2040.c.obj
                0x10004fec                dcd_connect
 .text.dcd_init
                0x10004ffc       0x80 CMakeFiles/run.dir/C_/Users/ktkuru/Documents/Pico_SDK_v1.5.1/pico-sdk/lib/tinyusb/src/portable/raspberrypi/rp2040/dcd_rp2040.c.obj
                0x10004ffc                dcd_init
 .text.dcd_edpt0_status_complete
                0x1000507c       0x1c CMakeFiles/run.dir/C_/Users/ktkuru/Documents/Pico_SDK_v1.5.1/pico-sdk/lib/tinyusb/src/portable/raspberrypi/rp2040/dcd_rp2040.c.obj
                0x1000507c                dcd_edpt0_status_complete
 .text.dcd_edpt_open
                0x10005098       0x40 CMakeFiles/run.dir/C_/Users/ktkuru/Documents/Pico_SDK_v1.5.1/pico-sdk/lib/tinyusb/src/portable/raspberrypi/rp2040/dcd_rp2040.c.obj
                0x10005098                dcd_edpt_open
 .text.dcd_edpt_close_all
                0x100050d8        0x8 CMakeFiles/run.dir/C_/Users/ktkuru/Documents/Pico_SDK_v1.5.1/pico-sdk/lib/tinyusb/src/portable/raspberrypi/rp2040/dcd_rp2040.c.obj
                0x100050d8                dcd_edpt_close_all
 .text.dcd_edpt_xfer
                0x100050e0       0x34 CMakeFiles/run.dir/C_/Users/ktkuru/Documents/Pico_SDK_v1.5.1/pico-sdk/lib/tinyusb/src/portable/raspberrypi/rp2040/dcd_rp2040.c.obj
                0x100050e0                dcd_edpt_xfer
 .text.dcd_edpt_stall
                0x10005114       0x2c CMakeFiles/run.dir/C_/Users/ktkuru/Documents/Pico_SDK_v1.5.1/pico-sdk/lib/tinyusb/src/portable/raspberrypi/rp2040/dcd_rp2040.c.obj
                0x10005114                dcd_edpt_stall
 .text.dcd_edpt_clear_stall
                0x10005140       0x20 CMakeFiles/run.dir/C_/Users/ktkuru/Documents/Pico_SDK_v1.5.1/pico-sdk/lib/tinyusb/src/portable/raspberrypi/rp2040/dcd_rp2040.c.obj
                0x10005140                dcd_edpt_clear_stall
 .text.rp2040_usb_init
                0x10005160       0x4c CMakeFiles/run.dir/C_/Users/ktkuru/Documents/Pico_SDK_v1.5.1/pico-sdk/lib/tinyusb/src/portable/raspberrypi/rp2040/rp2040_usb.c.obj
                0x10005160                rp2040_usb_init
 .text.hw_endpoint_xfer_start
                0x100051ac       0x50 CMakeFiles/run.dir/C_/Users/ktkuru/Documents/Pico_SDK_v1.5.1/pico-sdk/lib/tinyusb/src/portable/raspberrypi/rp2040/rp2040_usb.c.obj
                0x100051ac                hw_endpoint_xfer_start
 .text.configuration_reset
                0x100051fc       0x84 CMakeFiles/run.dir/C_/Users/ktkuru/Documents/Pico_SDK_v1.5.1/pico-sdk/lib/tinyusb/src/device/usbd.c.obj
 .text.critical_section_enter_blocking
                0x10005280       0x16 CMakeFiles/run.dir/C_/Users/ktkuru/Documents/Pico_SDK_v1.5.1/pico-sdk/lib/tinyusb/src/device/usbd.c.obj
 .text.usbd_reset
                0x10005296        0xc CMakeFiles/run.dir/C_/Users/ktkuru/Documents/Pico_SDK_v1.5.1/pico-sdk/lib/tinyusb/src/device/usbd.c.obj
 .text.invoke_class_control
                0x100052a2       0x1a CMakeFiles/run.dir/C_/Users/ktkuru/Documents/Pico_SDK_v1.5.1/pico-sdk/lib/tinyusb/src/device/usbd.c.obj
 .text.process_set_config
                0x100052bc      0x178 CMakeFiles/run.dir/C_/Users/ktkuru/Documents/Pico_SDK_v1.5.1/pico-sdk/lib/tinyusb/src/device/usbd.c.obj
 .text.process_get_descriptor
                0x10005434       0xdc CMakeFiles/run.dir/C_/Users/ktkuru/Documents/Pico_SDK_v1.5.1/pico-sdk/lib/tinyusb/src/device/usbd.c.obj
 .text.tud_mounted
                0x10005510       0x10 CMakeFiles/run.dir/C_/Users/ktkuru/Documents/Pico_SDK_v1.5.1/pico-sdk/lib/tinyusb/src/device/usbd.c.obj
                0x10005510                tud_mounted
 .text.tud_suspended
                0x10005520       0x10 CMakeFiles/run.dir/C_/Users/ktkuru/Documents/Pico_SDK_v1.5.1/pico-sdk/lib/tinyusb/src/device/usbd.c.obj
                0x10005520                tud_suspended
 .text.tud_inited
                0x10005530       0x14 CMakeFiles/run.dir/C_/Users/ktkuru/Documents/Pico_SDK_v1.5.1/pico-sdk/lib/tinyusb/src/device/usbd.c.obj
                0x10005530                tud_inited
 .text.tud_init
                0x10005544       0xcc CMakeFiles/run.dir/C_/Users/ktkuru/Documents/Pico_SDK_v1.5.1/pico-sdk/lib/tinyusb/src/device/usbd.c.obj
                0x10005544                tud_init
 .text.usbd_defer_func
                0x10005610       0x2a CMakeFiles/run.dir/C_/Users/ktkuru/Documents/Pico_SDK_v1.5.1/pico-sdk/lib/tinyusb/src/device/usbd.c.obj
                0x10005610                usbd_defer_func
 *fill*         0x1000563a        0x2 
 .text.usbd_edpt_open
                0x1000563c       0x34 CMakeFiles/run.dir/C_/Users/ktkuru/Documents/Pico_SDK_v1.5.1/pico-sdk/lib/tinyusb/src/device/usbd.c.obj
                0x1000563c                usbd_edpt_open
 .text.usbd_open_edpt_pair
                0x10005670       0x62 CMakeFiles/run.dir/C_/Users/ktkuru/Documents/Pico_SDK_v1.5.1/pico-sdk/lib/tinyusb/src/device/usbd.c.obj
                0x10005670                usbd_open_edpt_pair
 *fill*         0x100056d2        0x2 
 .text.usbd_edpt_claim
                0x100056d4       0x28 CMakeFiles/run.dir/C_/Users/ktkuru/Documents/Pico_SDK_v1.5.1/pico-sdk/lib/tinyusb/src/device/usbd.c.obj
                0x100056d4                usbd_edpt_claim
 .text.usbd_edpt_release
                0x100056fc       0x28 CMakeFiles/run.dir/C_/Users/ktkuru/Documents/Pico_SDK_v1.5.1/pico-sdk/lib/tinyusb/src/device/usbd.c.obj
                0x100056fc                usbd_edpt_release
 .text.usbd_edpt_xfer
                0x10005724       0x78 CMakeFiles/run.dir/C_/Users/ktkuru/Documents/Pico_SDK_v1.5.1/pico-sdk/lib/tinyusb/src/device/usbd.c.obj
                0x10005724                usbd_edpt_xfer
 .text.usbd_edpt_stall
                0x1000579c       0x48 CMakeFiles/run.dir/C_/Users/ktkuru/Documents/Pico_SDK_v1.5.1/pico-sdk/lib/tinyusb/src/device/usbd.c.obj
                0x1000579c                usbd_edpt_stall
 .text.usbd_edpt_clear_stall
                0x100057e4       0x48 CMakeFiles/run.dir/C_/Users/ktkuru/Documents/Pico_SDK_v1.5.1/pico-sdk/lib/tinyusb/src/device/usbd.c.obj
                0x100057e4                usbd_edpt_clear_stall
 .text.usbd_edpt_stalled
                0x1000582c       0x1c CMakeFiles/run.dir/C_/Users/ktkuru/Documents/Pico_SDK_v1.5.1/pico-sdk/lib/tinyusb/src/device/usbd.c.obj
                0x1000582c                usbd_edpt_stalled
 .text.process_control_request
                0x10005848      0x374 CMakeFiles/run.dir/C_/Users/ktkuru/Documents/Pico_SDK_v1.5.1/pico-sdk/lib/tinyusb/src/device/usbd.c.obj
 .text.tud_task_ext
                0x10005bbc      0x1a8 CMakeFiles/run.dir/C_/Users/ktkuru/Documents/Pico_SDK_v1.5.1/pico-sdk/lib/tinyusb/src/device/usbd.c.obj
                0x10005bbc                tud_task_ext
 .text._status_stage_xact
                0x10005d64       0x1a CMakeFiles/run.dir/C_/Users/ktkuru/Documents/Pico_SDK_v1.5.1/pico-sdk/lib/tinyusb/src/device/usbd_control.c.obj
 *fill*         0x10005d7e        0x2 
 .text._data_stage_xact
                0x10005d80       0x58 CMakeFiles/run.dir/C_/Users/ktkuru/Documents/Pico_SDK_v1.5.1/pico-sdk/lib/tinyusb/src/device/usbd_control.c.obj
 .text.tud_control_status
                0x10005dd8       0x28 CMakeFiles/run.dir/C_/Users/ktkuru/Documents/Pico_SDK_v1.5.1/pico-sdk/lib/tinyusb/src/device/usbd_control.c.obj
                0x10005dd8                tud_control_status
 .text.tud_control_xfer
                0x10005e00       0x68 CMakeFiles/run.dir/C_/Users/ktkuru/Documents/Pico_SDK_v1.5.1/pico-sdk/lib/tinyusb/src/device/usbd_control.c.obj
                0x10005e00                tud_control_xfer
 .text.usbd_control_reset
                0x10005e68       0x14 CMakeFiles/run.dir/C_/Users/ktkuru/Documents/Pico_SDK_v1.5.1/pico-sdk/lib/tinyusb/src/device/usbd_control.c.obj
                0x10005e68                usbd_control_reset
 .text.usbd_control_set_complete_callback
                0x10005e7c        0xc CMakeFiles/run.dir/C_/Users/ktkuru/Documents/Pico_SDK_v1.5.1/pico-sdk/lib/tinyusb/src/device/usbd_control.c.obj
                0x10005e7c                usbd_control_set_complete_callback
 .text.usbd_control_set_request
                0x10005e88       0x1c CMakeFiles/run.dir/C_/Users/ktkuru/Documents/Pico_SDK_v1.5.1/pico-sdk/lib/tinyusb/src/device/usbd_control.c.obj
                0x10005e88                usbd_control_set_request
 .text.usbd_control_xfer_cb
                0x10005ea4       0xbc CMakeFiles/run.dir/C_/Users/ktkuru/Documents/Pico_SDK_v1.5.1/pico-sdk/lib/tinyusb/src/device/usbd_control.c.obj
                0x10005ea4                usbd_control_xfer_cb
 .text._prep_out_transaction
                0x10005f60       0x4a CMakeFiles/run.dir/C_/Users/ktkuru/Documents/Pico_SDK_v1.5.1/pico-sdk/lib/tinyusb/src/class/cdc/cdc_device.c.obj
 *fill*         0x10005faa        0x2 
 .text.tud_cdc_n_connected
                0x10005fac       0x38 CMakeFiles/run.dir/C_/Users/ktkuru/Documents/Pico_SDK_v1.5.1/pico-sdk/lib/tinyusb/src/class/cdc/cdc_device.c.obj
                0x10005fac                tud_cdc_n_connected
 .text.tud_cdc_n_available
                0x10005fe4       0x18 CMakeFiles/run.dir/C_/Users/ktkuru/Documents/Pico_SDK_v1.5.1/pico-sdk/lib/tinyusb/src/class/cdc/cdc_device.c.obj
                0x10005fe4                tud_cdc_n_available
 .text.tud_cdc_n_read
                0x10005ffc       0x28 CMakeFiles/run.dir/C_/Users/ktkuru/Documents/Pico_SDK_v1.5.1/pico-sdk/lib/tinyusb/src/class/cdc/cdc_device.c.obj
                0x10005ffc                tud_cdc_n_read
 .text.tud_cdc_n_write_flush
                0x10006024       0xb8 CMakeFiles/run.dir/C_/Users/ktkuru/Documents/Pico_SDK_v1.5.1/pico-sdk/lib/tinyusb/src/class/cdc/cdc_device.c.obj
                0x10006024                tud_cdc_n_write_flush
 .text.tud_cdc_n_write
                0x100060dc       0x38 CMakeFiles/run.dir/C_/Users/ktkuru/Documents/Pico_SDK_v1.5.1/pico-sdk/lib/tinyusb/src/class/cdc/cdc_device.c.obj
                0x100060dc                tud_cdc_n_write
 .text.tud_cdc_n_write_available
                0x10006114       0x1c CMakeFiles/run.dir/C_/Users/ktkuru/Documents/Pico_SDK_v1.5.1/pico-sdk/lib/tinyusb/src/class/cdc/cdc_device.c.obj
                0x10006114                tud_cdc_n_write_available
 .text.cdcd_init
                0x10006130       0xbc CMakeFiles/run.dir/C_/Users/ktkuru/Documents/Pico_SDK_v1.5.1/pico-sdk/lib/tinyusb/src/class/cdc/cdc_device.c.obj
                0x10006130                cdcd_init
 .text.cdcd_reset
                0x100061ec       0x44 CMakeFiles/run.dir/C_/Users/ktkuru/Documents/Pico_SDK_v1.5.1/pico-sdk/lib/tinyusb/src/class/cdc/cdc_device.c.obj
                0x100061ec                cdcd_reset
 .text.cdcd_open
                0x10006230       0xc4 CMakeFiles/run.dir/C_/Users/ktkuru/Documents/Pico_SDK_v1.5.1/pico-sdk/lib/tinyusb/src/class/cdc/cdc_device.c.obj
                0x10006230                cdcd_open
 .text.cdcd_control_xfer_cb
                0x100062f4      0x134 CMakeFiles/run.dir/C_/Users/ktkuru/Documents/Pico_SDK_v1.5.1/pico-sdk/lib/tinyusb/src/class/cdc/cdc_device.c.obj
                0x100062f4                cdcd_control_xfer_cb
 .text.cdcd_xfer_cb
                0x10006428      0x130 CMakeFiles/run.dir/C_/Users/ktkuru/Documents/Pico_SDK_v1.5.1/pico-sdk/lib/tinyusb/src/class/cdc/cdc_device.c.obj
                0x10006428                cdcd_xfer_cb
 .text.tusb_init
                0x10006558        0xa CMakeFiles/run.dir/C_/Users/ktkuru/Documents/Pico_SDK_v1.5.1/pico-sdk/lib/tinyusb/src/tusb.c.obj
                0x10006558                tusb_init
 .text.tusb_inited
                0x10006562        0xe CMakeFiles/run.dir/C_/Users/ktkuru/Documents/Pico_SDK_v1.5.1/pico-sdk/lib/tinyusb/src/tusb.c.obj
                0x10006562                tusb_inited
 .text.tu_edpt_claim
                0x10006570       0x50 CMakeFiles/run.dir/C_/Users/ktkuru/Documents/Pico_SDK_v1.5.1/pico-sdk/lib/tinyusb/src/tusb.c.obj
                0x10006570                tu_edpt_claim
 .text.tu_edpt_release
                0x100065c0       0x38 CMakeFiles/run.dir/C_/Users/ktkuru/Documents/Pico_SDK_v1.5.1/pico-sdk/lib/tinyusb/src/tusb.c.obj
                0x100065c0                tu_edpt_release
 .text.tu_edpt_validate
                0x100065f8       0x78 CMakeFiles/run.dir/C_/Users/ktkuru/Documents/Pico_SDK_v1.5.1/pico-sdk/lib/tinyusb/src/tusb.c.obj
                0x100065f8                tu_edpt_validate
 .text.tu_edpt_bind_driver
                0x10006670       0x26 CMakeFiles/run.dir/C_/Users/ktkuru/Documents/Pico_SDK_v1.5.1/pico-sdk/lib/tinyusb/src/tusb.c.obj
                0x10006670                tu_edpt_bind_driver
 .text.advance_index
                0x10006696       0x1a CMakeFiles/run.dir/C_/Users/ktkuru/Documents/Pico_SDK_v1.5.1/pico-sdk/lib/tinyusb/src/common/tusb_fifo.c.obj
 .text._tu_fifo_peek
                0x100066b0       0x56 CMakeFiles/run.dir/C_/Users/ktkuru/Documents/Pico_SDK_v1.5.1/pico-sdk/lib/tinyusb/src/common/tusb_fifo.c.obj
 .text._ff_pull_const_addr
                0x10006706       0x4c CMakeFiles/run.dir/C_/Users/ktkuru/Documents/Pico_SDK_v1.5.1/pico-sdk/lib/tinyusb/src/common/tusb_fifo.c.obj
 .text._ff_pull_n
                0x10006752      0x110 CMakeFiles/run.dir/C_/Users/ktkuru/Documents/Pico_SDK_v1.5.1/pico-sdk/lib/tinyusb/src/common/tusb_fifo.c.obj
 .text._tu_fifo_peek_n
                0x10006862       0x6a CMakeFiles/run.dir/C_/Users/ktkuru/Documents/Pico_SDK_v1.5.1/pico-sdk/lib/tinyusb/src/common/tusb_fifo.c.obj
 .text._tu_fifo_read_n
                0x100068cc       0x4e CMakeFiles/run.dir/C_/Users/ktkuru/Documents/Pico_SDK_v1.5.1/pico-sdk/lib/tinyusb/src/common/tusb_fifo.c.obj
 .text._ff_push_const_addr
                0x1000691a       0x40 CMakeFiles/run.dir/C_/Users/ktkuru/Documents/Pico_SDK_v1.5.1/pico-sdk/lib/tinyusb/src/common/tusb_fifo.c.obj
 .text._ff_push_n
                0x1000695a      0x10c CMakeFiles/run.dir/C_/Users/ktkuru/Documents/Pico_SDK_v1.5.1/pico-sdk/lib/tinyusb/src/common/tusb_fifo.c.obj
 .text._tu_fifo_write_n
                0x10006a66       0xf0 CMakeFiles/run.dir/C_/Users/ktkuru/Documents/Pico_SDK_v1.5.1/pico-sdk/lib/tinyusb/src/common/tusb_fifo.c.obj
 .text.tu_fifo_config
                0x10006b56       0x7c CMakeFiles/run.dir/C_/Users/ktkuru/Documents/Pico_SDK_v1.5.1/pico-sdk/lib/tinyusb/src/common/tusb_fifo.c.obj
                0x10006b56                tu_fifo_config
 .text.tu_fifo_count
                0x10006bd2       0x2a CMakeFiles/run.dir/C_/Users/ktkuru/Documents/Pico_SDK_v1.5.1/pico-sdk/lib/tinyusb/src/common/tusb_fifo.c.obj
                0x10006bd2                tu_fifo_count
 .text.tu_fifo_empty
                0x10006bfc        0xe CMakeFiles/run.dir/C_/Users/ktkuru/Documents/Pico_SDK_v1.5.1/pico-sdk/lib/tinyusb/src/common/tusb_fifo.c.obj
                0x10006bfc                tu_fifo_empty
 .text.tu_fifo_full
                0x10006c0a       0x28 CMakeFiles/run.dir/C_/Users/ktkuru/Documents/Pico_SDK_v1.5.1/pico-sdk/lib/tinyusb/src/common/tusb_fifo.c.obj
                0x10006c0a                tu_fifo_full
 .text.tu_fifo_remaining
                0x10006c32       0x2c CMakeFiles/run.dir/C_/Users/ktkuru/Documents/Pico_SDK_v1.5.1/pico-sdk/lib/tinyusb/src/common/tusb_fifo.c.obj
                0x10006c32                tu_fifo_remaining
 .text.tu_fifo_read
                0x10006c5e       0x42 CMakeFiles/run.dir/C_/Users/ktkuru/Documents/Pico_SDK_v1.5.1/pico-sdk/lib/tinyusb/src/common/tusb_fifo.c.obj
                0x10006c5e                tu_fifo_read
 .text.tu_fifo_read_n
                0x10006ca0        0xa CMakeFiles/run.dir/C_/Users/ktkuru/Documents/Pico_SDK_v1.5.1/pico-sdk/lib/tinyusb/src/common/tusb_fifo.c.obj
                0x10006ca0                tu_fifo_read_n
 .text.tu_fifo_write
                0x10006caa       0x64 CMakeFiles/run.dir/C_/Users/ktkuru/Documents/Pico_SDK_v1.5.1/pico-sdk/lib/tinyusb/src/common/tusb_fifo.c.obj
                0x10006caa                tu_fifo_write
 .text.tu_fifo_write_n
                0x10006d0e        0xa CMakeFiles/run.dir/C_/Users/ktkuru/Documents/Pico_SDK_v1.5.1/pico-sdk/lib/tinyusb/src/common/tusb_fifo.c.obj
                0x10006d0e                tu_fifo_write_n
 .text.tu_fifo_clear
                0x10006d18       0x3e CMakeFiles/run.dir/C_/Users/ktkuru/Documents/Pico_SDK_v1.5.1/pico-sdk/lib/tinyusb/src/common/tusb_fifo.c.obj
                0x10006d18                tu_fifo_clear
 .text.tu_fifo_set_overwritable
                0x10006d56       0x46 CMakeFiles/run.dir/C_/Users/ktkuru/Documents/Pico_SDK_v1.5.1/pico-sdk/lib/tinyusb/src/common/tusb_fifo.c.obj
                0x10006d56                tu_fifo_set_overwritable
 .text.core1_trampoline
                0x10006d9c        0x2 CMakeFiles/run.dir/C_/Users/ktkuru/Documents/Pico_SDK_v1.5.1/pico-sdk/src/rp2_common/pico_multicore/multicore.c.obj
 .text.core1_wrapper
                0x10006d9e        0xc CMakeFiles/run.dir/C_/Users/ktkuru/Documents/Pico_SDK_v1.5.1/pico-sdk/src/rp2_common/pico_multicore/multicore.c.obj
                0x10006d9e                core1_wrapper
 .text.multicore_fifo_push_blocking
                0x10006daa       0x14 CMakeFiles/run.dir/C_/Users/ktkuru/Documents/Pico_SDK_v1.5.1/pico-sdk/src/rp2_common/pico_multicore/multicore.c.obj
                0x10006daa                multicore_fifo_push_blocking
 .text.multicore_fifo_pop_blocking
                0x10006dbe       0x16 CMakeFiles/run.dir/C_/Users/ktkuru/Documents/Pico_SDK_v1.5.1/pico-sdk/src/rp2_common/pico_multicore/multicore.c.obj
                0x10006dbe                multicore_fifo_pop_blocking
 .text.multicore_launch_core1_raw
                0x10006dd4       0x70 CMakeFiles/run.dir/C_/Users/ktkuru/Documents/Pico_SDK_v1.5.1/pico-sdk/src/rp2_common/pico_multicore/multicore.c.obj
                0x10006dd4                multicore_launch_core1_raw
 .text.multicore_launch_core1_with_stack
                0x10006e44       0x50 CMakeFiles/run.dir/C_/Users/ktkuru/Documents/Pico_SDK_v1.5.1/pico-sdk/src/rp2_common/pico_multicore/multicore.c.obj
                0x10006e44                multicore_launch_core1_with_stack
 .text.multicore_launch_core1
                0x10006e94       0x24 CMakeFiles/run.dir/C_/Users/ktkuru/Documents/Pico_SDK_v1.5.1/pico-sdk/src/rp2_common/pico_multicore/multicore.c.obj
                0x10006e94                multicore_launch_core1
 .text.i2c_write_blocking_internal
                0x10006eb8      0x146 CMakeFiles/run.dir/C_/Users/ktkuru/Documents/Pico_SDK_v1.5.1/pico-sdk/src/rp2_common/hardware_i2c/i2c.c.obj
 *fill*         0x10006ffe        0x2 
 .text.i2c_set_baudrate
                0x10007000       0xf0 CMakeFiles/run.dir/C_/Users/ktkuru/Documents/Pico_SDK_v1.5.1/pico-sdk/src/rp2_common/hardware_i2c/i2c.c.obj
                0x10007000                i2c_set_baudrate
 .text.i2c_init
                0x100070f0       0x58 CMakeFiles/run.dir/C_/Users/ktkuru/Documents/Pico_SDK_v1.5.1/pico-sdk/src/rp2_common/hardware_i2c/i2c.c.obj
                0x100070f0                i2c_init
 .text.i2c_write_blocking
                0x10007148       0x18 CMakeFiles/run.dir/C_/Users/ktkuru/Documents/Pico_SDK_v1.5.1/pico-sdk/src/rp2_common/hardware_i2c/i2c.c.obj
                0x10007148                i2c_write_blocking
 .text.PWM_Init
                0x10007160       0xd8 ..\PWM\libpwm.a(pwm.c.obj)
                0x10007160                PWM_Init
 .text.PWM_SetDuty
                0x10007238       0x28 ..\PWM\libpwm.a(pwm.c.obj)
                0x10007238                PWM_SetDuty
 .text.ENcoder_Init
                0x10007260       0x60 ..\PWM\libpwm.a(pwm.c.obj)
                0x10007260                ENcoder_Init
 .text.encoder_interput_callback
                0x100072c0       0x4c ..\PWM\libpwm.a(pwm.c.obj)
                0x100072c0                encoder_interput_callback
 .text.encoder_timer_callback
                0x1000730c       0x2c ..\PWM\libpwm.a(pwm.c.obj)
                0x1000730c                encoder_timer_callback
 .text.OLED_SetCursor
                0x10007338       0x40 ..\IIC\OLED\liboled.a(OLED.c.obj)
                0x10007338                OLED_SetCursor
 .text.OLED_Update
                0x10007378       0x38 ..\IIC\OLED\liboled.a(OLED.c.obj)
                0x10007378                OLED_Update
 .text.OLED_Clear
                0x100073b0       0x2c ..\IIC\OLED\liboled.a(OLED.c.obj)
                0x100073b0                OLED_Clear
 .text.OLED_Init
                0x100073dc      0x16c ..\IIC\OLED\liboled.a(OLED.c.obj)
                0x100073dc                OLED_Init
 .text.OLED_ClearArea
                0x10007548       0x90 ..\IIC\OLED\liboled.a(OLED.c.obj)
                0x10007548                OLED_ClearArea
 .text.OLED_ShowImage
                0x100075d8      0x110 ..\IIC\OLED\liboled.a(OLED.c.obj)
                0x100075d8                OLED_ShowImage
 .text.OLED_ShowChar
                0x100076e8       0x44 ..\IIC\OLED\liboled.a(OLED.c.obj)
                0x100076e8                OLED_ShowChar
 .text.OLED_ShowString
                0x1000772c       0x32 ..\IIC\OLED\liboled.a(OLED.c.obj)
                0x1000772c                OLED_ShowString
 .text.OLED_Printf
                0x1000775e       0x2e ..\IIC\OLED\liboled.a(OLED.c.obj)
                0x1000775e                OLED_Printf
 .text.IIC_GPIO_Init
                0x1000778c       0x48 ..\IIC\libi2c.a(i2clib.c.obj)
                0x1000778c                IIC_GPIO_Init
 .text.IIC_WriteCommand
                0x100077d4       0x1c ..\IIC\libi2c.a(i2clib.c.obj)
                0x100077d4                IIC_WriteCommand
 .text.IIC_WriteData
                0x100077f0       0x4c ..\IIC\libi2c.a(i2clib.c.obj)
                0x100077f0                IIC_WriteData
 .text._calloc_r
                0x1000783c       0xa8 C:/PROGRA~2/ARMGNU~1/133167~1.3RE/bin/../lib/gcc/arm-none-eabi/13.3.1/thumb/v6-m/nofp\libg.a(libc_a-callocr.o)
                0x1000783c                _calloc_r
 .text._malloc_r
                0x100078e4      0x5c4 C:/PROGRA~2/ARMGNU~1/133167~1.3RE/bin/../lib/gcc/arm-none-eabi/13.3.1/thumb/v6-m/nofp\libg.a(libc_a-mallocr.o)
                0x100078e4                _malloc_r
 .text.__malloc_lock
                0x10007ea8       0x10 C:/PROGRA~2/ARMGNU~1/133167~1.3RE/bin/../lib/gcc/arm-none-eabi/13.3.1/thumb/v6-m/nofp\libg.a(libc_a-mlock.o)
                0x10007ea8                __malloc_lock
 .text.__malloc_unlock
                0x10007eb8       0x10 C:/PROGRA~2/ARMGNU~1/133167~1.3RE/bin/../lib/gcc/arm-none-eabi/13.3.1/thumb/v6-m/nofp\libg.a(libc_a-mlock.o)
                0x10007eb8                __malloc_unlock
 .text._realloc_r
                0x10007ec8      0x350 C:/PROGRA~2/ARMGNU~1/133167~1.3RE/bin/../lib/gcc/arm-none-eabi/13.3.1/thumb/v6-m/nofp\libg.a(libc_a-reallocr.o)
                0x10007ec8                _realloc_r
 .text.vsprintf
                0x10008218       0x3c C:/PROGRA~2/ARMGNU~1/133167~1.3RE/bin/../lib/gcc/arm-none-eabi/13.3.1/thumb/v6-m/nofp\libg.a(libc_a-vsprintf.o)
                0x10008218                vsprintf
 .text.memmove  0x10008254       0xb0 C:/PROGRA~2/ARMGNU~1/133167~1.3RE/bin/../lib/gcc/arm-none-eabi/13.3.1/thumb/v6-m/nofp\libg.a(libc_a-memmove.o)
                0x10008254                memmove
 .text._sbrk_r  0x10008304       0x24 C:/PROGRA~2/ARMGNU~1/133167~1.3RE/bin/../lib/gcc/arm-none-eabi/13.3.1/thumb/v6-m/nofp\libg.a(libc_a-sbrkr.o)
                0x10008304                _sbrk_r
 .text.__errno  0x10008328        0xc C:/PROGRA~2/ARMGNU~1/133167~1.3RE/bin/../lib/gcc/arm-none-eabi/13.3.1/thumb/v6-m/nofp\libg.a(libc_a-errno.o)
                0x10008328                __errno
 .text.__retarget_lock_acquire_recursive
                0x10008334        0x4 C:/PROGRA~2/ARMGNU~1/133167~1.3RE/bin/../lib/gcc/arm-none-eabi/13.3.1/thumb/v6-m/nofp\libg.a(libc_a-lock.o)
                0x10008334                __retarget_lock_acquire_recursive
 .text.__retarget_lock_release_recursive
                0x10008338        0x4 C:/PROGRA~2/ARMGNU~1/133167~1.3RE/bin/../lib/gcc/arm-none-eabi/13.3.1/thumb/v6-m/nofp\libg.a(libc_a-lock.o)
                0x10008338                __retarget_lock_release_recursive
 .text.sysconf  0x1000833c       0x1c C:/PROGRA~2/ARMGNU~1/133167~1.3RE/bin/../lib/gcc/arm-none-eabi/13.3.1/thumb/v6-m/nofp\libg.a(libc_a-sysconf.o)
                0x1000833c                sysconf
 .text.strlen   0x10008358       0x5c C:/PROGRA~2/ARMGNU~1/133167~1.3RE/bin/../lib/gcc/arm-none-eabi/13.3.1/thumb/v6-m/nofp\libg.a(libc_a-strlen-stub.o)
                0x10008358                strlen
 .text._malloc_trim_r
                0x100083b4       0xb4 C:/PROGRA~2/ARMGNU~1/133167~1.3RE/bin/../lib/gcc/arm-none-eabi/13.3.1/thumb/v6-m/nofp\libg.a(libc_a-freer.o)
                0x100083b4                _malloc_trim_r
 .text._free_r  0x10008468      0x1d4 C:/PROGRA~2/ARMGNU~1/133167~1.3RE/bin/../lib/gcc/arm-none-eabi/13.3.1/thumb/v6-m/nofp\libg.a(libc_a-freer.o)
                0x10008468                _free_r
 .text._svfprintf_r
                0x1000863c     0x1c3c C:/PROGRA~2/ARMGNU~1/133167~1.3RE/bin/../lib/gcc/arm-none-eabi/13.3.1/thumb/v6-m/nofp\libg.a(libc_a-svfprintf.o)
                0x1000863c                _svfprintf_r
 .text.__ssprint_r
                0x1000a278       0x58 C:/PROGRA~2/ARMGNU~1/133167~1.3RE/bin/../lib/gcc/arm-none-eabi/13.3.1/thumb/v6-m/nofp\libg.a(libc_a-ssprint_r.o)
                0x1000a278                __ssprint_r
 .text.strncpy  0x1000a2d0       0x60 C:/PROGRA~2/ARMGNU~1/133167~1.3RE/bin/../lib/gcc/arm-none-eabi/13.3.1/thumb/v6-m/nofp\libg.a(libc_a-strncpy.o)
                0x1000a2d0                strncpy
 .text.__locale_mb_cur_max
                0x1000a330       0x10 C:/PROGRA~2/ARMGNU~1/133167~1.3RE/bin/../lib/gcc/arm-none-eabi/13.3.1/thumb/v6-m/nofp\libg.a(libc_a-locale.o)
                0x1000a330                __locale_mb_cur_max
 .text._localeconv_r
                0x1000a340        0x8 C:/PROGRA~2/ARMGNU~1/133167~1.3RE/bin/../lib/gcc/arm-none-eabi/13.3.1/thumb/v6-m/nofp\libg.a(libc_a-localeconv.o)
                0x1000a340                _localeconv_r
 .text.memchr   0x1000a348       0x74 C:/PROGRA~2/ARMGNU~1/133167~1.3RE/bin/../lib/gcc/arm-none-eabi/13.3.1/thumb/v6-m/nofp\libg.a(libc_a-memchr-stub.o)
                0x1000a348                memchr
 .text.frexp    0x1000a3bc       0x68 C:/PROGRA~2/ARMGNU~1/133167~1.3RE/bin/../lib/gcc/arm-none-eabi/13.3.1/thumb/v6-m/nofp\libg.a(libm_a-s_frexp.o)
                0x1000a3bc                frexp
 .text.quorem   0x1000a424      0x154 C:/PROGRA~2/ARMGNU~1/133167~1.3RE/bin/../lib/gcc/arm-none-eabi/13.3.1/thumb/v6-m/nofp\libg.a(libc_a-dtoa.o)
 .text._dtoa_r  0x1000a578      0xfb8 C:/PROGRA~2/ARMGNU~1/133167~1.3RE/bin/../lib/gcc/arm-none-eabi/13.3.1/thumb/v6-m/nofp\libg.a(libc_a-dtoa.o)
                0x1000a578                _dtoa_r
 .text.__ascii_mbtowc
                0x1000b530       0x2c C:/PROGRA~2/ARMGNU~1/133167~1.3RE/bin/../lib/gcc/arm-none-eabi/13.3.1/thumb/v6-m/nofp\libg.a(libc_a-mbtowc_r.o)
                0x1000b530                __ascii_mbtowc
 .text._Balloc  0x1000b55c       0x50 C:/PROGRA~2/ARMGNU~1/133167~1.3RE/bin/../lib/gcc/arm-none-eabi/13.3.1/thumb/v6-m/nofp\libg.a(libc_a-mprec.o)
                0x1000b55c                _Balloc
 .text._Bfree   0x1000b5ac       0x14 C:/PROGRA~2/ARMGNU~1/133167~1.3RE/bin/../lib/gcc/arm-none-eabi/13.3.1/thumb/v6-m/nofp\libg.a(libc_a-mprec.o)
                0x1000b5ac                _Bfree
 .text.__multadd
                0x1000b5c0       0xa8 C:/PROGRA~2/ARMGNU~1/133167~1.3RE/bin/../lib/gcc/arm-none-eabi/13.3.1/thumb/v6-m/nofp\libg.a(libc_a-mprec.o)
                0x1000b5c0                __multadd
 .text.__hi0bits
                0x1000b668       0x4c C:/PROGRA~2/ARMGNU~1/133167~1.3RE/bin/../lib/gcc/arm-none-eabi/13.3.1/thumb/v6-m/nofp\libg.a(libc_a-mprec.o)
                0x1000b668                __hi0bits
 .text.__lo0bits
                0x1000b6b4       0x5c C:/PROGRA~2/ARMGNU~1/133167~1.3RE/bin/../lib/gcc/arm-none-eabi/13.3.1/thumb/v6-m/nofp\libg.a(libc_a-mprec.o)
                0x1000b6b4                __lo0bits
 .text.__i2b    0x1000b710       0x60 C:/PROGRA~2/ARMGNU~1/133167~1.3RE/bin/../lib/gcc/arm-none-eabi/13.3.1/thumb/v6-m/nofp\libg.a(libc_a-mprec.o)
                0x1000b710                __i2b
 .text.__multiply
                0x1000b770      0x1ac C:/PROGRA~2/ARMGNU~1/133167~1.3RE/bin/../lib/gcc/arm-none-eabi/13.3.1/thumb/v6-m/nofp\libg.a(libc_a-mprec.o)
                0x1000b770                __multiply
 .text.__pow5mult
                0x1000b91c       0xd0 C:/PROGRA~2/ARMGNU~1/133167~1.3RE/bin/../lib/gcc/arm-none-eabi/13.3.1/thumb/v6-m/nofp\libg.a(libc_a-mprec.o)
                0x1000b91c                __pow5mult
 .text.__lshift
                0x1000b9ec       0xfc C:/PROGRA~2/ARMGNU~1/133167~1.3RE/bin/../lib/gcc/arm-none-eabi/13.3.1/thumb/v6-m/nofp\libg.a(libc_a-mprec.o)
                0x1000b9ec                __lshift
 .text.__mcmp   0x1000bae8       0x3c C:/PROGRA~2/ARMGNU~1/133167~1.3RE/bin/../lib/gcc/arm-none-eabi/13.3.1/thumb/v6-m/nofp\libg.a(libc_a-mprec.o)
                0x1000bae8                __mcmp
 .text.__mdiff  0x1000bb24      0x1b4 C:/PROGRA~2/ARMGNU~1/133167~1.3RE/bin/../lib/gcc/arm-none-eabi/13.3.1/thumb/v6-m/nofp\libg.a(libc_a-mprec.o)
                0x1000bb24                __mdiff
 .text.__d2b    0x1000bcd8       0xcc C:/PROGRA~2/ARMGNU~1/133167~1.3RE/bin/../lib/gcc/arm-none-eabi/13.3.1/thumb/v6-m/nofp\libg.a(libc_a-mprec.o)
                0x1000bcd8                __d2b
 .text.__ascii_wctomb
                0x1000bda4       0x1c C:/PROGRA~2/ARMGNU~1/133167~1.3RE/bin/../lib/gcc/arm-none-eabi/13.3.1/thumb/v6-m/nofp\libg.a(libc_a-wctomb_r.o)
                0x1000bda4                __ascii_wctomb
 .text._wcrtomb_r
                0x1000bdc0       0x50 C:/PROGRA~2/ARMGNU~1/133167~1.3RE/bin/../lib/gcc/arm-none-eabi/13.3.1/thumb/v6-m/nofp\libg.a(libc_a-wcrtomb.o)
                0x1000bdc0                _wcrtomb_r
 .text._wcsrtombs_r
                0x1000be10       0x18 C:/PROGRA~2/ARMGNU~1/133167~1.3RE/bin/../lib/gcc/arm-none-eabi/13.3.1/thumb/v6-m/nofp\libg.a(libc_a-wcsrtombs.o)
                0x1000be10                _wcsrtombs_r
 .text.__ssputs_r
                0x1000be28       0xd0 C:/PROGRA~2/ARMGNU~1/133167~1.3RE/bin/../lib/gcc/arm-none-eabi/13.3.1/thumb/v6-m/nofp\libg.a(libc_a-ssputs_r.o)
                0x1000be28                __ssputs_r
 .text._wcsnrtombs_l
                0x1000bef8      0x114 C:/PROGRA~2/ARMGNU~1/133167~1.3RE/bin/../lib/gcc/arm-none-eabi/13.3.1/thumb/v6-m/nofp\libg.a(libc_a-wcsnrtombs.o)
                0x1000bef8                _wcsnrtombs_l
 .text._wcsnrtombs_r
                0x1000c00c       0x24 C:/PROGRA~2/ARMGNU~1/133167~1.3RE/bin/../lib/gcc/arm-none-eabi/13.3.1/thumb/v6-m/nofp\libg.a(libc_a-wcsnrtombs.o)
                0x1000c00c                _wcsnrtombs_r
 *(.fini)
 .fini          0x1000c030        0x4 C:/PROGRA~2/ARMGNU~1/133167~1.3RE/bin/../lib/gcc/arm-none-eabi/13.3.1/thumb/v6-m/nofp/crti.o
                0x1000c030                _fini
 *fill*         0x1000c034        0x4 
 .fini.__stub   0x1000c038       0xe0 linker stubs
 *crtbegin.o(.ctors)
 *crtbegin?.o(.ctors)
 *(EXCLUDE_FILE(*crtend.o *crtend?.o) .ctors)
 *(SORT_BY_NAME(.ctors.*))
 *(.ctors)
 *crtbegin.o(.dtors)
 *crtbegin?.o(.dtors)
 *(EXCLUDE_FILE(*crtend.o *crtend?.o) .dtors)
 *(SORT_BY_NAME(.dtors.*))
 *(.dtors)
 *(.eh_frame*)
 .eh_frame      0x1000c118        0x0 C:/PROGRA~2/ARMGNU~1/133167~1.3RE/bin/../lib/gcc/arm-none-eabi/13.3.1/thumb/v6-m/nofp/crtbegin.o
                0x1000c118                        . = ALIGN (0x4)

.glue_7         0x1000c118        0x0
 .glue_7        0x1000c118        0x0 linker stubs

.glue_7t        0x1000c118        0x0
 .glue_7t       0x1000c118        0x0 linker stubs

.vfp11_veneer   0x1000c118        0x0
 .vfp11_veneer  0x1000c118        0x0 linker stubs

.v4_bx          0x1000c118        0x0
 .v4_bx         0x1000c118        0x0 linker stubs

.iplt           0x1000c118        0x0
 .iplt          0x1000c118        0x0 C:/PROGRA~2/ARMGNU~1/133167~1.3RE/bin/../lib/gcc/arm-none-eabi/13.3.1/thumb/v6-m/nofp/crtbegin.o

.rodata         0x1000c118     0x2584
 *(EXCLUDE_FILE(*libm.a: *libc.a:*lib_a-mem*.o *libgcc.a:) .rodata*)
 .rodata.core1_main.str1.4
                0x1000c118     0x1232 CMakeFiles/run.dir/main.c.obj
                                 0x2f (size before relaxing)
 .rodata.spin_lock_claim_unused.str1.4
                0x1000d34a       0x1b CMakeFiles/run.dir/C_/Users/ktkuru/Documents/Pico_SDK_v1.5.1/pico-sdk/src/rp2_common/hardware_sync/sync.c.obj
 .rodata.resolve_branch.str1.4
                0x1000d34a       0x6d CMakeFiles/run.dir/C_/Users/ktkuru/Documents/Pico_SDK_v1.5.1/pico-sdk/src/rp2_common/hardware_irq/irq.c.obj
 .rodata.make_branch.str1.4
                0x1000d34a       0x30 CMakeFiles/run.dir/C_/Users/ktkuru/Documents/Pico_SDK_v1.5.1/pico-sdk/src/rp2_common/hardware_irq/irq.c.obj
 .rodata.insert_branch_and_link.str1.4
                0x1000d34a       0x10 CMakeFiles/run.dir/C_/Users/ktkuru/Documents/Pico_SDK_v1.5.1/pico-sdk/src/rp2_common/hardware_irq/irq.c.obj
 .rodata.irq_set_exclusive_handler.str1.4
                0x1000d34a       0x36 CMakeFiles/run.dir/C_/Users/ktkuru/Documents/Pico_SDK_v1.5.1/pico-sdk/src/rp2_common/hardware_irq/irq.c.obj
 .rodata.irq_add_shared_handler.str1.4
                0x1000d34a       0xc2 CMakeFiles/run.dir/C_/Users/ktkuru/Documents/Pico_SDK_v1.5.1/pico-sdk/src/rp2_common/hardware_irq/irq.c.obj
 .rodata.irq_remove_handler.str1.4
                0x1000d34a       0x3a CMakeFiles/run.dir/C_/Users/ktkuru/Documents/Pico_SDK_v1.5.1/pico-sdk/src/rp2_common/hardware_irq/irq.c.obj
 .rodata.irq_add_tail_to_free_list.str1.4
                0x1000d34a       0x3a CMakeFiles/run.dir/C_/Users/ktkuru/Documents/Pico_SDK_v1.5.1/pico-sdk/src/rp2_common/hardware_irq/irq.c.obj
 .rodata.user_irq_claim_unused.str1.4
                0x1000d34a       0x1b CMakeFiles/run.dir/C_/Users/ktkuru/Documents/Pico_SDK_v1.5.1/pico-sdk/src/rp2_common/hardware_irq/irq.c.obj
 *fill*         0x1000d34a        0x2 
 .rodata.__func__.0
                0x1000d34c       0x1a CMakeFiles/run.dir/C_/Users/ktkuru/Documents/Pico_SDK_v1.5.1/pico-sdk/src/rp2_common/hardware_irq/irq.c.obj
 *fill*         0x1000d366        0x2 
 .rodata.__func__.1
                0x1000d368       0x17 CMakeFiles/run.dir/C_/Users/ktkuru/Documents/Pico_SDK_v1.5.1/pico-sdk/src/rp2_common/hardware_irq/irq.c.obj
 *fill*         0x1000d37f        0x1 
 .rodata.__func__.2
                0x1000d380       0x13 CMakeFiles/run.dir/C_/Users/ktkuru/Documents/Pico_SDK_v1.5.1/pico-sdk/src/rp2_common/hardware_irq/irq.c.obj
 *fill*         0x1000d393        0x1 
 .rodata.__func__.3
                0x1000d394        0xc CMakeFiles/run.dir/C_/Users/ktkuru/Documents/Pico_SDK_v1.5.1/pico-sdk/src/rp2_common/hardware_irq/irq.c.obj
 .rodata.__func__.4
                0x1000d3a0        0xf CMakeFiles/run.dir/C_/Users/ktkuru/Documents/Pico_SDK_v1.5.1/pico-sdk/src/rp2_common/hardware_irq/irq.c.obj
 *fill*         0x1000d3af        0x1 
 .rodata.__func__.5
                0x1000d3b0       0x17 CMakeFiles/run.dir/C_/Users/ktkuru/Documents/Pico_SDK_v1.5.1/pico-sdk/src/rp2_common/hardware_irq/irq.c.obj
 *fill*         0x1000d3c7        0x1 
 .rodata.__func__.6
                0x1000d3c8       0x1a CMakeFiles/run.dir/C_/Users/ktkuru/Documents/Pico_SDK_v1.5.1/pico-sdk/src/rp2_common/hardware_irq/irq.c.obj
 .rodata.update_us_since_boot.str1.4
                0x1000d3e2       0x72 CMakeFiles/run.dir/C_/Users/ktkuru/Documents/Pico_SDK_v1.5.1/pico-sdk/src/common/pico_sync/mutex.c.obj
 .rodata.str1.4
                0x1000d3e2       0xa1 CMakeFiles/run.dir/C_/Users/ktkuru/Documents/Pico_SDK_v1.5.1/pico-sdk/src/common/pico_sync/mutex.c.obj
 *fill*         0x1000d3e2        0x2 
 .rodata.__func__.1
                0x1000d3e4        0xb CMakeFiles/run.dir/C_/Users/ktkuru/Documents/Pico_SDK_v1.5.1/pico-sdk/src/common/pico_sync/mutex.c.obj
 *fill*         0x1000d3ef        0x1 
 .rodata.__func__.3
                0x1000d3f0       0x18 CMakeFiles/run.dir/C_/Users/ktkuru/Documents/Pico_SDK_v1.5.1/pico-sdk/src/common/pico_sync/mutex.c.obj
 .rodata.__func__.4
                0x1000d408       0x15 CMakeFiles/run.dir/C_/Users/ktkuru/Documents/Pico_SDK_v1.5.1/pico-sdk/src/common/pico_sync/mutex.c.obj
 .rodata.get_entry.str1.4
                0x1000d41d       0x73 CMakeFiles/run.dir/C_/Users/ktkuru/Documents/Pico_SDK_v1.5.1/pico-sdk/src/common/pico_time/time.c.obj
 .rodata.update_us_since_boot.str1.4
                0x1000d41d       0x72 CMakeFiles/run.dir/C_/Users/ktkuru/Documents/Pico_SDK_v1.5.1/pico-sdk/src/common/pico_time/time.c.obj
 .rodata.ph_get_node.str1.4
                0x1000d41d       0x77 CMakeFiles/run.dir/C_/Users/ktkuru/Documents/Pico_SDK_v1.5.1/pico-sdk/src/common/pico_time/time.c.obj
 .rodata.ph_add_child_node.str1.4
                0x1000d41d       0x2e CMakeFiles/run.dir/C_/Users/ktkuru/Documents/Pico_SDK_v1.5.1/pico-sdk/src/common/pico_time/time.c.obj
 .rodata.ph_insert_node.str1.4
                0x1000d41d        0x3 CMakeFiles/run.dir/C_/Users/ktkuru/Documents/Pico_SDK_v1.5.1/pico-sdk/src/common/pico_time/time.c.obj
 .rodata.ph_free_node.str1.4
                0x1000d41d       0x38 CMakeFiles/run.dir/C_/Users/ktkuru/Documents/Pico_SDK_v1.5.1/pico-sdk/src/common/pico_time/time.c.obj
 .rodata.repeating_timer_callback.str1.4
                0x1000d41d       0x13 CMakeFiles/run.dir/C_/Users/ktkuru/Documents/Pico_SDK_v1.5.1/pico-sdk/src/common/pico_time/time.c.obj
 .rodata.add_alarm_under_lock.str1.4
                0x1000d41d       0x28 CMakeFiles/run.dir/C_/Users/ktkuru/Documents/Pico_SDK_v1.5.1/pico-sdk/src/common/pico_time/time.c.obj
 .rodata.alarm_pool_alarm_callback.str1.4
                0x1000d41d       0x60 CMakeFiles/run.dir/C_/Users/ktkuru/Documents/Pico_SDK_v1.5.1/pico-sdk/src/common/pico_time/time.c.obj
 .rodata.alarm_pool_get_default.str1.4
                0x1000d41d       0x21 CMakeFiles/run.dir/C_/Users/ktkuru/Documents/Pico_SDK_v1.5.1/pico-sdk/src/common/pico_time/time.c.obj
 .rodata.alarm_pool_cancel_alarm.str1.4
                0x1000d41d       0x27 CMakeFiles/run.dir/C_/Users/ktkuru/Documents/Pico_SDK_v1.5.1/pico-sdk/src/common/pico_time/time.c.obj
 *fill*         0x1000d41d        0x3 
 .rodata.__func__.0
                0x1000d420       0x19 CMakeFiles/run.dir/C_/Users/ktkuru/Documents/Pico_SDK_v1.5.1/pico-sdk/src/common/pico_time/time.c.obj
 *fill*         0x1000d439        0x3 
 .rodata.__func__.1
                0x1000d43c       0x18 CMakeFiles/run.dir/C_/Users/ktkuru/Documents/Pico_SDK_v1.5.1/pico-sdk/src/common/pico_time/time.c.obj
 .rodata.__func__.3
                0x1000d454       0x17 CMakeFiles/run.dir/C_/Users/ktkuru/Documents/Pico_SDK_v1.5.1/pico-sdk/src/common/pico_time/time.c.obj
 *fill*         0x1000d46b        0x1 
 .rodata.__func__.4
                0x1000d46c       0x12 CMakeFiles/run.dir/C_/Users/ktkuru/Documents/Pico_SDK_v1.5.1/pico-sdk/src/common/pico_time/time.c.obj
 *fill*         0x1000d47e        0x2 
 .rodata.__func__.5
                0x1000d480        0xd CMakeFiles/run.dir/C_/Users/ktkuru/Documents/Pico_SDK_v1.5.1/pico-sdk/src/common/pico_time/time.c.obj
 *fill*         0x1000d48d        0x3 
 .rodata.__func__.6
                0x1000d490       0x12 CMakeFiles/run.dir/C_/Users/ktkuru/Documents/Pico_SDK_v1.5.1/pico-sdk/src/common/pico_time/time.c.obj
 *fill*         0x1000d4a2        0x2 
 .rodata.__func__.7
                0x1000d4a4        0xf CMakeFiles/run.dir/C_/Users/ktkuru/Documents/Pico_SDK_v1.5.1/pico-sdk/src/common/pico_time/time.c.obj
 *fill*         0x1000d4b3        0x1 
 .rodata.__func__.8
                0x1000d4b4        0xc CMakeFiles/run.dir/C_/Users/ktkuru/Documents/Pico_SDK_v1.5.1/pico-sdk/src/common/pico_time/time.c.obj
 .rodata.__func__.9
                0x1000d4c0       0x15 CMakeFiles/run.dir/C_/Users/ktkuru/Documents/Pico_SDK_v1.5.1/pico-sdk/src/common/pico_time/time.c.obj
 *fill*         0x1000d4d5        0x3 
 .rodata.__func__.10
                0x1000d4d8       0x15 CMakeFiles/run.dir/C_/Users/ktkuru/Documents/Pico_SDK_v1.5.1/pico-sdk/src/common/pico_time/time.c.obj
 *fill*         0x1000d4ed        0x3 
 .rodata.__func__.11
                0x1000d4f0       0x1a CMakeFiles/run.dir/C_/Users/ktkuru/Documents/Pico_SDK_v1.5.1/pico-sdk/src/common/pico_time/time.c.obj
 *fill*         0x1000d50a        0x2 
 .rodata.__func__.12
                0x1000d50c        0xa CMakeFiles/run.dir/C_/Users/ktkuru/Documents/Pico_SDK_v1.5.1/pico-sdk/src/common/pico_time/time.c.obj
 .rodata.hardware_alarm_claim.str1.4
                0x1000d516       0x22 CMakeFiles/run.dir/C_/Users/ktkuru/Documents/Pico_SDK_v1.5.1/pico-sdk/src/rp2_common/hardware_timer/timer.c.obj
 .rodata.hardware_alarm_set_target.str1.4
                0x1000d516       0x7d CMakeFiles/run.dir/C_/Users/ktkuru/Documents/Pico_SDK_v1.5.1/pico-sdk/src/rp2_common/hardware_timer/timer.c.obj
 *fill*         0x1000d516        0x2 
 .rodata.__func__.0
                0x1000d518       0x1a CMakeFiles/run.dir/C_/Users/ktkuru/Documents/Pico_SDK_v1.5.1/pico-sdk/src/rp2_common/hardware_timer/timer.c.obj
 .rodata.ph_get_node.str1.4
                0x1000d532       0x77 CMakeFiles/run.dir/C_/Users/ktkuru/Documents/Pico_SDK_v1.5.1/pico-sdk/src/common/pico_util/pheap.c.obj
 .rodata.ph_add_child_node.str1.4
                0x1000d532       0x2e CMakeFiles/run.dir/C_/Users/ktkuru/Documents/Pico_SDK_v1.5.1/pico-sdk/src/common/pico_util/pheap.c.obj
 .rodata.ph_remove_any_head.str1.4
                0x1000d532       0xb8 CMakeFiles/run.dir/C_/Users/ktkuru/Documents/Pico_SDK_v1.5.1/pico-sdk/src/common/pico_util/pheap.c.obj
 .rodata.ph_remove_and_free_node.str1.4
                0x1000d532       0x26 CMakeFiles/run.dir/C_/Users/ktkuru/Documents/Pico_SDK_v1.5.1/pico-sdk/src/common/pico_util/pheap.c.obj
 *fill*         0x1000d532        0x2 
 .rodata.__func__.0
                0x1000d534       0x18 CMakeFiles/run.dir/C_/Users/ktkuru/Documents/Pico_SDK_v1.5.1/pico-sdk/src/common/pico_util/pheap.c.obj
 .rodata.__func__.1
                0x1000d54c       0x13 CMakeFiles/run.dir/C_/Users/ktkuru/Documents/Pico_SDK_v1.5.1/pico-sdk/src/common/pico_util/pheap.c.obj
 *fill*         0x1000d55f        0x1 
 .rodata.__func__.2
                0x1000d560       0x12 CMakeFiles/run.dir/C_/Users/ktkuru/Documents/Pico_SDK_v1.5.1/pico-sdk/src/common/pico_util/pheap.c.obj
 *fill*         0x1000d572        0x2 
 .rodata.__func__.3
                0x1000d574        0xc CMakeFiles/run.dir/C_/Users/ktkuru/Documents/Pico_SDK_v1.5.1/pico-sdk/src/common/pico_util/pheap.c.obj
 .rodata.clock_configure.str1.4
                0x1000d580       0x6f CMakeFiles/run.dir/C_/Users/ktkuru/Documents/Pico_SDK_v1.5.1/pico-sdk/src/rp2_common/hardware_clocks/clocks.c.obj
 .rodata.__func__.1
                0x1000d580       0x10 CMakeFiles/run.dir/C_/Users/ktkuru/Documents/Pico_SDK_v1.5.1/pico-sdk/src/rp2_common/hardware_clocks/clocks.c.obj
 .rodata.pll_init.str1.4
                0x1000d590      0x13c CMakeFiles/run.dir/C_/Users/ktkuru/Documents/Pico_SDK_v1.5.1/pico-sdk/src/rp2_common/hardware_pll/pll.c.obj
 .rodata.__func__.0
                0x1000d590        0x9 CMakeFiles/run.dir/C_/Users/ktkuru/Documents/Pico_SDK_v1.5.1/pico-sdk/src/rp2_common/hardware_pll/pll.c.obj
 .rodata.__assert_func.str1.4
                0x1000d599       0x43 CMakeFiles/run.dir/C_/Users/ktkuru/Documents/Pico_SDK_v1.5.1/pico-sdk/src/rp2_common/pico_runtime/runtime.c.obj
 .rodata.runtime_init.str1.4
                0x1000d599       0x79 CMakeFiles/run.dir/C_/Users/ktkuru/Documents/Pico_SDK_v1.5.1/pico-sdk/src/rp2_common/pico_runtime/runtime.c.obj
 .rodata.panic.str1.4
                0x1000d599       0x12 CMakeFiles/run.dir/C_/Users/ktkuru/Documents/Pico_SDK_v1.5.1/pico-sdk/src/rp2_common/pico_runtime/runtime.c.obj
 *fill*         0x1000d599        0x3 
 .rodata.__func__.2
                0x1000d59c        0xd CMakeFiles/run.dir/C_/Users/ktkuru/Documents/Pico_SDK_v1.5.1/pico-sdk/src/rp2_common/pico_runtime/runtime.c.obj
 .rodata._ftoa.str1.4
                0x1000d5a9       0x15 CMakeFiles/run.dir/C_/Users/ktkuru/Documents/Pico_SDK_v1.5.1/pico-sdk/src/rp2_common/pico_printf/printf.c.obj